14:06:13 **** Build of configuration Debug for project motor1 ****
make -j12 all 
arm-none-eabi-gcc "../Drivers/STM32F1xx_HAL_Driver/Src/stm32f1xx_hal.c" -mcpu=cortex-m3 -std=gnu11 -g3 -DDEBUG -DUSE_HAL_DRIVER -DSTM32F103xB -c -I../Core/Inc -I../Drivers/STM32F1xx_HAL_Driver/Inc -I../Drivers/STM32F1xx_HAL_Driver/Inc/Legacy -I../Drivers/CMSIS/Device/ST/STM32F1xx/Include -I../Drivers/CMSIS/Include -O0 -ffunction-sections -fdata-sections -Wall -fstack-usage -fcyclomatic-complexity -MMD -MP -MF"Drivers/STM32F1xx_HAL_Driver/Src/stm32f1xx_hal.d" -MT"Drivers/STM32F1xx_HAL_Driver/Src/stm32f1xx_hal.o" --specs=nano.specs -mfloat-abi=soft -mthumb -o "Drivers/STM32F1xx_HAL_Driver/Src/stm32f1xx_hal.o"
arm-none-eabi-gcc "../Drivers/STM32F1xx_HAL_Driver/Src/stm32f1xx_hal_cortex.c" -mcpu=cortex-m3 -std=gnu11 -g3 -DDEBUG -DUSE_HAL_DRIVER -DSTM32F103xB -c -I../Core/Inc -I../Drivers/STM32F1xx_HAL_Driver/Inc -I../Drivers/STM32F1xx_HAL_Driver/Inc/Legacy -I../Drivers/CMSIS/Device/ST/STM32F1xx/Include -I../Drivers/CMSIS/Include -O0 -ffunction-sections -fdata-sections -Wall -fstack-usage -fcyclomatic-complexity -MMD -MP -MF"Drivers/STM32F1xx_HAL_Driver/Src/stm32f1xx_hal_cortex.d" -MT"Drivers/STM32F1xx_HAL_Driver/Src/stm32f1xx_hal_cortex.o" --specs=nano.specs -mfloat-abi=soft -mthumb -o "Drivers/STM32F1xx_HAL_Driver/Src/stm32f1xx_hal_cortex.o"
arm-none-eabi-gcc "../Drivers/STM32F1xx_HAL_Driver/Src/stm32f1xx_hal_dma.c" -mcpu=cortex-m3 -std=gnu11 -g3 -DDEBUG -DUSE_HAL_DRIVER -DSTM32F103xB -c -I../Core/Inc -I../Drivers/STM32F1xx_HAL_Driver/Inc -I../Drivers/STM32F1xx_HAL_Driver/Inc/Legacy -I../Drivers/CMSIS/Device/ST/STM32F1xx/Include -I../Drivers/CMSIS/Include -O0 -ffunction-sections -fdata-sections -Wall -fstack-usage -fcyclomatic-complexity -MMD -MP -MF"Drivers/STM32F1xx_HAL_Driver/Src/stm32f1xx_hal_dma.d" -MT"Drivers/STM32F1xx_HAL_Driver/Src/stm32f1xx_hal_dma.o" --specs=nano.specs -mfloat-abi=soft -mthumb -o "Drivers/STM32F1xx_HAL_Driver/Src/stm32f1xx_hal_dma.o"
arm-none-eabi-gcc "../Drivers/STM32F1xx_HAL_Driver/Src/stm32f1xx_hal_exti.c" -mcpu=cortex-m3 -std=gnu11 -g3 -DDEBUG -DUSE_HAL_DRIVER -DSTM32F103xB -c -I../Core/Inc -I../Drivers/STM32F1xx_HAL_Driver/Inc -I../Drivers/STM32F1xx_HAL_Driver/Inc/Legacy -I../Drivers/CMSIS/Device/ST/STM32F1xx/Include -I../Drivers/CMSIS/Include -O0 -ffunction-sections -fdata-sections -Wall -fstack-usage -fcyclomatic-complexity -MMD -MP -MF"Drivers/STM32F1xx_HAL_Driver/Src/stm32f1xx_hal_exti.d" -MT"Drivers/STM32F1xx_HAL_Driver/Src/stm32f1xx_hal_exti.o" --specs=nano.specs -mfloat-abi=soft -mthumb -o "Drivers/STM32F1xx_HAL_Driver/Src/stm32f1xx_hal_exti.o"
arm-none-eabi-gcc "../Drivers/STM32F1xx_HAL_Driver/Src/stm32f1xx_hal_flash.c" -mcpu=cortex-m3 -std=gnu11 -g3 -DDEBUG -DUSE_HAL_DRIVER -DSTM32F103xB -c -I../Core/Inc -I../Drivers/STM32F1xx_HAL_Driver/Inc -I../Drivers/STM32F1xx_HAL_Driver/Inc/Legacy -I../Drivers/CMSIS/Device/ST/STM32F1xx/Include -I../Drivers/CMSIS/Include -O0 -ffunction-sections -fdata-sections -Wall -fstack-usage -fcyclomatic-complexity -MMD -MP -MF"Drivers/STM32F1xx_HAL_Driver/Src/stm32f1xx_hal_flash.d" -MT"Drivers/STM32F1xx_HAL_Driver/Src/stm32f1xx_hal_flash.o" --specs=nano.specs -mfloat-abi=soft -mthumb -o "Drivers/STM32F1xx_HAL_Driver/Src/stm32f1xx_hal_flash.o"
arm-none-eabi-gcc "../Drivers/STM32F1xx_HAL_Driver/Src/stm32f1xx_hal_flash_ex.c" -mcpu=cortex-m3 -std=gnu11 -g3 -DDEBUG -DUSE_HAL_DRIVER -DSTM32F103xB -c -I../Core/Inc -I../Drivers/STM32F1xx_HAL_Driver/Inc -I../Drivers/STM32F1xx_HAL_Driver/Inc/Legacy -I../Drivers/CMSIS/Device/ST/STM32F1xx/Include -I../Drivers/CMSIS/Include -O0 -ffunction-sections -fdata-sections -Wall -fstack-usage -fcyclomatic-complexity -MMD -MP -MF"Drivers/STM32F1xx_HAL_Driver/Src/stm32f1xx_hal_flash_ex.d" -MT"Drivers/STM32F1xx_HAL_Driver/Src/stm32f1xx_hal_flash_ex.o" --specs=nano.specs -mfloat-abi=soft -mthumb -o "Drivers/STM32F1xx_HAL_Driver/Src/stm32f1xx_hal_flash_ex.o"
arm-none-eabi-gcc "../Drivers/STM32F1xx_HAL_Driver/Src/stm32f1xx_hal_gpio.c" -mcpu=cortex-m3 -std=gnu11 -g3 -DDEBUG -DUSE_HAL_DRIVER -DSTM32F103xB -c -I../Core/Inc -I../Drivers/STM32F1xx_HAL_Driver/Inc -I../Drivers/STM32F1xx_HAL_Driver/Inc/Legacy -I../Drivers/CMSIS/Device/ST/STM32F1xx/Include -I../Drivers/CMSIS/Include -O0 -ffunction-sections -fdata-sections -Wall -fstack-usage -fcyclomatic-complexity -MMD -MP -MF"Drivers/STM32F1xx_HAL_Driver/Src/stm32f1xx_hal_gpio.d" -MT"Drivers/STM32F1xx_HAL_Driver/Src/stm32f1xx_hal_gpio.o" --specs=nano.specs -mfloat-abi=soft -mthumb -o "Drivers/STM32F1xx_HAL_Driver/Src/stm32f1xx_hal_gpio.o"
arm-none-eabi-gcc "../Drivers/STM32F1xx_HAL_Driver/Src/stm32f1xx_hal_gpio_ex.c" -mcpu=cortex-m3 -std=gnu11 -g3 -DDEBUG -DUSE_HAL_DRIVER -DSTM32F103xB -c -I../Core/Inc -I../Drivers/STM32F1xx_HAL_Driver/Inc -I../Drivers/STM32F1xx_HAL_Driver/Inc/Legacy -I../Drivers/CMSIS/Device/ST/STM32F1xx/Include -I../Drivers/CMSIS/Include -O0 -ffunction-sections -fdata-sections -Wall -fstack-usage -fcyclomatic-complexity -MMD -MP -MF"Drivers/STM32F1xx_HAL_Driver/Src/stm32f1xx_hal_gpio_ex.d" -MT"Drivers/STM32F1xx_HAL_Driver/Src/stm32f1xx_hal_gpio_ex.o" --specs=nano.specs -mfloat-abi=soft -mthumb -o "Drivers/STM32F1xx_HAL_Driver/Src/stm32f1xx_hal_gpio_ex.o"
arm-none-eabi-gcc "../Drivers/STM32F1xx_HAL_Driver/Src/stm32f1xx_hal_pwr.c" -mcpu=cortex-m3 -std=gnu11 -g3 -DDEBUG -DUSE_HAL_DRIVER -DSTM32F103xB -c -I../Core/Inc -I../Drivers/STM32F1xx_HAL_Driver/Inc -I../Drivers/STM32F1xx_HAL_Driver/Inc/Legacy -I../Drivers/CMSIS/Device/ST/STM32F1xx/Include -I../Drivers/CMSIS/Include -O0 -ffunction-sections -fdata-sections -Wall -fstack-usage -fcyclomatic-complexity -MMD -MP -MF"Drivers/STM32F1xx_HAL_Driver/Src/stm32f1xx_hal_pwr.d" -MT"Drivers/STM32F1xx_HAL_Driver/Src/stm32f1xx_hal_pwr.o" --specs=nano.specs -mfloat-abi=soft -mthumb -o "Drivers/STM32F1xx_HAL_Driver/Src/stm32f1xx_hal_pwr.o"
arm-none-eabi-gcc "../Drivers/STM32F1xx_HAL_Driver/Src/stm32f1xx_hal_rcc.c" -mcpu=cortex-m3 -std=gnu11 -g3 -DDEBUG -DUSE_HAL_DRIVER -DSTM32F103xB -c -I../Core/Inc -I../Drivers/STM32F1xx_HAL_Driver/Inc -I../Drivers/STM32F1xx_HAL_Driver/Inc/Legacy -I../Drivers/CMSIS/Device/ST/STM32F1xx/Include -I../Drivers/CMSIS/Include -O0 -ffunction-sections -fdata-sections -Wall -fstack-usage -fcyclomatic-complexity -MMD -MP -MF"Drivers/STM32F1xx_HAL_Driver/Src/stm32f1xx_hal_rcc.d" -MT"Drivers/STM32F1xx_HAL_Driver/Src/stm32f1xx_hal_rcc.o" --specs=nano.specs -mfloat-abi=soft -mthumb -o "Drivers/STM32F1xx_HAL_Driver/Src/stm32f1xx_hal_rcc.o"
arm-none-eabi-gcc "../Drivers/STM32F1xx_HAL_Driver/Src/stm32f1xx_hal_rcc_ex.c" -mcpu=cortex-m3 -std=gnu11 -g3 -DDEBUG -DUSE_HAL_DRIVER -DSTM32F103xB -c -I../Core/Inc -I../Drivers/STM32F1xx_HAL_Driver/Inc -I../Drivers/STM32F1xx_HAL_Driver/Inc/Legacy -I../Drivers/CMSIS/Device/ST/STM32F1xx/Include -I../Drivers/CMSIS/Include -O0 -ffunction-sections -fdata-sections -Wall -fstack-usage -fcyclomatic-complexity -MMD -MP -MF"Drivers/STM32F1xx_HAL_Driver/Src/stm32f1xx_hal_rcc_ex.d" -MT"Drivers/STM32F1xx_HAL_Driver/Src/stm32f1xx_hal_rcc_ex.o" --specs=nano.specs -mfloat-abi=soft -mthumb -o "Drivers/STM32F1xx_HAL_Driver/Src/stm32f1xx_hal_rcc_ex.o"
arm-none-eabi-gcc "../Drivers/STM32F1xx_HAL_Driver/Src/stm32f1xx_hal_tim.c" -mcpu=cortex-m3 -std=gnu11 -g3 -DDEBUG -DUSE_HAL_DRIVER -DSTM32F103xB -c -I../Core/Inc -I../Drivers/STM32F1xx_HAL_Driver/Inc -I../Drivers/STM32F1xx_HAL_Driver/Inc/Legacy -I../Drivers/CMSIS/Device/ST/STM32F1xx/Include -I../Drivers/CMSIS/Include -O0 -ffunction-sections -fdata-sections -Wall -fstack-usage -fcyclomatic-complexity -MMD -MP -MF"Drivers/STM32F1xx_HAL_Driver/Src/stm32f1xx_hal_tim.d" -MT"Drivers/STM32F1xx_HAL_Driver/Src/stm32f1xx_hal_tim.o" --specs=nano.specs -mfloat-abi=soft -mthumb -o "Drivers/STM32F1xx_HAL_Driver/Src/stm32f1xx_hal_tim.o"
arm-none-eabi-gcc "../Drivers/STM32F1xx_HAL_Driver/Src/stm32f1xx_hal_tim_ex.c" -mcpu=cortex-m3 -std=gnu11 -g3 -DDEBUG -DUSE_HAL_DRIVER -DSTM32F103xB -c -I../Core/Inc -I../Drivers/STM32F1xx_HAL_Driver/Inc -I../Drivers/STM32F1xx_HAL_Driver/Inc/Legacy -I../Drivers/CMSIS/Device/ST/STM32F1xx/Include -I../Drivers/CMSIS/Include -O0 -ffunction-sections -fdata-sections -Wall -fstack-usage -fcyclomatic-complexity -MMD -MP -MF"Drivers/STM32F1xx_HAL_Driver/Src/stm32f1xx_hal_tim_ex.d" -MT"Drivers/STM32F1xx_HAL_Driver/Src/stm32f1xx_hal_tim_ex.o" --specs=nano.specs -mfloat-abi=soft -mthumb -o "Drivers/STM32F1xx_HAL_Driver/Src/stm32f1xx_hal_tim_ex.o"
arm-none-eabi-gcc "../Drivers/STM32F1xx_HAL_Driver/Src/stm32f1xx_hal_uart.c" -mcpu=cortex-m3 -std=gnu11 -g3 -DDEBUG -DUSE_HAL_DRIVER -DSTM32F103xB -c -I../Core/Inc -I../Drivers/STM32F1xx_HAL_Driver/Inc -I../Drivers/STM32F1xx_HAL_Driver/Inc/Legacy -I../Drivers/CMSIS/Device/ST/STM32F1xx/Include -I../Drivers/CMSIS/Include -O0 -ffunction-sections -fdata-sections -Wall -fstack-usage -fcyclomatic-complexity -MMD -MP -MF"Drivers/STM32F1xx_HAL_Driver/Src/stm32f1xx_hal_uart.d" -MT"Drivers/STM32F1xx_HAL_Driver/Src/stm32f1xx_hal_uart.o" --specs=nano.specs -mfloat-abi=soft -mthumb -o "Drivers/STM32F1xx_HAL_Driver/Src/stm32f1xx_hal_uart.o"
arm-none-eabi-gcc -mcpu=cortex-m3 -g3 -DDEBUG -c -x assembler-with-cpp -MMD -MP -MF"Core/Startup/startup_stm32f103rbtx.d" -MT"Core/Startup/startup_stm32f103rbtx.o" --specs=nano.specs -mfloat-abi=soft -mthumb -o "Core/Startup/startup_stm32f103rbtx.o" "../Core/Startup/startup_stm32f103rbtx.s"
arm-none-eabi-gcc "../Core/Src/gpio.c" -mcpu=cortex-m3 -std=gnu11 -g3 -DDEBUG -DUSE_HAL_DRIVER -DSTM32F103xB -c -I../Core/Inc -I../Drivers/STM32F1xx_HAL_Driver/Inc -I../Drivers/STM32F1xx_HAL_Driver/Inc/Legacy -I../Drivers/CMSIS/Device/ST/STM32F1xx/Include -I../Drivers/CMSIS/Include -O0 -ffunction-sections -fdata-sections -Wall -fstack-usage -fcyclomatic-complexity -MMD -MP -MF"Core/Src/gpio.d" -MT"Core/Src/gpio.o" --specs=nano.specs -mfloat-abi=soft -mthumb -o "Core/Src/gpio.o"
arm-none-eabi-gcc "../Core/Src/main.c" -mcpu=cortex-m3 -std=gnu11 -g3 -DDEBUG -DUSE_HAL_DRIVER -DSTM32F103xB -c -I../Core/Inc -I../Drivers/STM32F1xx_HAL_Driver/Inc -I../Drivers/STM32F1xx_HAL_Driver/Inc/Legacy -I../Drivers/CMSIS/Device/ST/STM32F1xx/Include -I../Drivers/CMSIS/Include -O0 -ffunction-sections -fdata-sections -Wall -fstack-usage -fcyclomatic-complexity -MMD -MP -MF"Core/Src/main.d" -MT"Core/Src/main.o" --specs=nano.specs -mfloat-abi=soft -mthumb -o "Core/Src/main.o"
arm-none-eabi-gcc "../Core/Src/stm32f1xx_hal_msp.c" -mcpu=cortex-m3 -std=gnu11 -g3 -DDEBUG -DUSE_HAL_DRIVER -DSTM32F103xB -c -I../Core/Inc -I../Drivers/STM32F1xx_HAL_Driver/Inc -I../Drivers/STM32F1xx_HAL_Driver/Inc/Legacy -I../Drivers/CMSIS/Device/ST/STM32F1xx/Include -I../Drivers/CMSIS/Include -O0 -ffunction-sections -fdata-sections -Wall -fstack-usage -fcyclomatic-complexity -MMD -MP -MF"Core/Src/stm32f1xx_hal_msp.d" -MT"Core/Src/stm32f1xx_hal_msp.o" --specs=nano.specs -mfloat-abi=soft -mthumb -o "Core/Src/stm32f1xx_hal_msp.o"
arm-none-eabi-gcc "../Core/Src/stm32f1xx_it.c" -mcpu=cortex-m3 -std=gnu11 -g3 -DDEBUG -DUSE_HAL_DRIVER -DSTM32F103xB -c -I../Core/Inc -I../Drivers/STM32F1xx_HAL_Driver/Inc -I../Drivers/STM32F1xx_HAL_Driver/Inc/Legacy -I../Drivers/CMSIS/Device/ST/STM32F1xx/Include -I../Drivers/CMSIS/Include -O0 -ffunction-sections -fdata-sections -Wall -fstack-usage -fcyclomatic-complexity -MMD -MP -MF"Core/Src/stm32f1xx_it.d" -MT"Core/Src/stm32f1xx_it.o" --specs=nano.specs -mfloat-abi=soft -mthumb -o "Core/Src/stm32f1xx_it.o"
arm-none-eabi-gcc "../Core/Src/syscalls.c" -mcpu=cortex-m3 -std=gnu11 -g3 -DDEBUG -DUSE_HAL_DRIVER -DSTM32F103xB -c -I../Core/Inc -I../Drivers/STM32F1xx_HAL_Driver/Inc -I../Drivers/STM32F1xx_HAL_Driver/Inc/Legacy -I../Drivers/CMSIS/Device/ST/STM32F1xx/Include -I../Drivers/CMSIS/Include -O0 -ffunction-sections -fdata-sections -Wall -fstack-usage -fcyclomatic-complexity -MMD -MP -MF"Core/Src/syscalls.d" -MT"Core/Src/syscalls.o" --specs=nano.specs -mfloat-abi=soft -mthumb -o "Core/Src/syscalls.o"
arm-none-eabi-gcc "../Core/Src/sysmem.c" -mcpu=cortex-m3 -std=gnu11 -g3 -DDEBUG -DUSE_HAL_DRIVER -DSTM32F103xB -c -I../Core/Inc -I../Drivers/STM32F1xx_HAL_Driver/Inc -I../Drivers/STM32F1xx_HAL_Driver/Inc/Legacy -I../Drivers/CMSIS/Device/ST/STM32F1xx/Include -I../Drivers/CMSIS/Include -O0 -ffunction-sections -fdata-sections -Wall -fstack-usage -fcyclomatic-complexity -MMD -MP -MF"Core/Src/sysmem.d" -MT"Core/Src/sysmem.o" --specs=nano.specs -mfloat-abi=soft -mthumb -o "Core/Src/sysmem.o"
arm-none-eabi-gcc "../Core/Src/system_stm32f1xx.c" -mcpu=cortex-m3 -std=gnu11 -g3 -DDEBUG -DUSE_HAL_DRIVER -DSTM32F103xB -c -I../Core/Inc -I../Drivers/STM32F1xx_HAL_Driver/Inc -I../Drivers/STM32F1xx_HAL_Driver/Inc/Legacy -I../Drivers/CMSIS/Device/ST/STM32F1xx/Include -I../Drivers/CMSIS/Include -O0 -ffunction-sections -fdata-sections -Wall -fstack-usage -fcyclomatic-complexity -MMD -MP -MF"Core/Src/system_stm32f1xx.d" -MT"Core/Src/system_stm32f1xx.o" --specs=nano.specs -mfloat-abi=soft -mthumb -o "Core/Src/system_stm32f1xx.o"
arm-none-eabi-gcc "../Core/Src/tim.c" -mcpu=cortex-m3 -std=gnu11 -g3 -DDEBUG -DUSE_HAL_DRIVER -DSTM32F103xB -c -I../Core/Inc -I../Drivers/STM32F1xx_HAL_Driver/Inc -I../Drivers/STM32F1xx_HAL_Driver/Inc/Legacy -I../Drivers/CMSIS/Device/ST/STM32F1xx/Include -I../Drivers/CMSIS/Include -O0 -ffunction-sections -fdata-sections -Wall -fstack-usage -fcyclomatic-complexity -MMD -MP -MF"Core/Src/tim.d" -MT"Core/Src/tim.o" --specs=nano.specs -mfloat-abi=soft -mthumb -o "Core/Src/tim.o"
arm-none-eabi-gcc "../Core/Src/usart.c" -mcpu=cortex-m3 -std=gnu11 -g3 -DDEBUG -DUSE_HAL_DRIVER -DSTM32F103xB -c -I../Core/Inc -I../Drivers/STM32F1xx_HAL_Driver/Inc -I../Drivers/STM32F1xx_HAL_Driver/Inc/Legacy -I../Drivers/CMSIS/Device/ST/STM32F1xx/Include -I../Drivers/CMSIS/Include -O0 -ffunction-sections -fdata-sections -Wall -fstack-usage -fcyclomatic-complexity -MMD -MP -MF"Core/Src/usart.d" -MT"Core/Src/usart.o" --specs=nano.specs -mfloat-abi=soft -mthumb -o "Core/Src/usart.o"
../Core/Src/main.c: In function 'HAL_UART_RxCpltCallback':
../Core/Src/main.c:66:39: warning: implicit declaration of function 'strtok' [-Wimplicit-function-declaration]
   66 |                         char *token = strtok((char*)rxBuffer, ",");
      |                                       ^~~~~~
../Core/Src/main.c:66:39: warning: initialization of 'char *' from 'int' makes pointer from integer without a cast [-Wint-conversion]
../Core/Src/main.c:68:42: warning: implicit declaration of function 'atoi' [-Wimplicit-function-declaration]
   68 |                                 value1 = atoi(token);
      |                                          ^~~~
../Core/Src/main.c:69:31: warning: assignment to 'char *' from 'int' makes pointer from integer without a cast [-Wint-conversion]
   69 |                         token = strtok(NULL, ",");
      |                               ^
../Core/Src/main.c: In function 'main':
../Core/Src/main.c:117:22: error: 'htim2' undeclared (first use in this function); did you mean 'htim3'?
  117 |   HAL_TIM_PWM_Start(&htim2, TIM_CHANNEL_1);
      |                      ^~~~~
      |                      htim3
../Core/Src/main.c:117:22: note: each undeclared identifier is reported only once for each function it appears in
make: *** [Core/Src/subdir.mk:43: Core/Src/main.o] Error 1
make: *** Waiting for unfinished jobs....
"make -j12 all" terminated with exit code 2. Build might be incomplete.
14:07:34 **** Incremental Build of configuration Debug for project motor1 ****
make -j12 all 
arm-none-eabi-gcc "../Core/Src/main.c" -mcpu=cortex-m3 -std=gnu11 -g3 -DDEBUG -DUSE_HAL_DRIVER -DSTM32F103xB -c -I../Core/Inc -I../Drivers/STM32F1xx_HAL_Driver/Inc -I../Drivers/STM32F1xx_HAL_Driver/Inc/Legacy -I../Drivers/CMSIS/Device/ST/STM32F1xx/Include -I../Drivers/CMSIS/Include -O0 -ffunction-sections -fdata-sections -Wall -fstack-usage -fcyclomatic-complexity -MMD -MP -MF"Core/Src/main.d" -MT"Core/Src/main.o" --specs=nano.specs -mfloat-abi=soft -mthumb -o "Core/Src/main.o"
../Core/Src/main.c: In function 'HAL_UART_RxCpltCallback':
../Core/Src/main.c:66:39: warning: implicit declaration of function 'strtok' [-Wimplicit-function-declaration]
   66 |                         char *token = strtok((char*)rxBuffer, ",");
      |                                       ^~~~~~
../Core/Src/main.c:66:39: warning: initialization of 'char *' from 'int' makes pointer from integer without a cast [-Wint-conversion]
../Core/Src/main.c:68:42: warning: implicit declaration of function 'atoi' [-Wimplicit-function-declaration]
   68 |                                 value1 = atoi(token);
      |                                          ^~~~
../Core/Src/main.c:69:31: warning: assignment to 'char *' from 'int' makes pointer from integer without a cast [-Wint-conversion]
   69 |                         token = strtok(NULL, ",");
      |                               ^
In file included from ../Core/Inc/stm32f1xx_hal_conf.h:334,
                 from ../Drivers/STM32F1xx_HAL_Driver/Inc/stm32f1xx_hal.h:29,
                 from ../Core/Inc/main.h:30,
                 from ../Core/Src/main.c:20:
../Core/Src/main.c: In function 'main':
../Core/Src/main.c:122:26: error: 'htim2' undeclared (first use in this function); did you mean 'htim3'?
  122 |   __HAL_TIM_SET_COMPARE(&htim2,TIM_CHANNEL_1, 100);
      |                          ^~~~~
../Drivers/STM32F1xx_HAL_Driver/Inc/stm32f1xx_hal_tim.h:1395:41: note: in definition of macro '__HAL_TIM_SET_COMPARE'
 1395 |   (((__CHANNEL__) == TIM_CHANNEL_1) ? ((__HANDLE__)->Instance->CCR1 = (__COMPARE__)) :\
      |                                         ^~~~~~~~~~
../Core/Src/main.c:122:26: note: each undeclared identifier is reported only once for each function it appears in
  122 |   __HAL_TIM_SET_COMPARE(&htim2,TIM_CHANNEL_1, 100);
      |                          ^~~~~
../Drivers/STM32F1xx_HAL_Driver/Inc/stm32f1xx_hal_tim.h:1395:41: note: in definition of macro '__HAL_TIM_SET_COMPARE'
 1395 |   (((__CHANNEL__) == TIM_CHANNEL_1) ? ((__HANDLE__)->Instance->CCR1 = (__COMPARE__)) :\
      |                                         ^~~~~~~~~~
make: *** [Core/Src/subdir.mk:43: Core/Src/main.o] Error 1
"make -j12 all" terminated with exit code 2. Build might be incomplete.
14:08:00 **** Incremental Build of configuration Debug for project motor1 ****
make -j12 all 
arm-none-eabi-gcc "../Core/Src/main.c" -mcpu=cortex-m3 -std=gnu11 -g3 -DDEBUG -DUSE_HAL_DRIVER -DSTM32F103xB -c -I../Core/Inc -I../Drivers/STM32F1xx_HAL_Driver/Inc -I../Drivers/STM32F1xx_HAL_Driver/Inc/Legacy -I../Drivers/CMSIS/Device/ST/STM32F1xx/Include -I../Drivers/CMSIS/Include -O0 -ffunction-sections -fdata-sections -Wall -fstack-usage -fcyclomatic-complexity -MMD -MP -MF"Core/Src/main.d" -MT"Core/Src/main.o" --specs=nano.specs -mfloat-abi=soft -mthumb -o "Core/Src/main.o"
../Core/Src/main.c: In function 'HAL_UART_RxCpltCallback':
../Core/Src/main.c:66:39: warning: implicit declaration of function 'strtok' [-Wimplicit-function-declaration]
   66 |                         char *token = strtok((char*)rxBuffer, ",");
      |                                       ^~~~~~
../Core/Src/main.c:66:39: warning: initialization of 'char *' from 'int' makes pointer from integer without a cast [-Wint-conversion]
../Core/Src/main.c:68:42: warning: implicit declaration of function 'atoi' [-Wimplicit-function-declaration]
   68 |                                 value1 = atoi(token);
      |                                          ^~~~
../Core/Src/main.c:69:31: warning: assignment to 'char *' from 'int' makes pointer from integer without a cast [-Wint-conversion]
   69 |                         token = strtok(NULL, ",");
      |                               ^
arm-none-eabi-gcc -o "motor1.elf" @"objects.list"   -mcpu=cortex-m3 -T"D:\STM32\motor1\motor1\STM32F103RBTX_FLASH.ld" --specs=nosys.specs -Wl,-Map="motor1.map" -Wl,--gc-sections -static --specs=nano.specs -mfloat-abi=soft -mthumb -Wl,--start-group -lc -lm -Wl,--end-group
Finished building target: motor1.elf
 
arm-none-eabi-size  motor1.elf 
arm-none-eabi-objdump -h -S motor1.elf  > "motor1.list"
   text	   data	    bss	    dec	    hex	filename
  17612	    104	   2160	  19876	   4da4	motor1.elf
Finished building: default.size.stdout
 
Finished building: motor1.list
 
14:08:11 **** Incremental Build of configuration Debug for project motor1 ****
make -j12 all 
arm-none-eabi-size  motor1.elf 
   text	   data	    bss	    dec	    hex	filename
  17612	    104	   2160	  19876	   4da4	motor1.elf
Finished building: default.size.stdout
 
14:19:31 **** Incremental Build of configuration Debug for project motor1 ****
make -j12 all 
arm-none-eabi-size  motor1.elf 
   text	   data	    bss	    dec	    hex	filename
  17612	    104	   2160	  19876	   4da4	motor1.elf
Finished building: default.size.stdout
 
14:20:10 **** Incremental Build of configuration Debug for project motor1 ****
make -j12 all 
arm-none-eabi-size  motor1.elf 
   text	   data	    bss	    dec	    hex	filename
  17612	    104	   2160	  19876	   4da4	motor1.elf
Finished building: default.size.stdout
 
14:23:18 **** Incremental Build of configuration Debug for project motor1 ****
make -j12 all 
arm-none-eabi-gcc "../Core/Src/main.c" -mcpu=cortex-m3 -std=gnu11 -g3 -DDEBUG -DUSE_HAL_DRIVER -DSTM32F103xB -c -I../Core/Inc -I../Drivers/STM32F1xx_HAL_Driver/Inc -I../Drivers/STM32F1xx_HAL_Driver/Inc/Legacy -I../Drivers/CMSIS/Device/ST/STM32F1xx/Include -I../Drivers/CMSIS/Include -O0 -ffunction-sections -fdata-sections -Wall -fstack-usage -fcyclomatic-complexity -MMD -MP -MF"Core/Src/main.d" -MT"Core/Src/main.o" --specs=nano.specs -mfloat-abi=soft -mthumb -o "Core/Src/main.o"
../Core/Src/main.c: In function 'HAL_UART_RxCpltCallback':
../Core/Src/main.c:67:39: warning: implicit declaration of function 'strtok' [-Wimplicit-function-declaration]
   67 |                         char *token = strtok((char*)rxBuffer, ",");
      |                                       ^~~~~~
../Core/Src/main.c:67:39: warning: initialization of 'char *' from 'int' makes pointer from integer without a cast [-Wint-conversion]
../Core/Src/main.c:69:42: warning: implicit declaration of function 'atoi' [-Wimplicit-function-declaration]
   69 |                                 value1 = atoi(token);
      |                                          ^~~~
../Core/Src/main.c:70:31: warning: assignment to 'char *' from 'int' makes pointer from integer without a cast [-Wint-conversion]
   70 |                         token = strtok(NULL, ",");
      |                               ^
arm-none-eabi-gcc -o "motor1.elf" @"objects.list"   -mcpu=cortex-m3 -T"D:\STM32\motor1\motor1\STM32F103RBTX_FLASH.ld" --specs=nosys.specs -Wl,-Map="motor1.map" -Wl,--gc-sections -static --specs=nano.specs -mfloat-abi=soft -mthumb -Wl,--start-group -lc -lm -Wl,--end-group
Finished building target: motor1.elf
 
arm-none-eabi-size  motor1.elf 
arm-none-eabi-objdump -h -S motor1.elf  > "motor1.list"
   text	   data	    bss	    dec	    hex	filename
  17612	    104	   2160	  19876	   4da4	motor1.elf
Finished building: default.size.stdout
 
Finished building: motor1.list
 
14:26:05 **** Incremental Build of configuration Debug for project motor1 ****
make -j12 all 
arm-none-eabi-gcc "../Core/Src/main.c" -mcpu=cortex-m3 -std=gnu11 -g3 -DDEBUG -DUSE_HAL_DRIVER -DSTM32F103xB -c -I../Core/Inc -I../Drivers/STM32F1xx_HAL_Driver/Inc -I../Drivers/STM32F1xx_HAL_Driver/Inc/Legacy -I../Drivers/CMSIS/Device/ST/STM32F1xx/Include -I../Drivers/CMSIS/Include -O0 -ffunction-sections -fdata-sections -Wall -fstack-usage -fcyclomatic-complexity -MMD -MP -MF"Core/Src/main.d" -MT"Core/Src/main.o" --specs=nano.specs -mfloat-abi=soft -mthumb -o "Core/Src/main.o"
../Core/Src/main.c: In function 'HAL_UART_RxCpltCallback':
../Core/Src/main.c:67:39: warning: implicit declaration of function 'strtok' [-Wimplicit-function-declaration]
   67 |                         char *token = strtok((char*)rxBuffer, ",");
      |                                       ^~~~~~
../Core/Src/main.c:67:39: warning: initialization of 'char *' from 'int' makes pointer from integer without a cast [-Wint-conversion]
../Core/Src/main.c:69:42: warning: implicit declaration of function 'atoi' [-Wimplicit-function-declaration]
   69 |                                 value1 = atoi(token);
      |                                          ^~~~
../Core/Src/main.c:70:31: warning: assignment to 'char *' from 'int' makes pointer from integer without a cast [-Wint-conversion]
   70 |                         token = strtok(NULL, ",");
      |                               ^
arm-none-eabi-gcc -o "motor1.elf" @"objects.list"   -mcpu=cortex-m3 -T"D:\STM32\motor1\motor1\STM32F103RBTX_FLASH.ld" --specs=nosys.specs -Wl,-Map="motor1.map" -Wl,--gc-sections -static --specs=nano.specs -mfloat-abi=soft -mthumb -Wl,--start-group -lc -lm -Wl,--end-group
Finished building target: motor1.elf
 
arm-none-eabi-size  motor1.elf 
arm-none-eabi-objdump -h -S motor1.elf  > "motor1.list"
   text	   data	    bss	    dec	    hex	filename
  17612	    104	   2160	  19876	   4da4	motor1.elf
Finished building: default.size.stdout
 
Finished building: motor1.list
 
14:32:48 **** Incremental Build of configuration Debug for project motor1 ****
make -j12 all 
arm-none-eabi-gcc "../Core/Src/main.c" -mcpu=cortex-m3 -std=gnu11 -g3 -DDEBUG -DUSE_HAL_DRIVER -DSTM32F103xB -c -I../Core/Inc -I../Drivers/STM32F1xx_HAL_Driver/Inc -I../Drivers/STM32F1xx_HAL_Driver/Inc/Legacy -I../Drivers/CMSIS/Device/ST/STM32F1xx/Include -I../Drivers/CMSIS/Include -O0 -ffunction-sections -fdata-sections -Wall -fstack-usage -fcyclomatic-complexity -MMD -MP -MF"Core/Src/main.d" -MT"Core/Src/main.o" --specs=nano.specs -mfloat-abi=soft -mthumb -o "Core/Src/main.o"
arm-none-eabi-gcc "../Core/Src/stm32f1xx_it.c" -mcpu=cortex-m3 -std=gnu11 -g3 -DDEBUG -DUSE_HAL_DRIVER -DSTM32F103xB -c -I../Core/Inc -I../Drivers/STM32F1xx_HAL_Driver/Inc -I../Drivers/STM32F1xx_HAL_Driver/Inc/Legacy -I../Drivers/CMSIS/Device/ST/STM32F1xx/Include -I../Drivers/CMSIS/Include -O0 -ffunction-sections -fdata-sections -Wall -fstack-usage -fcyclomatic-complexity -MMD -MP -MF"Core/Src/stm32f1xx_it.d" -MT"Core/Src/stm32f1xx_it.o" --specs=nano.specs -mfloat-abi=soft -mthumb -o "Core/Src/stm32f1xx_it.o"
arm-none-eabi-gcc "../Core/Src/usart.c" -mcpu=cortex-m3 -std=gnu11 -g3 -DDEBUG -DUSE_HAL_DRIVER -DSTM32F103xB -c -I../Core/Inc -I../Drivers/STM32F1xx_HAL_Driver/Inc -I../Drivers/STM32F1xx_HAL_Driver/Inc/Legacy -I../Drivers/CMSIS/Device/ST/STM32F1xx/Include -I../Drivers/CMSIS/Include -O0 -ffunction-sections -fdata-sections -Wall -fstack-usage -fcyclomatic-complexity -MMD -MP -MF"Core/Src/usart.d" -MT"Core/Src/usart.o" --specs=nano.specs -mfloat-abi=soft -mthumb -o "Core/Src/usart.o"
../Core/Src/main.c: In function 'HAL_UART_RxCpltCallback':
../Core/Src/main.c:67:39: warning: implicit declaration of function 'strtok' [-Wimplicit-function-declaration]
   67 |                         char *token = strtok((char*)rxBuffer, ",");
      |                                       ^~~~~~
../Core/Src/main.c:67:39: warning: initialization of 'char *' from 'int' makes pointer from integer without a cast [-Wint-conversion]
../Core/Src/main.c:69:42: warning: implicit declaration of function 'atoi' [-Wimplicit-function-declaration]
   69 |                                 value1 = atoi(token);
      |                                          ^~~~
../Core/Src/main.c:70:31: warning: assignment to 'char *' from 'int' makes pointer from integer without a cast [-Wint-conversion]
   70 |                         token = strtok(NULL, ",");
      |                               ^
arm-none-eabi-gcc -o "motor1.elf" @"objects.list"   -mcpu=cortex-m3 -T"D:\STM32\motor1\motor1\STM32F103RBTX_FLASH.ld" --specs=nosys.specs -Wl,-Map="motor1.map" -Wl,--gc-sections -static --specs=nano.specs -mfloat-abi=soft -mthumb -Wl,--start-group -lc -lm -Wl,--end-group
Finished building target: motor1.elf
 
arm-none-eabi-size  motor1.elf 
arm-none-eabi-objdump -h -S motor1.elf  > "motor1.list"
   text	   data	    bss	    dec	    hex	filename
  17648	    104	   2160	  19912	   4dc8	motor1.elf
Finished building: default.size.stdout
 
Finished building: motor1.list
 
13:49:39 **** Build of configuration Debug for project motor1 ****
make -j12 all 
arm-none-eabi-gcc "../Core/Src/main.c" -mcpu=cortex-m3 -std=gnu11 -g3 -DDEBUG -DUSE_HAL_DRIVER -DSTM32F103xB -c -I../Core/Inc -I../Drivers/STM32F1xx_HAL_Driver/Inc -I../Drivers/STM32F1xx_HAL_Driver/Inc/Legacy -I../Drivers/CMSIS/Device/ST/STM32F1xx/Include -I../Drivers/CMSIS/Include -O0 -ffunction-sections -fdata-sections -Wall -fstack-usage -fcyclomatic-complexity -MMD -MP -MF"Core/Src/main.d" -MT"Core/Src/main.o" --specs=nano.specs -mfloat-abi=soft -mthumb -o "Core/Src/main.o"
../Core/Src/main.c: In function 'HAL_UART_RxCpltCallback':
../Core/Src/main.c:74:17: warning: implicit declaration of function 'sscanf' [-Wimplicit-function-declaration]
   74 |                 sscanf(re_data, "%d,%d.", &x_data, &y_data);
      |                 ^~~~~~
../Core/Src/main.c:24:1: note: include '<stdio.h>' or provide a declaration of 'sscanf'
   23 | #include "gpio.h"
  +++ |+#include <stdio.h>
   24 | 
../Core/Src/main.c:74:17: warning: incompatible implicit declaration of built-in function 'sscanf' [-Wbuiltin-declaration-mismatch]
   74 |                 sscanf(re_data, "%d,%d.", &x_data, &y_data);
      |                 ^~~~~~
../Core/Src/main.c:74:17: note: include '<stdio.h>' or provide a declaration of 'sscanf'
../Core/Src/main.c:103:46: warning: passing argument 2 of 'HAL_UART_Receive_IT' from incompatible pointer type [-Wincompatible-pointer-types]
  103 |                 HAL_UART_Receive_IT(&huart1, &uart_buf, 8);
      |                                              ^~~~~~~~~
      |                                              |
      |                                              char (*)[8]
In file included from ../Core/Inc/stm32f1xx_hal_conf.h:338,
                 from ../Drivers/STM32F1xx_HAL_Driver/Inc/stm32f1xx_hal.h:29,
                 from ../Core/Inc/main.h:30,
                 from ../Core/Src/main.c:20:
../Drivers/STM32F1xx_HAL_Driver/Inc/stm32f1xx_hal_uart.h:752:75: note: expected 'uint8_t *' {aka 'unsigned char *'} but argument is of type 'char (*)[8]'
  752 | HAL_StatusTypeDef HAL_UART_Receive_IT(UART_HandleTypeDef *huart, uint8_t *pData, uint16_t Size);
      |                                                                  ~~~~~~~~~^~~~~
../Core/Src/main.c: In function 'main':
../Core/Src/main.c:144:32: warning: passing argument 2 of 'HAL_UART_Receive_IT' from incompatible pointer type [-Wincompatible-pointer-types]
  144 |   HAL_UART_Receive_IT(&huart1, &uart_buf, 8);
      |                                ^~~~~~~~~
      |                                |
      |                                char (*)[8]
../Drivers/STM32F1xx_HAL_Driver/Inc/stm32f1xx_hal_uart.h:752:75: note: expected 'uint8_t *' {aka 'unsigned char *'} but argument is of type 'char (*)[8]'
  752 | HAL_StatusTypeDef HAL_UART_Receive_IT(UART_HandleTypeDef *huart, uint8_t *pData, uint16_t Size);
      |                                                                  ~~~~~~~~~^~~~~
arm-none-eabi-gcc -o "motor1.elf" @"objects.list"   -mcpu=cortex-m3 -T"D:\STM32\motor1\motor1\STM32F103RBTX_FLASH.ld" --specs=nosys.specs -Wl,-Map="motor1.map" -Wl,--gc-sections -static --specs=nano.specs -mfloat-abi=soft -mthumb -Wl,--start-group -lc -lm -Wl,--end-group
Finished building target: motor1.elf
 
arm-none-eabi-size  motor1.elf 
arm-none-eabi-objdump -h -S motor1.elf  > "motor1.list"
   text	   data	    bss	    dec	    hex	filename
  16236	     92	   2140	  18468	   4824	motor1.elf
Finished building: default.size.stdout
 
Finished building: motor1.list
 
13:59:44 **** Incremental Build of configuration Debug for project motor1 ****
make -j12 all 
arm-none-eabi-gcc "../Core/Src/main.c" -mcpu=cortex-m3 -std=gnu11 -g3 -DDEBUG -DUSE_HAL_DRIVER -DSTM32F103xB -c -I../Core/Inc -I../Drivers/STM32F1xx_HAL_Driver/Inc -I../Drivers/STM32F1xx_HAL_Driver/Inc/Legacy -I../Drivers/CMSIS/Device/ST/STM32F1xx/Include -I../Drivers/CMSIS/Include -O0 -ffunction-sections -fdata-sections -Wall -fstack-usage -fcyclomatic-complexity -MMD -MP -MF"Core/Src/main.d" -MT"Core/Src/main.o" --specs=nano.specs -mfloat-abi=soft -mthumb -o "Core/Src/main.o"
../Core/Src/main.c: In function 'HAL_UART_RxCpltCallback':
../Core/Src/main.c:75:17: warning: implicit declaration of function 'sscanf' [-Wimplicit-function-declaration]
   75 |                 sscanf(re_data, "%d,%d.", &x_data, &y_data);
      |                 ^~~~~~
../Core/Src/main.c:24:1: note: include '<stdio.h>' or provide a declaration of 'sscanf'
   23 | #include "gpio.h"
  +++ |+#include <stdio.h>
   24 | 
../Core/Src/main.c:75:17: warning: incompatible implicit declaration of built-in function 'sscanf' [-Wbuiltin-declaration-mismatch]
   75 |                 sscanf(re_data, "%d,%d.", &x_data, &y_data);
      |                 ^~~~~~
../Core/Src/main.c:75:17: note: include '<stdio.h>' or provide a declaration of 'sscanf'
../Core/Src/main.c:107:46: warning: passing argument 2 of 'HAL_UART_Receive_IT' from incompatible pointer type [-Wincompatible-pointer-types]
  107 |                 HAL_UART_Receive_IT(&huart1, &uart_buf, 8);
      |                                              ^~~~~~~~~
      |                                              |
      |                                              char (*)[8]
In file included from ../Core/Inc/stm32f1xx_hal_conf.h:338,
                 from ../Drivers/STM32F1xx_HAL_Driver/Inc/stm32f1xx_hal.h:29,
                 from ../Core/Inc/main.h:30,
                 from ../Core/Src/main.c:20:
../Drivers/STM32F1xx_HAL_Driver/Inc/stm32f1xx_hal_uart.h:752:75: note: expected 'uint8_t *' {aka 'unsigned char *'} but argument is of type 'char (*)[8]'
  752 | HAL_StatusTypeDef HAL_UART_Receive_IT(UART_HandleTypeDef *huart, uint8_t *pData, uint16_t Size);
      |                                                                  ~~~~~~~~~^~~~~
../Core/Src/main.c: In function 'main':
../Core/Src/main.c:148:32: warning: passing argument 2 of 'HAL_UART_Receive_IT' from incompatible pointer type [-Wincompatible-pointer-types]
  148 |   HAL_UART_Receive_IT(&huart1, &uart_buf, 8);
      |                                ^~~~~~~~~
      |                                |
      |                                char (*)[8]
../Drivers/STM32F1xx_HAL_Driver/Inc/stm32f1xx_hal_uart.h:752:75: note: expected 'uint8_t *' {aka 'unsigned char *'} but argument is of type 'char (*)[8]'
  752 | HAL_StatusTypeDef HAL_UART_Receive_IT(UART_HandleTypeDef *huart, uint8_t *pData, uint16_t Size);
      |                                                                  ~~~~~~~~~^~~~~
arm-none-eabi-gcc -o "motor1.elf" @"objects.list"   -mcpu=cortex-m3 -T"D:\STM32\motor1\motor1\STM32F103RBTX_FLASH.ld" --specs=nosys.specs -Wl,-Map="motor1.map" -Wl,--gc-sections -static --specs=nano.specs -mfloat-abi=soft -mthumb -Wl,--start-group -lc -lm -Wl,--end-group
Finished building target: motor1.elf
 
arm-none-eabi-size  motor1.elf 
arm-none-eabi-objdump -h -S motor1.elf  > "motor1.list"
   text	   data	    bss	    dec	    hex	filename
  16328	     92	   2148	  18568	   4888	motor1.elf
Finished building: default.size.stdout
 
Finished building: motor1.list
 
14:01:00 **** Incremental Build of configuration Debug for project motor1 ****
make -j12 all 
arm-none-eabi-gcc "../Core/Src/main.c" -mcpu=cortex-m3 -std=gnu11 -g3 -DDEBUG -DUSE_HAL_DRIVER -DSTM32F103xB -c -I../Core/Inc -I../Drivers/STM32F1xx_HAL_Driver/Inc -I../Drivers/STM32F1xx_HAL_Driver/Inc/Legacy -I../Drivers/CMSIS/Device/ST/STM32F1xx/Include -I../Drivers/CMSIS/Include -O0 -ffunction-sections -fdata-sections -Wall -fstack-usage -fcyclomatic-complexity -MMD -MP -MF"Core/Src/main.d" -MT"Core/Src/main.o" --specs=nano.specs -mfloat-abi=soft -mthumb -o "Core/Src/main.o"
../Core/Src/main.c: In function 'HAL_UART_RxCpltCallback':
../Core/Src/main.c:75:17: warning: implicit declaration of function 'sscanf' [-Wimplicit-function-declaration]
   75 |                 sscanf(re_data, "%d,%d.", &x_data, &y_data);
      |                 ^~~~~~
../Core/Src/main.c:24:1: note: include '<stdio.h>' or provide a declaration of 'sscanf'
   23 | #include "gpio.h"
  +++ |+#include <stdio.h>
   24 | 
../Core/Src/main.c:75:17: warning: incompatible implicit declaration of built-in function 'sscanf' [-Wbuiltin-declaration-mismatch]
   75 |                 sscanf(re_data, "%d,%d.", &x_data, &y_data);
      |                 ^~~~~~
../Core/Src/main.c:75:17: note: include '<stdio.h>' or provide a declaration of 'sscanf'
../Core/Src/main.c:107:46: warning: passing argument 2 of 'HAL_UART_Receive_IT' from incompatible pointer type [-Wincompatible-pointer-types]
  107 |                 HAL_UART_Receive_IT(&huart1, &uart_buf, 8);
      |                                              ^~~~~~~~~
      |                                              |
      |                                              char (*)[8]
In file included from ../Core/Inc/stm32f1xx_hal_conf.h:338,
                 from ../Drivers/STM32F1xx_HAL_Driver/Inc/stm32f1xx_hal.h:29,
                 from ../Core/Inc/main.h:30,
                 from ../Core/Src/main.c:20:
../Drivers/STM32F1xx_HAL_Driver/Inc/stm32f1xx_hal_uart.h:752:75: note: expected 'uint8_t *' {aka 'unsigned char *'} but argument is of type 'char (*)[8]'
  752 | HAL_StatusTypeDef HAL_UART_Receive_IT(UART_HandleTypeDef *huart, uint8_t *pData, uint16_t Size);
      |                                                                  ~~~~~~~~~^~~~~
../Core/Src/main.c: In function 'main':
../Core/Src/main.c:148:32: warning: passing argument 2 of 'HAL_UART_Receive_IT' from incompatible pointer type [-Wincompatible-pointer-types]
  148 |   HAL_UART_Receive_IT(&huart1, &uart_buf, 8);
      |                                ^~~~~~~~~
      |                                |
      |                                char (*)[8]
../Drivers/STM32F1xx_HAL_Driver/Inc/stm32f1xx_hal_uart.h:752:75: note: expected 'uint8_t *' {aka 'unsigned char *'} but argument is of type 'char (*)[8]'
  752 | HAL_StatusTypeDef HAL_UART_Receive_IT(UART_HandleTypeDef *huart, uint8_t *pData, uint16_t Size);
      |                                                                  ~~~~~~~~~^~~~~
arm-none-eabi-gcc -o "motor1.elf" @"objects.list"   -mcpu=cortex-m3 -T"D:\STM32\motor1\motor1\STM32F103RBTX_FLASH.ld" --specs=nosys.specs -Wl,-Map="motor1.map" -Wl,--gc-sections -static --specs=nano.specs -mfloat-abi=soft -mthumb -Wl,--start-group -lc -lm -Wl,--end-group
Finished building target: motor1.elf
 
arm-none-eabi-size  motor1.elf 
arm-none-eabi-objdump -h -S motor1.elf  > "motor1.list"
   text	   data	    bss	    dec	    hex	filename
  16916	     92	   2148	  19156	   4ad4	motor1.elf
Finished building: default.size.stdout
 
Finished building: motor1.list
 
14:05:48 **** Incremental Build of configuration Debug for project motor1 ****
make -j12 all 
arm-none-eabi-gcc "../Core/Src/main.c" -mcpu=cortex-m3 -std=gnu11 -g3 -DDEBUG -DUSE_HAL_DRIVER -DSTM32F103xB -c -I../Core/Inc -I../Drivers/STM32F1xx_HAL_Driver/Inc -I../Drivers/STM32F1xx_HAL_Driver/Inc/Legacy -I../Drivers/CMSIS/Device/ST/STM32F1xx/Include -I../Drivers/CMSIS/Include -O0 -ffunction-sections -fdata-sections -Wall -fstack-usage -fcyclomatic-complexity -MMD -MP -MF"Core/Src/main.d" -MT"Core/Src/main.o" --specs=nano.specs -mfloat-abi=soft -mthumb -o "Core/Src/main.o"
../Core/Src/main.c: In function 'HAL_UART_RxCpltCallback':
../Core/Src/main.c:75:17: warning: implicit declaration of function 'sscanf' [-Wimplicit-function-declaration]
   75 |                 sscanf(re_data, "%d,%d.", &x_data, &y_data);
      |                 ^~~~~~
../Core/Src/main.c:24:1: note: include '<stdio.h>' or provide a declaration of 'sscanf'
   23 | #include "gpio.h"
  +++ |+#include <stdio.h>
   24 | 
../Core/Src/main.c:75:17: warning: incompatible implicit declaration of built-in function 'sscanf' [-Wbuiltin-declaration-mismatch]
   75 |                 sscanf(re_data, "%d,%d.", &x_data, &y_data);
      |                 ^~~~~~
../Core/Src/main.c:75:17: note: include '<stdio.h>' or provide a declaration of 'sscanf'
../Core/Src/main.c:107:46: warning: passing argument 2 of 'HAL_UART_Receive_IT' from incompatible pointer type [-Wincompatible-pointer-types]
  107 |                 HAL_UART_Receive_IT(&huart1, &uart_buf, 8);
      |                                              ^~~~~~~~~
      |                                              |
      |                                              char (*)[8]
In file included from ../Core/Inc/stm32f1xx_hal_conf.h:338,
                 from ../Drivers/STM32F1xx_HAL_Driver/Inc/stm32f1xx_hal.h:29,
                 from ../Core/Inc/main.h:30,
                 from ../Core/Src/main.c:20:
../Drivers/STM32F1xx_HAL_Driver/Inc/stm32f1xx_hal_uart.h:752:75: note: expected 'uint8_t *' {aka 'unsigned char *'} but argument is of type 'char (*)[8]'
  752 | HAL_StatusTypeDef HAL_UART_Receive_IT(UART_HandleTypeDef *huart, uint8_t *pData, uint16_t Size);
      |                                                                  ~~~~~~~~~^~~~~
../Core/Src/main.c: In function 'main':
../Core/Src/main.c:148:32: warning: passing argument 2 of 'HAL_UART_Receive_IT' from incompatible pointer type [-Wincompatible-pointer-types]
  148 |   HAL_UART_Receive_IT(&huart1, &uart_buf, 8);
      |                                ^~~~~~~~~
      |                                |
      |                                char (*)[8]
../Drivers/STM32F1xx_HAL_Driver/Inc/stm32f1xx_hal_uart.h:752:75: note: expected 'uint8_t *' {aka 'unsigned char *'} but argument is of type 'char (*)[8]'
  752 | HAL_StatusTypeDef HAL_UART_Receive_IT(UART_HandleTypeDef *huart, uint8_t *pData, uint16_t Size);
      |                                                                  ~~~~~~~~~^~~~~
arm-none-eabi-gcc -o "motor1.elf" @"objects.list"   -mcpu=cortex-m3 -T"D:\STM32\motor1\motor1\STM32F103RBTX_FLASH.ld" --specs=nosys.specs -Wl,-Map="motor1.map" -Wl,--gc-sections -static --specs=nano.specs -mfloat-abi=soft -mthumb -Wl,--start-group -lc -lm -Wl,--end-group
Finished building target: motor1.elf
 
arm-none-eabi-size  motor1.elf 
arm-none-eabi-objdump -h -S motor1.elf  > "motor1.list"
   text	   data	    bss	    dec	    hex	filename
  17636	     92	   2148	  19876	   4da4	motor1.elf
Finished building: default.size.stdout
 
Finished building: motor1.list
 
14:09:08 **** Incremental Build of configuration Debug for project motor1 ****
make -j12 all 
arm-none-eabi-gcc "../Core/Src/main.c" -mcpu=cortex-m3 -std=gnu11 -g3 -DDEBUG -DUSE_HAL_DRIVER -DSTM32F103xB -c -I../Core/Inc -I../Drivers/STM32F1xx_HAL_Driver/Inc -I../Drivers/STM32F1xx_HAL_Driver/Inc/Legacy -I../Drivers/CMSIS/Device/ST/STM32F1xx/Include -I../Drivers/CMSIS/Include -O0 -ffunction-sections -fdata-sections -Wall -fstack-usage -fcyclomatic-complexity -MMD -MP -MF"Core/Src/main.d" -MT"Core/Src/main.o" --specs=nano.specs -mfloat-abi=soft -mthumb -o "Core/Src/main.o"
../Core/Src/main.c: In function 'HAL_UART_RxCpltCallback':
../Core/Src/main.c:76:17: warning: implicit declaration of function 'sscanf' [-Wimplicit-function-declaration]
   76 |                 sscanf(re_data, "%d,%d.", &x_data, &y_data);
      |                 ^~~~~~
../Core/Src/main.c:24:1: note: include '<stdio.h>' or provide a declaration of 'sscanf'
   23 | #include "gpio.h"
  +++ |+#include <stdio.h>
   24 | 
../Core/Src/main.c:76:17: warning: incompatible implicit declaration of built-in function 'sscanf' [-Wbuiltin-declaration-mismatch]
   76 |                 sscanf(re_data, "%d,%d.", &x_data, &y_data);
      |                 ^~~~~~
../Core/Src/main.c:76:17: note: include '<stdio.h>' or provide a declaration of 'sscanf'
../Core/Src/main.c:109:46: warning: passing argument 2 of 'HAL_UART_Receive_IT' from incompatible pointer type [-Wincompatible-pointer-types]
  109 |                 HAL_UART_Receive_IT(&huart1, &uart_buf, 8);
      |                                              ^~~~~~~~~
      |                                              |
      |                                              char (*)[8]
In file included from ../Core/Inc/stm32f1xx_hal_conf.h:338,
                 from ../Drivers/STM32F1xx_HAL_Driver/Inc/stm32f1xx_hal.h:29,
                 from ../Core/Inc/main.h:30,
                 from ../Core/Src/main.c:20:
../Drivers/STM32F1xx_HAL_Driver/Inc/stm32f1xx_hal_uart.h:752:75: note: expected 'uint8_t *' {aka 'unsigned char *'} but argument is of type 'char (*)[8]'
  752 | HAL_StatusTypeDef HAL_UART_Receive_IT(UART_HandleTypeDef *huart, uint8_t *pData, uint16_t Size);
      |                                                                  ~~~~~~~~~^~~~~
../Core/Src/main.c: In function 'main':
../Core/Src/main.c:150:32: warning: passing argument 2 of 'HAL_UART_Receive_IT' from incompatible pointer type [-Wincompatible-pointer-types]
  150 |   HAL_UART_Receive_IT(&huart1, &uart_buf, 8);
      |                                ^~~~~~~~~
      |                                |
      |                                char (*)[8]
../Drivers/STM32F1xx_HAL_Driver/Inc/stm32f1xx_hal_uart.h:752:75: note: expected 'uint8_t *' {aka 'unsigned char *'} but argument is of type 'char (*)[8]'
  752 | HAL_StatusTypeDef HAL_UART_Receive_IT(UART_HandleTypeDef *huart, uint8_t *pData, uint16_t Size);
      |                                                                  ~~~~~~~~~^~~~~
arm-none-eabi-gcc -o "motor1.elf" @"objects.list"   -mcpu=cortex-m3 -T"D:\STM32\motor1\motor1\STM32F103RBTX_FLASH.ld" --specs=nosys.specs -Wl,-Map="motor1.map" -Wl,--gc-sections -static --specs=nano.specs -mfloat-abi=soft -mthumb -Wl,--start-group -lc -lm -Wl,--end-group
Finished building target: motor1.elf
 
arm-none-eabi-size  motor1.elf 
arm-none-eabi-objdump -h -S motor1.elf  > "motor1.list"
   text	   data	    bss	    dec	    hex	filename
  17720	     92	   2156	  19968	   4e00	motor1.elf
Finished building: default.size.stdout
 
Finished building: motor1.list
 
14:11:35 **** Incremental Build of configuration Debug for project motor1 ****
make -j12 all 
arm-none-eabi-gcc "../Core/Src/main.c" -mcpu=cortex-m3 -std=gnu11 -g3 -DDEBUG -DUSE_HAL_DRIVER -DSTM32F103xB -c -I../Core/Inc -I../Drivers/STM32F1xx_HAL_Driver/Inc -I../Drivers/STM32F1xx_HAL_Driver/Inc/Legacy -I../Drivers/CMSIS/Device/ST/STM32F1xx/Include -I../Drivers/CMSIS/Include -O0 -ffunction-sections -fdata-sections -Wall -fstack-usage -fcyclomatic-complexity -MMD -MP -MF"Core/Src/main.d" -MT"Core/Src/main.o" --specs=nano.specs -mfloat-abi=soft -mthumb -o "Core/Src/main.o"
../Core/Src/main.c: In function 'HAL_UART_RxCpltCallback':
../Core/Src/main.c:76:17: warning: implicit declaration of function 'sscanf' [-Wimplicit-function-declaration]
   76 |                 sscanf(re_data, "%d,%d.", &x_data, &y_data);
      |                 ^~~~~~
../Core/Src/main.c:24:1: note: include '<stdio.h>' or provide a declaration of 'sscanf'
   23 | #include "gpio.h"
  +++ |+#include <stdio.h>
   24 | 
../Core/Src/main.c:76:17: warning: incompatible implicit declaration of built-in function 'sscanf' [-Wbuiltin-declaration-mismatch]
   76 |                 sscanf(re_data, "%d,%d.", &x_data, &y_data);
      |                 ^~~~~~
../Core/Src/main.c:76:17: note: include '<stdio.h>' or provide a declaration of 'sscanf'
In file included from ../Core/Inc/stm32f1xx_hal_conf.h:334,
                 from ../Drivers/STM32F1xx_HAL_Driver/Inc/stm32f1xx_hal.h:29,
                 from ../Core/Inc/main.h:30,
                 from ../Core/Src/main.c:20:
../Core/Src/main.c:86:87: error: expected ')' before 'x_data'
   86 |                         __HAL_TIM_SET_COMPARE(&htim3,TIM_CHANNEL_1, (uint32_t(((float)x_data - 49) / 51) * 100));
      |                                                                                       ^~~~~~
../Drivers/STM32F1xx_HAL_Driver/Inc/stm32f1xx_hal_tim.h:1395:72: note: in definition of macro '__HAL_TIM_SET_COMPARE'
 1395 |   (((__CHANNEL__) == TIM_CHANNEL_1) ? ((__HANDLE__)->Instance->CCR1 = (__COMPARE__)) :\
      |                                                                        ^~~~~~~~~~~
../Core/Src/main.c:86:100: error: expected ')' before '/' token
   86 |                         __HAL_TIM_SET_COMPARE(&htim3,TIM_CHANNEL_1, (uint32_t(((float)x_data - 49) / 51) * 100));
      |                                                                                                    ^
../Drivers/STM32F1xx_HAL_Driver/Inc/stm32f1xx_hal_tim.h:1395:72: note: in definition of macro '__HAL_TIM_SET_COMPARE'
 1395 |   (((__CHANNEL__) == TIM_CHANNEL_1) ? ((__HANDLE__)->Instance->CCR1 = (__COMPARE__)) :\
      |                                                                        ^~~~~~~~~~~
../Core/Src/main.c:86:106: error: expected ')' before '*' token
   86 |                         __HAL_TIM_SET_COMPARE(&htim3,TIM_CHANNEL_1, (uint32_t(((float)x_data - 49) / 51) * 100));
      |                                                                     ~                                    ^
../Drivers/STM32F1xx_HAL_Driver/Inc/stm32f1xx_hal_tim.h:1395:72: note: in definition of macro '__HAL_TIM_SET_COMPARE'
 1395 |   (((__CHANNEL__) == TIM_CHANNEL_1) ? ((__HANDLE__)->Instance->CCR1 = (__COMPARE__)) :\
      |                                                                        ^~~~~~~~~~~
../Core/Src/main.c:86:87: error: expected ')' before 'x_data'
   86 |                         __HAL_TIM_SET_COMPARE(&htim3,TIM_CHANNEL_1, (uint32_t(((float)x_data - 49) / 51) * 100));
      |                                                                                       ^~~~~~
../Drivers/STM32F1xx_HAL_Driver/Inc/stm32f1xx_hal_tim.h:1396:72: note: in definition of macro '__HAL_TIM_SET_COMPARE'
 1396 |    ((__CHANNEL__) == TIM_CHANNEL_2) ? ((__HANDLE__)->Instance->CCR2 = (__COMPARE__)) :\
      |                                                                        ^~~~~~~~~~~
../Core/Src/main.c:86:100: error: expected ')' before '/' token
   86 |                         __HAL_TIM_SET_COMPARE(&htim3,TIM_CHANNEL_1, (uint32_t(((float)x_data - 49) / 51) * 100));
      |                                                                                                    ^
../Drivers/STM32F1xx_HAL_Driver/Inc/stm32f1xx_hal_tim.h:1396:72: note: in definition of macro '__HAL_TIM_SET_COMPARE'
 1396 |    ((__CHANNEL__) == TIM_CHANNEL_2) ? ((__HANDLE__)->Instance->CCR2 = (__COMPARE__)) :\
      |                                                                        ^~~~~~~~~~~
../Core/Src/main.c:86:106: error: expected ')' before '*' token
   86 |                         __HAL_TIM_SET_COMPARE(&htim3,TIM_CHANNEL_1, (uint32_t(((float)x_data - 49) / 51) * 100));
      |                                                                     ~                                    ^
../Drivers/STM32F1xx_HAL_Driver/Inc/stm32f1xx_hal_tim.h:1396:72: note: in definition of macro '__HAL_TIM_SET_COMPARE'
 1396 |    ((__CHANNEL__) == TIM_CHANNEL_2) ? ((__HANDLE__)->Instance->CCR2 = (__COMPARE__)) :\
      |                                                                        ^~~~~~~~~~~
../Core/Src/main.c:86:87: error: expected ')' before 'x_data'
   86 |                         __HAL_TIM_SET_COMPARE(&htim3,TIM_CHANNEL_1, (uint32_t(((float)x_data - 49) / 51) * 100));
      |                                                                                       ^~~~~~
../Drivers/STM32F1xx_HAL_Driver/Inc/stm32f1xx_hal_tim.h:1397:72: note: in definition of macro '__HAL_TIM_SET_COMPARE'
 1397 |    ((__CHANNEL__) == TIM_CHANNEL_3) ? ((__HANDLE__)->Instance->CCR3 = (__COMPARE__)) :\
      |                                                                        ^~~~~~~~~~~
../Core/Src/main.c:86:100: error: expected ')' before '/' token
   86 |                         __HAL_TIM_SET_COMPARE(&htim3,TIM_CHANNEL_1, (uint32_t(((float)x_data - 49) / 51) * 100));
      |                                                                                                    ^
../Drivers/STM32F1xx_HAL_Driver/Inc/stm32f1xx_hal_tim.h:1397:72: note: in definition of macro '__HAL_TIM_SET_COMPARE'
 1397 |    ((__CHANNEL__) == TIM_CHANNEL_3) ? ((__HANDLE__)->Instance->CCR3 = (__COMPARE__)) :\
      |                                                                        ^~~~~~~~~~~
../Core/Src/main.c:86:106: error: expected ')' before '*' token
   86 |                         __HAL_TIM_SET_COMPARE(&htim3,TIM_CHANNEL_1, (uint32_t(((float)x_data - 49) / 51) * 100));
      |                                                                     ~                                    ^
../Drivers/STM32F1xx_HAL_Driver/Inc/stm32f1xx_hal_tim.h:1397:72: note: in definition of macro '__HAL_TIM_SET_COMPARE'
 1397 |    ((__CHANNEL__) == TIM_CHANNEL_3) ? ((__HANDLE__)->Instance->CCR3 = (__COMPARE__)) :\
      |                                                                        ^~~~~~~~~~~
../Core/Src/main.c:86:87: error: expected ')' before 'x_data'
   86 |                         __HAL_TIM_SET_COMPARE(&htim3,TIM_CHANNEL_1, (uint32_t(((float)x_data - 49) / 51) * 100));
      |                                                                                       ^~~~~~
../Drivers/STM32F1xx_HAL_Driver/Inc/stm32f1xx_hal_tim.h:1398:37: note: in definition of macro '__HAL_TIM_SET_COMPARE'
 1398 |    ((__HANDLE__)->Instance->CCR4 = (__COMPARE__)))
      |                                     ^~~~~~~~~~~
../Core/Src/main.c:86:100: error: expected ')' before '/' token
   86 |                         __HAL_TIM_SET_COMPARE(&htim3,TIM_CHANNEL_1, (uint32_t(((float)x_data - 49) / 51) * 100));
      |                                                                                                    ^
../Drivers/STM32F1xx_HAL_Driver/Inc/stm32f1xx_hal_tim.h:1398:37: note: in definition of macro '__HAL_TIM_SET_COMPARE'
 1398 |    ((__HANDLE__)->Instance->CCR4 = (__COMPARE__)))
      |                                     ^~~~~~~~~~~
../Core/Src/main.c:86:106: error: expected ')' before '*' token
   86 |                         __HAL_TIM_SET_COMPARE(&htim3,TIM_CHANNEL_1, (uint32_t(((float)x_data - 49) / 51) * 100));
      |                                                                     ~                                    ^
../Drivers/STM32F1xx_HAL_Driver/Inc/stm32f1xx_hal_tim.h:1398:37: note: in definition of macro '__HAL_TIM_SET_COMPARE'
 1398 |    ((__HANDLE__)->Instance->CCR4 = (__COMPARE__)))
      |                                     ^~~~~~~~~~~
../Core/Src/main.c:87:88: error: expected ')' before 'x_data'
   87 |                         __HAL_TIM_SET_COMPARE(&htim3,TIM_CHANNEL_2, (uint32_t((((float)x_data - 49) / 51)) * 100 * ((100 - (float)y_data) / 100)));
      |                                                                                        ^~~~~~
../Drivers/STM32F1xx_HAL_Driver/Inc/stm32f1xx_hal_tim.h:1395:72: note: in definition of macro '__HAL_TIM_SET_COMPARE'
 1395 |   (((__CHANNEL__) == TIM_CHANNEL_1) ? ((__HANDLE__)->Instance->CCR1 = (__COMPARE__)) :\
      |                                                                        ^~~~~~~~~~~
../Core/Src/main.c:87:101: error: expected ')' before '/' token
   87 |                         __HAL_TIM_SET_COMPARE(&htim3,TIM_CHANNEL_2, (uint32_t((((float)x_data - 49) / 51)) * 100 * ((100 - (float)y_data) / 100)));
      |                                                                                                     ^
../Drivers/STM32F1xx_HAL_Driver/Inc/stm32f1xx_hal_tim.h:1395:72: note: in definition of macro '__HAL_TIM_SET_COMPARE'
 1395 |   (((__CHANNEL__) == TIM_CHANNEL_1) ? ((__HANDLE__)->Instance->CCR1 = (__COMPARE__)) :\
      |                                                                        ^~~~~~~~~~~
../Core/Src/main.c:87:108: error: expected ')' before '*' token
   87 |                         __HAL_TIM_SET_COMPARE(&htim3,TIM_CHANNEL_2, (uint32_t((((float)x_data - 49) / 51)) * 100 * ((100 - (float)y_data) / 100)));
      |                                                                     ~                                      ^
../Drivers/STM32F1xx_HAL_Driver/Inc/stm32f1xx_hal_tim.h:1395:72: note: in definition of macro '__HAL_TIM_SET_COMPARE'
 1395 |   (((__CHANNEL__) == TIM_CHANNEL_1) ? ((__HANDLE__)->Instance->CCR1 = (__COMPARE__)) :\
      |                                                                        ^~~~~~~~~~~
../Core/Src/main.c:87:88: error: expected ')' before 'x_data'
   87 |                         __HAL_TIM_SET_COMPARE(&htim3,TIM_CHANNEL_2, (uint32_t((((float)x_data - 49) / 51)) * 100 * ((100 - (float)y_data) / 100)));
      |                                                                                        ^~~~~~
../Drivers/STM32F1xx_HAL_Driver/Inc/stm32f1xx_hal_tim.h:1396:72: note: in definition of macro '__HAL_TIM_SET_COMPARE'
 1396 |    ((__CHANNEL__) == TIM_CHANNEL_2) ? ((__HANDLE__)->Instance->CCR2 = (__COMPARE__)) :\
      |                                                                        ^~~~~~~~~~~
../Core/Src/main.c:87:101: error: expected ')' before '/' token
   87 |                         __HAL_TIM_SET_COMPARE(&htim3,TIM_CHANNEL_2, (uint32_t((((float)x_data - 49) / 51)) * 100 * ((100 - (float)y_data) / 100)));
      |                                                                                                     ^
../Drivers/STM32F1xx_HAL_Driver/Inc/stm32f1xx_hal_tim.h:1396:72: note: in definition of macro '__HAL_TIM_SET_COMPARE'
 1396 |    ((__CHANNEL__) == TIM_CHANNEL_2) ? ((__HANDLE__)->Instance->CCR2 = (__COMPARE__)) :\
      |                                                                        ^~~~~~~~~~~
../Core/Src/main.c:87:108: error: expected ')' before '*' token
   87 |                         __HAL_TIM_SET_COMPARE(&htim3,TIM_CHANNEL_2, (uint32_t((((float)x_data - 49) / 51)) * 100 * ((100 - (float)y_data) / 100)));
      |                                                                     ~                                      ^
../Drivers/STM32F1xx_HAL_Driver/Inc/stm32f1xx_hal_tim.h:1396:72: note: in definition of macro '__HAL_TIM_SET_COMPARE'
 1396 |    ((__CHANNEL__) == TIM_CHANNEL_2) ? ((__HANDLE__)->Instance->CCR2 = (__COMPARE__)) :\
      |                                                                        ^~~~~~~~~~~
../Core/Src/main.c:87:88: error: expected ')' before 'x_data'
   87 |                         __HAL_TIM_SET_COMPARE(&htim3,TIM_CHANNEL_2, (uint32_t((((float)x_data - 49) / 51)) * 100 * ((100 - (float)y_data) / 100)));
      |                                                                                        ^~~~~~
../Drivers/STM32F1xx_HAL_Driver/Inc/stm32f1xx_hal_tim.h:1397:72: note: in definition of macro '__HAL_TIM_SET_COMPARE'
 1397 |    ((__CHANNEL__) == TIM_CHANNEL_3) ? ((__HANDLE__)->Instance->CCR3 = (__COMPARE__)) :\
      |                                                                        ^~~~~~~~~~~
../Core/Src/main.c:87:101: error: expected ')' before '/' token
   87 |                         __HAL_TIM_SET_COMPARE(&htim3,TIM_CHANNEL_2, (uint32_t((((float)x_data - 49) / 51)) * 100 * ((100 - (float)y_data) / 100)));
      |                                                                                                     ^
../Drivers/STM32F1xx_HAL_Driver/Inc/stm32f1xx_hal_tim.h:1397:72: note: in definition of macro '__HAL_TIM_SET_COMPARE'
 1397 |    ((__CHANNEL__) == TIM_CHANNEL_3) ? ((__HANDLE__)->Instance->CCR3 = (__COMPARE__)) :\
      |                                                                        ^~~~~~~~~~~
../Core/Src/main.c:87:108: error: expected ')' before '*' token
   87 |                         __HAL_TIM_SET_COMPARE(&htim3,TIM_CHANNEL_2, (uint32_t((((float)x_data - 49) / 51)) * 100 * ((100 - (float)y_data) / 100)));
      |                                                                     ~                                      ^
../Drivers/STM32F1xx_HAL_Driver/Inc/stm32f1xx_hal_tim.h:1397:72: note: in definition of macro '__HAL_TIM_SET_COMPARE'
 1397 |    ((__CHANNEL__) == TIM_CHANNEL_3) ? ((__HANDLE__)->Instance->CCR3 = (__COMPARE__)) :\
      |                                                                        ^~~~~~~~~~~
../Core/Src/main.c:87:88: error: expected ')' before 'x_data'
   87 |                         __HAL_TIM_SET_COMPARE(&htim3,TIM_CHANNEL_2, (uint32_t((((float)x_data - 49) / 51)) * 100 * ((100 - (float)y_data) / 100)));
      |                                                                                        ^~~~~~
../Drivers/STM32F1xx_HAL_Driver/Inc/stm32f1xx_hal_tim.h:1398:37: note: in definition of macro '__HAL_TIM_SET_COMPARE'
 1398 |    ((__HANDLE__)->Instance->CCR4 = (__COMPARE__)))
      |                                     ^~~~~~~~~~~
../Core/Src/main.c:87:101: error: expected ')' before '/' token
   87 |                         __HAL_TIM_SET_COMPARE(&htim3,TIM_CHANNEL_2, (uint32_t((((float)x_data - 49) / 51)) * 100 * ((100 - (float)y_data) / 100)));
      |                                                                                                     ^
../Drivers/STM32F1xx_HAL_Driver/Inc/stm32f1xx_hal_tim.h:1398:37: note: in definition of macro '__HAL_TIM_SET_COMPARE'
 1398 |    ((__HANDLE__)->Instance->CCR4 = (__COMPARE__)))
      |                                     ^~~~~~~~~~~
../Core/Src/main.c:87:108: error: expected ')' before '*' token
   87 |                         __HAL_TIM_SET_COMPARE(&htim3,TIM_CHANNEL_2, (uint32_t((((float)x_data - 49) / 51)) * 100 * ((100 - (float)y_data) / 100)));
      |                                                                     ~                                      ^
../Drivers/STM32F1xx_HAL_Driver/Inc/stm32f1xx_hal_tim.h:1398:37: note: in definition of macro '__HAL_TIM_SET_COMPARE'
 1398 |    ((__HANDLE__)->Instance->CCR4 = (__COMPARE__)))
      |                                     ^~~~~~~~~~~
../Core/Src/main.c:92:88: error: expected ')' before 'x_data'
   92 |                         __HAL_TIM_SET_COMPARE(&htim3,TIM_CHANNEL_1, (uint32_t((((float)x_data - 49) / 51)) * 100 * ((float)y_data / 100)));
      |                                                                                        ^~~~~~
../Drivers/STM32F1xx_HAL_Driver/Inc/stm32f1xx_hal_tim.h:1395:72: note: in definition of macro '__HAL_TIM_SET_COMPARE'
 1395 |   (((__CHANNEL__) == TIM_CHANNEL_1) ? ((__HANDLE__)->Instance->CCR1 = (__COMPARE__)) :\
      |                                                                        ^~~~~~~~~~~
../Core/Src/main.c:92:101: error: expected ')' before '/' token
   92 |                         __HAL_TIM_SET_COMPARE(&htim3,TIM_CHANNEL_1, (uint32_t((((float)x_data - 49) / 51)) * 100 * ((float)y_data / 100)));
      |                                                                                                     ^
../Drivers/STM32F1xx_HAL_Driver/Inc/stm32f1xx_hal_tim.h:1395:72: note: in definition of macro '__HAL_TIM_SET_COMPARE'
 1395 |   (((__CHANNEL__) == TIM_CHANNEL_1) ? ((__HANDLE__)->Instance->CCR1 = (__COMPARE__)) :\
      |                                                                        ^~~~~~~~~~~
../Core/Src/main.c:92:108: error: expected ')' before '*' token
   92 |                         __HAL_TIM_SET_COMPARE(&htim3,TIM_CHANNEL_1, (uint32_t((((float)x_data - 49) / 51)) * 100 * ((float)y_data / 100)));
      |                                                                     ~                                      ^
../Drivers/STM32F1xx_HAL_Driver/Inc/stm32f1xx_hal_tim.h:1395:72: note: in definition of macro '__HAL_TIM_SET_COMPARE'
 1395 |   (((__CHANNEL__) == TIM_CHANNEL_1) ? ((__HANDLE__)->Instance->CCR1 = (__COMPARE__)) :\
      |                                                                        ^~~~~~~~~~~
../Core/Src/main.c:92:88: error: expected ')' before 'x_data'
   92 |                         __HAL_TIM_SET_COMPARE(&htim3,TIM_CHANNEL_1, (uint32_t((((float)x_data - 49) / 51)) * 100 * ((float)y_data / 100)));
      |                                                                                        ^~~~~~
../Drivers/STM32F1xx_HAL_Driver/Inc/stm32f1xx_hal_tim.h:1396:72: note: in definition of macro '__HAL_TIM_SET_COMPARE'
 1396 |    ((__CHANNEL__) == TIM_CHANNEL_2) ? ((__HANDLE__)->Instance->CCR2 = (__COMPARE__)) :\
      |                                                                        ^~~~~~~~~~~
../Core/Src/main.c:92:101: error: expected ')' before '/' token
   92 |                         __HAL_TIM_SET_COMPARE(&htim3,TIM_CHANNEL_1, (uint32_t((((float)x_data - 49) / 51)) * 100 * ((float)y_data / 100)));
      |                                                                                                     ^
../Drivers/STM32F1xx_HAL_Driver/Inc/stm32f1xx_hal_tim.h:1396:72: note: in definition of macro '__HAL_TIM_SET_COMPARE'
 1396 |    ((__CHANNEL__) == TIM_CHANNEL_2) ? ((__HANDLE__)->Instance->CCR2 = (__COMPARE__)) :\
      |                                                                        ^~~~~~~~~~~
../Core/Src/main.c:92:108: error: expected ')' before '*' token
   92 |                         __HAL_TIM_SET_COMPARE(&htim3,TIM_CHANNEL_1, (uint32_t((((float)x_data - 49) / 51)) * 100 * ((float)y_data / 100)));
      |                                                                     ~                                      ^
../Drivers/STM32F1xx_HAL_Driver/Inc/stm32f1xx_hal_tim.h:1396:72: note: in definition of macro '__HAL_TIM_SET_COMPARE'
 1396 |    ((__CHANNEL__) == TIM_CHANNEL_2) ? ((__HANDLE__)->Instance->CCR2 = (__COMPARE__)) :\
      |                                                                        ^~~~~~~~~~~
../Core/Src/main.c:92:88: error: expected ')' before 'x_data'
   92 |                         __HAL_TIM_SET_COMPARE(&htim3,TIM_CHANNEL_1, (uint32_t((((float)x_data - 49) / 51)) * 100 * ((float)y_data / 100)));
      |                                                                                        ^~~~~~
../Drivers/STM32F1xx_HAL_Driver/Inc/stm32f1xx_hal_tim.h:1397:72: note: in definition of macro '__HAL_TIM_SET_COMPARE'
 1397 |    ((__CHANNEL__) == TIM_CHANNEL_3) ? ((__HANDLE__)->Instance->CCR3 = (__COMPARE__)) :\
      |                                                                        ^~~~~~~~~~~
../Core/Src/main.c:92:101: error: expected ')' before '/' token
   92 |                         __HAL_TIM_SET_COMPARE(&htim3,TIM_CHANNEL_1, (uint32_t((((float)x_data - 49) / 51)) * 100 * ((float)y_data / 100)));
      |                                                                                                     ^
../Drivers/STM32F1xx_HAL_Driver/Inc/stm32f1xx_hal_tim.h:1397:72: note: in definition of macro '__HAL_TIM_SET_COMPARE'
 1397 |    ((__CHANNEL__) == TIM_CHANNEL_3) ? ((__HANDLE__)->Instance->CCR3 = (__COMPARE__)) :\
      |                                                                        ^~~~~~~~~~~
../Core/Src/main.c:92:108: error: expected ')' before '*' token
   92 |                         __HAL_TIM_SET_COMPARE(&htim3,TIM_CHANNEL_1, (uint32_t((((float)x_data - 49) / 51)) * 100 * ((float)y_data / 100)));
      |                                                                     ~                                      ^
../Drivers/STM32F1xx_HAL_Driver/Inc/stm32f1xx_hal_tim.h:1397:72: note: in definition of macro '__HAL_TIM_SET_COMPARE'
 1397 |    ((__CHANNEL__) == TIM_CHANNEL_3) ? ((__HANDLE__)->Instance->CCR3 = (__COMPARE__)) :\
      |                                                                        ^~~~~~~~~~~
../Core/Src/main.c:92:88: error: expected ')' before 'x_data'
   92 |                         __HAL_TIM_SET_COMPARE(&htim3,TIM_CHANNEL_1, (uint32_t((((float)x_data - 49) / 51)) * 100 * ((float)y_data / 100)));
      |                                                                                        ^~~~~~
../Drivers/STM32F1xx_HAL_Driver/Inc/stm32f1xx_hal_tim.h:1398:37: note: in definition of macro '__HAL_TIM_SET_COMPARE'
 1398 |    ((__HANDLE__)->Instance->CCR4 = (__COMPARE__)))
      |                                     ^~~~~~~~~~~
../Core/Src/main.c:92:101: error: expected ')' before '/' token
   92 |                         __HAL_TIM_SET_COMPARE(&htim3,TIM_CHANNEL_1, (uint32_t((((float)x_data - 49) / 51)) * 100 * ((float)y_data / 100)));
      |                                                                                                     ^
../Drivers/STM32F1xx_HAL_Driver/Inc/stm32f1xx_hal_tim.h:1398:37: note: in definition of macro '__HAL_TIM_SET_COMPARE'
 1398 |    ((__HANDLE__)->Instance->CCR4 = (__COMPARE__)))
      |                                     ^~~~~~~~~~~
../Core/Src/main.c:92:108: error: expected ')' before '*' token
   92 |                         __HAL_TIM_SET_COMPARE(&htim3,TIM_CHANNEL_1, (uint32_t((((float)x_data - 49) / 51)) * 100 * ((float)y_data / 100)));
      |                                                                     ~                                      ^
../Drivers/STM32F1xx_HAL_Driver/Inc/stm32f1xx_hal_tim.h:1398:37: note: in definition of macro '__HAL_TIM_SET_COMPARE'
 1398 |    ((__HANDLE__)->Instance->CCR4 = (__COMPARE__)))
      |                                     ^~~~~~~~~~~
../Core/Src/main.c:98:86: error: expected ')' before 'x_data'
   98 |                         __HAL_TIM_SET_COMPARE(&htim3,TIM_CHANNEL_1, (uint32_t((float)x_data / 48) * 100));
      |                                                                                      ^~~~~~
../Drivers/STM32F1xx_HAL_Driver/Inc/stm32f1xx_hal_tim.h:1395:72: note: in definition of macro '__HAL_TIM_SET_COMPARE'
 1395 |   (((__CHANNEL__) == TIM_CHANNEL_1) ? ((__HANDLE__)->Instance->CCR1 = (__COMPARE__)) :\
      |                                                                        ^~~~~~~~~~~
../Core/Src/main.c:98:99: error: expected ')' before '*' token
   98 |                         __HAL_TIM_SET_COMPARE(&htim3,TIM_CHANNEL_1, (uint32_t((float)x_data / 48) * 100));
      |                                                                     ~                             ^
../Drivers/STM32F1xx_HAL_Driver/Inc/stm32f1xx_hal_tim.h:1395:72: note: in definition of macro '__HAL_TIM_SET_COMPARE'
 1395 |   (((__CHANNEL__) == TIM_CHANNEL_1) ? ((__HANDLE__)->Instance->CCR1 = (__COMPARE__)) :\
      |                                                                        ^~~~~~~~~~~
../Core/Src/main.c:98:86: error: expected ')' before 'x_data'
   98 |                         __HAL_TIM_SET_COMPARE(&htim3,TIM_CHANNEL_1, (uint32_t((float)x_data / 48) * 100));
      |                                                                                      ^~~~~~
../Drivers/STM32F1xx_HAL_Driver/Inc/stm32f1xx_hal_tim.h:1396:72: note: in definition of macro '__HAL_TIM_SET_COMPARE'
 1396 |    ((__CHANNEL__) == TIM_CHANNEL_2) ? ((__HANDLE__)->Instance->CCR2 = (__COMPARE__)) :\
      |                                                                        ^~~~~~~~~~~
../Core/Src/main.c:98:99: error: expected ')' before '*' token
   98 |                         __HAL_TIM_SET_COMPARE(&htim3,TIM_CHANNEL_1, (uint32_t((float)x_data / 48) * 100));
      |                                                                     ~                             ^
../Drivers/STM32F1xx_HAL_Driver/Inc/stm32f1xx_hal_tim.h:1396:72: note: in definition of macro '__HAL_TIM_SET_COMPARE'
 1396 |    ((__CHANNEL__) == TIM_CHANNEL_2) ? ((__HANDLE__)->Instance->CCR2 = (__COMPARE__)) :\
      |                                                                        ^~~~~~~~~~~
../Core/Src/main.c:98:86: error: expected ')' before 'x_data'
   98 |                         __HAL_TIM_SET_COMPARE(&htim3,TIM_CHANNEL_1, (uint32_t((float)x_data / 48) * 100));
      |                                                                                      ^~~~~~
../Drivers/STM32F1xx_HAL_Driver/Inc/stm32f1xx_hal_tim.h:1397:72: note: in definition of macro '__HAL_TIM_SET_COMPARE'
 1397 |    ((__CHANNEL__) == TIM_CHANNEL_3) ? ((__HANDLE__)->Instance->CCR3 = (__COMPARE__)) :\
      |                                                                        ^~~~~~~~~~~
../Core/Src/main.c:98:99: error: expected ')' before '*' token
   98 |                         __HAL_TIM_SET_COMPARE(&htim3,TIM_CHANNEL_1, (uint32_t((float)x_data / 48) * 100));
      |                                                                     ~                             ^
../Drivers/STM32F1xx_HAL_Driver/Inc/stm32f1xx_hal_tim.h:1397:72: note: in definition of macro '__HAL_TIM_SET_COMPARE'
 1397 |    ((__CHANNEL__) == TIM_CHANNEL_3) ? ((__HANDLE__)->Instance->CCR3 = (__COMPARE__)) :\
      |                                                                        ^~~~~~~~~~~
../Core/Src/main.c:98:86: error: expected ')' before 'x_data'
   98 |                         __HAL_TIM_SET_COMPARE(&htim3,TIM_CHANNEL_1, (uint32_t((float)x_data / 48) * 100));
      |                                                                                      ^~~~~~
../Drivers/STM32F1xx_HAL_Driver/Inc/stm32f1xx_hal_tim.h:1398:37: note: in definition of macro '__HAL_TIM_SET_COMPARE'
 1398 |    ((__HANDLE__)->Instance->CCR4 = (__COMPARE__)))
      |                                     ^~~~~~~~~~~
../Core/Src/main.c:98:99: error: expected ')' before '*' token
   98 |                         __HAL_TIM_SET_COMPARE(&htim3,TIM_CHANNEL_1, (uint32_t((float)x_data / 48) * 100));
      |                                                                     ~                             ^
../Drivers/STM32F1xx_HAL_Driver/Inc/stm32f1xx_hal_tim.h:1398:37: note: in definition of macro '__HAL_TIM_SET_COMPARE'
 1398 |    ((__HANDLE__)->Instance->CCR4 = (__COMPARE__)))
      |                                     ^~~~~~~~~~~
../Core/Src/main.c:99:87: error: expected ')' before 'x_data'
   99 |                         __HAL_TIM_SET_COMPARE(&htim3,TIM_CHANNEL_2, (uint32_t(((float)x_data / 48)) * 100 * ((float)y_data / 100)));
      |                                                                                       ^~~~~~
../Drivers/STM32F1xx_HAL_Driver/Inc/stm32f1xx_hal_tim.h:1395:72: note: in definition of macro '__HAL_TIM_SET_COMPARE'
 1395 |   (((__CHANNEL__) == TIM_CHANNEL_1) ? ((__HANDLE__)->Instance->CCR1 = (__COMPARE__)) :\
      |                                                                        ^~~~~~~~~~~
../Core/Src/main.c:99:101: error: expected ')' before '*' token
   99 |                         __HAL_TIM_SET_COMPARE(&htim3,TIM_CHANNEL_2, (uint32_t(((float)x_data / 48)) * 100 * ((float)y_data / 100)));
      |                                                                     ~                               ^
../Drivers/STM32F1xx_HAL_Driver/Inc/stm32f1xx_hal_tim.h:1395:72: note: in definition of macro '__HAL_TIM_SET_COMPARE'
 1395 |   (((__CHANNEL__) == TIM_CHANNEL_1) ? ((__HANDLE__)->Instance->CCR1 = (__COMPARE__)) :\
      |                                                                        ^~~~~~~~~~~
../Core/Src/main.c:99:87: error: expected ')' before 'x_data'
   99 |                         __HAL_TIM_SET_COMPARE(&htim3,TIM_CHANNEL_2, (uint32_t(((float)x_data / 48)) * 100 * ((float)y_data / 100)));
      |                                                                                       ^~~~~~
../Drivers/STM32F1xx_HAL_Driver/Inc/stm32f1xx_hal_tim.h:1396:72: note: in definition of macro '__HAL_TIM_SET_COMPARE'
 1396 |    ((__CHANNEL__) == TIM_CHANNEL_2) ? ((__HANDLE__)->Instance->CCR2 = (__COMPARE__)) :\
      |                                                                        ^~~~~~~~~~~
../Core/Src/main.c:99:101: error: expected ')' before '*' token
   99 |                         __HAL_TIM_SET_COMPARE(&htim3,TIM_CHANNEL_2, (uint32_t(((float)x_data / 48)) * 100 * ((float)y_data / 100)));
      |                                                                     ~                               ^
../Drivers/STM32F1xx_HAL_Driver/Inc/stm32f1xx_hal_tim.h:1396:72: note: in definition of macro '__HAL_TIM_SET_COMPARE'
 1396 |    ((__CHANNEL__) == TIM_CHANNEL_2) ? ((__HANDLE__)->Instance->CCR2 = (__COMPARE__)) :\
      |                                                                        ^~~~~~~~~~~
../Core/Src/main.c:99:87: error: expected ')' before 'x_data'
   99 |                         __HAL_TIM_SET_COMPARE(&htim3,TIM_CHANNEL_2, (uint32_t(((float)x_data / 48)) * 100 * ((float)y_data / 100)));
      |                                                                                       ^~~~~~
../Drivers/STM32F1xx_HAL_Driver/Inc/stm32f1xx_hal_tim.h:1397:72: note: in definition of macro '__HAL_TIM_SET_COMPARE'
 1397 |    ((__CHANNEL__) == TIM_CHANNEL_3) ? ((__HANDLE__)->Instance->CCR3 = (__COMPARE__)) :\
      |                                                                        ^~~~~~~~~~~
../Core/Src/main.c:99:101: error: expected ')' before '*' token
   99 |                         __HAL_TIM_SET_COMPARE(&htim3,TIM_CHANNEL_2, (uint32_t(((float)x_data / 48)) * 100 * ((float)y_data / 100)));
      |                                                                     ~                               ^
../Drivers/STM32F1xx_HAL_Driver/Inc/stm32f1xx_hal_tim.h:1397:72: note: in definition of macro '__HAL_TIM_SET_COMPARE'
 1397 |    ((__CHANNEL__) == TIM_CHANNEL_3) ? ((__HANDLE__)->Instance->CCR3 = (__COMPARE__)) :\
      |                                                                        ^~~~~~~~~~~
../Core/Src/main.c:99:87: error: expected ')' before 'x_data'
   99 |                         __HAL_TIM_SET_COMPARE(&htim3,TIM_CHANNEL_2, (uint32_t(((float)x_data / 48)) * 100 * ((float)y_data / 100)));
      |                                                                                       ^~~~~~
../Drivers/STM32F1xx_HAL_Driver/Inc/stm32f1xx_hal_tim.h:1398:37: note: in definition of macro '__HAL_TIM_SET_COMPARE'
 1398 |    ((__HANDLE__)->Instance->CCR4 = (__COMPARE__)))
      |                                     ^~~~~~~~~~~
../Core/Src/main.c:99:101: error: expected ')' before '*' token
   99 |                         __HAL_TIM_SET_COMPARE(&htim3,TIM_CHANNEL_2, (uint32_t(((float)x_data / 48)) * 100 * ((float)y_data / 100)));
      |                                                                     ~                               ^
../Drivers/STM32F1xx_HAL_Driver/Inc/stm32f1xx_hal_tim.h:1398:37: note: in definition of macro '__HAL_TIM_SET_COMPARE'
 1398 |    ((__HANDLE__)->Instance->CCR4 = (__COMPARE__)))
      |                                     ^~~~~~~~~~~
../Core/Src/main.c:104:87: error: expected ')' before 'x_data'
  104 |                         __HAL_TIM_SET_COMPARE(&htim3,TIM_CHANNEL_1, (uint32_t(((float)x_data / 48)) * 100 * ((float)y_data / 100)));
      |                                                                                       ^~~~~~
../Drivers/STM32F1xx_HAL_Driver/Inc/stm32f1xx_hal_tim.h:1395:72: note: in definition of macro '__HAL_TIM_SET_COMPARE'
 1395 |   (((__CHANNEL__) == TIM_CHANNEL_1) ? ((__HANDLE__)->Instance->CCR1 = (__COMPARE__)) :\
      |                                                                        ^~~~~~~~~~~
../Core/Src/main.c:104:101: error: expected ')' before '*' token
  104 |                         __HAL_TIM_SET_COMPARE(&htim3,TIM_CHANNEL_1, (uint32_t(((float)x_data / 48)) * 100 * ((float)y_data / 100)));
      |                                                                     ~                               ^
../Drivers/STM32F1xx_HAL_Driver/Inc/stm32f1xx_hal_tim.h:1395:72: note: in definition of macro '__HAL_TIM_SET_COMPARE'
 1395 |   (((__CHANNEL__) == TIM_CHANNEL_1) ? ((__HANDLE__)->Instance->CCR1 = (__COMPARE__)) :\
      |                                                                        ^~~~~~~~~~~
../Core/Src/main.c:104:87: error: expected ')' before 'x_data'
  104 |                         __HAL_TIM_SET_COMPARE(&htim3,TIM_CHANNEL_1, (uint32_t(((float)x_data / 48)) * 100 * ((float)y_data / 100)));
      |                                                                                       ^~~~~~
[...]
      |                                                                  ~~~~~~~~~^~~~~
../Core/Src/main.c:535:15: warning: incompatible implicit declaration of built-in function 'sscanf' [-Wbuiltin-declaration-mismatch]
  535 |               sscanf(rx_buf, "%d/", &rx_theta);
      |               ^~~~~~
../Core/Src/main.c:535:15: note: include '<stdio.h>' or provide a declaration of 'sscanf'
arm-none-eabi-gcc -o "motor6.elf" @"objects.list"   -mcpu=cortex-m3 -T"D:\STM32\motor1\motor6\STM32F103RBTX_FLASH.ld" --specs=nosys.specs -Wl,-Map="motor6.map" -Wl,--gc-sections -static -u _scanf_float --specs=nano.specs -mfloat-abi=soft -mthumb -Wl,--start-group -lc -lm -Wl,--end-group
Finished building target: motor6.elf
 
arm-none-eabi-size  motor6.elf 
arm-none-eabi-objdump -h -S motor6.elf  > "motor6.list"
   text	   data	    bss	    dec	    hex	filename
  40228	    484	   2572	  43284	   a914	motor6.elf
Finished building: default.size.stdout
 
Finished building: motor6.list
 
22:02:25 **** Incremental Build of configuration Debug for project motor6 ****
make -j12 all 
arm-none-eabi-gcc "../Core/Src/main.c" -mcpu=cortex-m3 -std=gnu11 -g3 -DDEBUG -DUSE_HAL_DRIVER -DSTM32F103xB -c -I../Core/Inc -I../Drivers/STM32F1xx_HAL_Driver/Inc -I../Drivers/STM32F1xx_HAL_Driver/Inc/Legacy -I../Drivers/CMSIS/Device/ST/STM32F1xx/Include -I../Drivers/CMSIS/Include -O0 -ffunction-sections -fdata-sections -Wall -fstack-usage -fcyclomatic-complexity -MMD -MP -MF"Core/Src/main.d" -MT"Core/Src/main.o" --specs=nano.specs -mfloat-abi=soft -mthumb -o "Core/Src/main.o"
../Core/Src/main.c: In function 'HAL_UART_RxCpltCallback':
../Core/Src/main.c:381:17: warning: implicit declaration of function 'sscanf' [-Wimplicit-function-declaration]
  381 |                 sscanf(fe_data, "%f", &dis);
      |                 ^~~~~~
../Core/Src/main.c:24:1: note: include '<stdio.h>' or provide a declaration of 'sscanf'
   23 | #include "gpio.h"
  +++ |+#include <stdio.h>
   24 | 
../Core/Src/main.c:381:17: warning: incompatible implicit declaration of built-in function 'sscanf' [-Wbuiltin-declaration-mismatch]
  381 |                 sscanf(fe_data, "%f", &dis);
      |                 ^~~~~~
../Core/Src/main.c:381:17: note: include '<stdio.h>' or provide a declaration of 'sscanf'
../Core/Src/main.c:383:23: warning: implicit declaration of function 'roundf' [-Wimplicit-function-declaration]
  383 |                 dis = roundf(dis * 100) / 100;
      |                       ^~~~~~
../Core/Src/main.c:24:1: note: include '<math.h>' or provide a declaration of 'roundf'
   23 | #include "gpio.h"
  +++ |+#include <math.h>
   24 | 
../Core/Src/main.c:383:23: warning: incompatible implicit declaration of built-in function 'roundf' [-Wbuiltin-declaration-mismatch]
  383 |                 dis = roundf(dis * 100) / 100;
      |                       ^~~~~~
../Core/Src/main.c:383:23: note: include '<math.h>' or provide a declaration of 'roundf'
../Core/Src/main.c:385:46: warning: passing argument 2 of 'HAL_UART_Receive_IT' from incompatible pointer type [-Wincompatible-pointer-types]
  385 |                 HAL_UART_Receive_IT(&huart1, &uwb_buf, 4);
      |                                              ^~~~~~~~
      |                                              |
      |                                              char (*)[4]
In file included from ../Core/Inc/stm32f1xx_hal_conf.h:338,
                 from ../Drivers/STM32F1xx_HAL_Driver/Inc/stm32f1xx_hal.h:29,
                 from ../Core/Inc/main.h:30,
                 from ../Core/Src/main.c:20:
../Drivers/STM32F1xx_HAL_Driver/Inc/stm32f1xx_hal_uart.h:752:75: note: expected 'uint8_t *' {aka 'unsigned char *'} but argument is of type 'char (*)[4]'
  752 | HAL_StatusTypeDef HAL_UART_Receive_IT(UART_HandleTypeDef *huart, uint8_t *pData, uint16_t Size);
      |                                                                  ~~~~~~~~~^~~~~
../Core/Src/main.c: In function 'main':
../Core/Src/main.c:488:32: warning: passing argument 2 of 'HAL_UART_Receive_IT' from incompatible pointer type [-Wincompatible-pointer-types]
  488 |   HAL_UART_Receive_IT(&huart1, &uwb_buf, 4);
      |                                ^~~~~~~~
      |                                |
      |                                char (*)[4]
../Drivers/STM32F1xx_HAL_Driver/Inc/stm32f1xx_hal_uart.h:752:75: note: expected 'uint8_t *' {aka 'unsigned char *'} but argument is of type 'char (*)[4]'
  752 | HAL_StatusTypeDef HAL_UART_Receive_IT(UART_HandleTypeDef *huart, uint8_t *pData, uint16_t Size);
      |                                                                  ~~~~~~~~~^~~~~
../Core/Src/main.c:535:15: warning: incompatible implicit declaration of built-in function 'sscanf' [-Wbuiltin-declaration-mismatch]
  535 |               sscanf(rx_buf, "%d/", &rx_theta);
      |               ^~~~~~
../Core/Src/main.c:535:15: note: include '<stdio.h>' or provide a declaration of 'sscanf'
arm-none-eabi-gcc -o "motor6.elf" @"objects.list"   -mcpu=cortex-m3 -T"D:\STM32\motor1\motor6\STM32F103RBTX_FLASH.ld" --specs=nosys.specs -Wl,-Map="motor6.map" -Wl,--gc-sections -static -u _scanf_float --specs=nano.specs -mfloat-abi=soft -mthumb -Wl,--start-group -lc -lm -Wl,--end-group
Finished building target: motor6.elf
 
arm-none-eabi-size  motor6.elf 
arm-none-eabi-objdump -h -S motor6.elf  > "motor6.list"
   text	   data	    bss	    dec	    hex	filename
  39452	    484	   2572	  42508	   a60c	motor6.elf
Finished building: default.size.stdout
 
Finished building: motor6.list
 
19:23:53 **** Incremental Build of configuration Debug for project motor6 ****
make -j12 all 
arm-none-eabi-size  motor6.elf 
   text	   data	    bss	    dec	    hex	filename
  39452	    484	   2572	  42508	   a60c	motor6.elf
Finished building: default.size.stdout
 
20:15:23 **** Incremental Build of configuration Debug for project motor6 ****
make -j12 all 
arm-none-eabi-size  motor6.elf 
   text	   data	    bss	    dec	    hex	filename
  39452	    484	   2572	  42508	   a60c	motor6.elf
Finished building: default.size.stdout
 
19:55:58 **** Incremental Build of configuration Debug for project motor6 ****
make -j12 all 
arm-none-eabi-gcc "../Core/Src/main.c" -mcpu=cortex-m3 -std=gnu11 -g3 -DDEBUG -DUSE_HAL_DRIVER -DSTM32F103xB -c -I../Core/Inc -I../Drivers/STM32F1xx_HAL_Driver/Inc -I../Drivers/STM32F1xx_HAL_Driver/Inc/Legacy -I../Drivers/CMSIS/Device/ST/STM32F1xx/Include -I../Drivers/CMSIS/Include -O0 -ffunction-sections -fdata-sections -Wall -fstack-usage -fcyclomatic-complexity -MMD -MP -MF"Core/Src/main.d" -MT"Core/Src/main.o" --specs=nano.specs -mfloat-abi=soft -mthumb -o "Core/Src/main.o"
../Core/Src/main.c: In function 'HAL_UART_RxCpltCallback':
../Core/Src/main.c:382:17: warning: implicit declaration of function 'sscanf' [-Wimplicit-function-declaration]
  382 |                 sscanf(fe_data, "%f", &dis);
      |                 ^~~~~~
../Core/Src/main.c:24:1: note: include '<stdio.h>' or provide a declaration of 'sscanf'
   23 | #include "gpio.h"
  +++ |+#include <stdio.h>
   24 | 
../Core/Src/main.c:382:17: warning: incompatible implicit declaration of built-in function 'sscanf' [-Wbuiltin-declaration-mismatch]
  382 |                 sscanf(fe_data, "%f", &dis);
      |                 ^~~~~~
../Core/Src/main.c:382:17: note: include '<stdio.h>' or provide a declaration of 'sscanf'
../Core/Src/main.c:384:23: warning: implicit declaration of function 'roundf' [-Wimplicit-function-declaration]
  384 |                 dis = roundf(dis * 100) / 100;
      |                       ^~~~~~
../Core/Src/main.c:24:1: note: include '<math.h>' or provide a declaration of 'roundf'
   23 | #include "gpio.h"
  +++ |+#include <math.h>
   24 | 
../Core/Src/main.c:384:23: warning: incompatible implicit declaration of built-in function 'roundf' [-Wbuiltin-declaration-mismatch]
  384 |                 dis = roundf(dis * 100) / 100;
      |                       ^~~~~~
../Core/Src/main.c:384:23: note: include '<math.h>' or provide a declaration of 'roundf'
../Core/Src/main.c:386:46: warning: passing argument 2 of 'HAL_UART_Receive_IT' from incompatible pointer type [-Wincompatible-pointer-types]
  386 |                 HAL_UART_Receive_IT(&huart1, &uwb_buf, 4);
      |                                              ^~~~~~~~
      |                                              |
      |                                              char (*)[4]
In file included from ../Core/Inc/stm32f1xx_hal_conf.h:338,
                 from ../Drivers/STM32F1xx_HAL_Driver/Inc/stm32f1xx_hal.h:29,
                 from ../Core/Inc/main.h:30,
                 from ../Core/Src/main.c:20:
../Drivers/STM32F1xx_HAL_Driver/Inc/stm32f1xx_hal_uart.h:752:75: note: expected 'uint8_t *' {aka 'unsigned char *'} but argument is of type 'char (*)[4]'
  752 | HAL_StatusTypeDef HAL_UART_Receive_IT(UART_HandleTypeDef *huart, uint8_t *pData, uint16_t Size);
      |                                                                  ~~~~~~~~~^~~~~
../Core/Src/main.c: In function 'main':
../Core/Src/main.c:498:32: warning: passing argument 2 of 'HAL_UART_Receive_IT' from incompatible pointer type [-Wincompatible-pointer-types]
  498 |   HAL_UART_Receive_IT(&huart1, &uwb_buf, 4);
      |                                ^~~~~~~~
      |                                |
      |                                char (*)[4]
../Drivers/STM32F1xx_HAL_Driver/Inc/stm32f1xx_hal_uart.h:752:75: note: expected 'uint8_t *' {aka 'unsigned char *'} but argument is of type 'char (*)[4]'
  752 | HAL_StatusTypeDef HAL_UART_Receive_IT(UART_HandleTypeDef *huart, uint8_t *pData, uint16_t Size);
      |                                                                  ~~~~~~~~~^~~~~
../Core/Src/main.c:545:15: warning: incompatible implicit declaration of built-in function 'sscanf' [-Wbuiltin-declaration-mismatch]
  545 |               sscanf(rx_buf, "%d/", &rx_theta);
      |               ^~~~~~
../Core/Src/main.c:545:15: note: include '<stdio.h>' or provide a declaration of 'sscanf'
arm-none-eabi-gcc -o "motor6.elf" @"objects.list"   -mcpu=cortex-m3 -T"D:\STM32\motor1\motor6\STM32F103RBTX_FLASH.ld" --specs=nosys.specs -Wl,-Map="motor6.map" -Wl,--gc-sections -static -u _scanf_float --specs=nano.specs -mfloat-abi=soft -mthumb -Wl,--start-group -lc -lm -Wl,--end-group
Finished building target: motor6.elf
 
arm-none-eabi-size  motor6.elf 
arm-none-eabi-objdump -h -S motor6.elf  > "motor6.list"
   text	   data	    bss	    dec	    hex	filename
  39588	    484	   2572	  42644	   a694	motor6.elf
Finished building: default.size.stdout
 
Finished building: motor6.list
 
20:27:27 **** Incremental Build of configuration Debug for project motor6 ****
make -j12 all 
arm-none-eabi-gcc "../Core/Src/main.c" -mcpu=cortex-m3 -std=gnu11 -g3 -DDEBUG -DUSE_HAL_DRIVER -DSTM32F103xB -c -I../Core/Inc -I../Drivers/STM32F1xx_HAL_Driver/Inc -I../Drivers/STM32F1xx_HAL_Driver/Inc/Legacy -I../Drivers/CMSIS/Device/ST/STM32F1xx/Include -I../Drivers/CMSIS/Include -O0 -ffunction-sections -fdata-sections -Wall -fstack-usage -fcyclomatic-complexity -MMD -MP -MF"Core/Src/main.d" -MT"Core/Src/main.o" --specs=nano.specs -mfloat-abi=soft -mthumb -o "Core/Src/main.o"
../Core/Src/main.c: In function 'HAL_UART_RxCpltCallback':
../Core/Src/main.c:382:17: warning: implicit declaration of function 'sscanf' [-Wimplicit-function-declaration]
  382 |                 sscanf(fe_data, "%f", &dis);
      |                 ^~~~~~
../Core/Src/main.c:24:1: note: include '<stdio.h>' or provide a declaration of 'sscanf'
   23 | #include "gpio.h"
  +++ |+#include <stdio.h>
   24 | 
../Core/Src/main.c:382:17: warning: incompatible implicit declaration of built-in function 'sscanf' [-Wbuiltin-declaration-mismatch]
  382 |                 sscanf(fe_data, "%f", &dis);
      |                 ^~~~~~
../Core/Src/main.c:382:17: note: include '<stdio.h>' or provide a declaration of 'sscanf'
../Core/Src/main.c:384:23: warning: implicit declaration of function 'roundf' [-Wimplicit-function-declaration]
  384 |                 dis = roundf(dis * 100) / 100;
      |                       ^~~~~~
../Core/Src/main.c:24:1: note: include '<math.h>' or provide a declaration of 'roundf'
   23 | #include "gpio.h"
  +++ |+#include <math.h>
   24 | 
../Core/Src/main.c:384:23: warning: incompatible implicit declaration of built-in function 'roundf' [-Wbuiltin-declaration-mismatch]
  384 |                 dis = roundf(dis * 100) / 100;
      |                       ^~~~~~
../Core/Src/main.c:384:23: note: include '<math.h>' or provide a declaration of 'roundf'
../Core/Src/main.c:386:46: warning: passing argument 2 of 'HAL_UART_Receive_IT' from incompatible pointer type [-Wincompatible-pointer-types]
  386 |                 HAL_UART_Receive_IT(&huart1, &uwb_buf, 4);
      |                                              ^~~~~~~~
      |                                              |
      |                                              char (*)[4]
In file included from ../Core/Inc/stm32f1xx_hal_conf.h:338,
                 from ../Drivers/STM32F1xx_HAL_Driver/Inc/stm32f1xx_hal.h:29,
                 from ../Core/Inc/main.h:30,
                 from ../Core/Src/main.c:20:
../Drivers/STM32F1xx_HAL_Driver/Inc/stm32f1xx_hal_uart.h:752:75: note: expected 'uint8_t *' {aka 'unsigned char *'} but argument is of type 'char (*)[4]'
  752 | HAL_StatusTypeDef HAL_UART_Receive_IT(UART_HandleTypeDef *huart, uint8_t *pData, uint16_t Size);
      |                                                                  ~~~~~~~~~^~~~~
../Core/Src/main.c: In function 'main':
../Core/Src/main.c:498:32: warning: passing argument 2 of 'HAL_UART_Receive_IT' from incompatible pointer type [-Wincompatible-pointer-types]
  498 |   HAL_UART_Receive_IT(&huart1, &uwb_buf, 4);
      |                                ^~~~~~~~
      |                                |
      |                                char (*)[4]
../Drivers/STM32F1xx_HAL_Driver/Inc/stm32f1xx_hal_uart.h:752:75: note: expected 'uint8_t *' {aka 'unsigned char *'} but argument is of type 'char (*)[4]'
  752 | HAL_StatusTypeDef HAL_UART_Receive_IT(UART_HandleTypeDef *huart, uint8_t *pData, uint16_t Size);
      |                                                                  ~~~~~~~~~^~~~~
../Core/Src/main.c:545:15: warning: incompatible implicit declaration of built-in function 'sscanf' [-Wbuiltin-declaration-mismatch]
  545 |               sscanf(rx_buf, "%d/", &rx_theta);
      |               ^~~~~~
../Core/Src/main.c:545:15: note: include '<stdio.h>' or provide a declaration of 'sscanf'
arm-none-eabi-gcc -o "motor6.elf" @"objects.list"   -mcpu=cortex-m3 -T"D:\STM32\motor1\motor6\STM32F103RBTX_FLASH.ld" --specs=nosys.specs -Wl,-Map="motor6.map" -Wl,--gc-sections -static -u _scanf_float --specs=nano.specs -mfloat-abi=soft -mthumb -Wl,--start-group -lc -lm -Wl,--end-group
Finished building target: motor6.elf
 
arm-none-eabi-size  motor6.elf 
arm-none-eabi-objdump -h -S motor6.elf  > "motor6.list"
   text	   data	    bss	    dec	    hex	filename
  39732	    484	   2572	  42788	   a724	motor6.elf
Finished building: default.size.stdout
 
Finished building: motor6.list
 
21:31:12 **** Incremental Build of configuration Debug for project motor6 ****
make -j12 all 
arm-none-eabi-gcc "../Core/Src/main.c" -mcpu=cortex-m3 -std=gnu11 -g3 -DDEBUG -DUSE_HAL_DRIVER -DSTM32F103xB -c -I../Core/Inc -I../Drivers/STM32F1xx_HAL_Driver/Inc -I../Drivers/STM32F1xx_HAL_Driver/Inc/Legacy -I../Drivers/CMSIS/Device/ST/STM32F1xx/Include -I../Drivers/CMSIS/Include -O0 -ffunction-sections -fdata-sections -Wall -fstack-usage -fcyclomatic-complexity -MMD -MP -MF"Core/Src/main.d" -MT"Core/Src/main.o" --specs=nano.specs -mfloat-abi=soft -mthumb -o "Core/Src/main.o"
../Core/Src/main.c: In function 'HAL_UART_RxCpltCallback':
../Core/Src/main.c:383:17: warning: implicit declaration of function 'sscanf' [-Wimplicit-function-declaration]
  383 |                 sscanf(fe_data, "%f", &dis);
      |                 ^~~~~~
../Core/Src/main.c:24:1: note: include '<stdio.h>' or provide a declaration of 'sscanf'
   23 | #include "gpio.h"
  +++ |+#include <stdio.h>
   24 | 
../Core/Src/main.c:383:17: warning: incompatible implicit declaration of built-in function 'sscanf' [-Wbuiltin-declaration-mismatch]
  383 |                 sscanf(fe_data, "%f", &dis);
      |                 ^~~~~~
../Core/Src/main.c:383:17: note: include '<stdio.h>' or provide a declaration of 'sscanf'
../Core/Src/main.c:385:23: warning: implicit declaration of function 'roundf' [-Wimplicit-function-declaration]
  385 |                 dis = roundf(dis * 100) / 100;
      |                       ^~~~~~
../Core/Src/main.c:24:1: note: include '<math.h>' or provide a declaration of 'roundf'
   23 | #include "gpio.h"
  +++ |+#include <math.h>
   24 | 
../Core/Src/main.c:385:23: warning: incompatible implicit declaration of built-in function 'roundf' [-Wbuiltin-declaration-mismatch]
  385 |                 dis = roundf(dis * 100) / 100;
      |                       ^~~~~~
../Core/Src/main.c:385:23: note: include '<math.h>' or provide a declaration of 'roundf'
../Core/Src/main.c:387:46: warning: passing argument 2 of 'HAL_UART_Receive_IT' from incompatible pointer type [-Wincompatible-pointer-types]
  387 |                 HAL_UART_Receive_IT(&huart1, &uwb_buf, 4);
      |                                              ^~~~~~~~
      |                                              |
      |                                              char (*)[4]
In file included from ../Core/Inc/stm32f1xx_hal_conf.h:338,
                 from ../Drivers/STM32F1xx_HAL_Driver/Inc/stm32f1xx_hal.h:29,
                 from ../Core/Inc/main.h:30,
                 from ../Core/Src/main.c:20:
../Drivers/STM32F1xx_HAL_Driver/Inc/stm32f1xx_hal_uart.h:752:75: note: expected 'uint8_t *' {aka 'unsigned char *'} but argument is of type 'char (*)[4]'
  752 | HAL_StatusTypeDef HAL_UART_Receive_IT(UART_HandleTypeDef *huart, uint8_t *pData, uint16_t Size);
      |                                                                  ~~~~~~~~~^~~~~
../Core/Src/main.c: In function 'main':
../Core/Src/main.c:499:32: warning: passing argument 2 of 'HAL_UART_Receive_IT' from incompatible pointer type [-Wincompatible-pointer-types]
  499 |   HAL_UART_Receive_IT(&huart1, &uwb_buf, 4);
      |                                ^~~~~~~~
      |                                |
      |                                char (*)[4]
../Drivers/STM32F1xx_HAL_Driver/Inc/stm32f1xx_hal_uart.h:752:75: note: expected 'uint8_t *' {aka 'unsigned char *'} but argument is of type 'char (*)[4]'
  752 | HAL_StatusTypeDef HAL_UART_Receive_IT(UART_HandleTypeDef *huart, uint8_t *pData, uint16_t Size);
      |                                                                  ~~~~~~~~~^~~~~
../Core/Src/main.c:546:15: warning: incompatible implicit declaration of built-in function 'sscanf' [-Wbuiltin-declaration-mismatch]
  546 |               sscanf(rx_buf, "%d/", &rx_theta);
      |               ^~~~~~
../Core/Src/main.c:546:15: note: include '<stdio.h>' or provide a declaration of 'sscanf'
arm-none-eabi-gcc -o "motor6.elf" @"objects.list"   -mcpu=cortex-m3 -T"D:\STM32\motor1\motor6\STM32F103RBTX_FLASH.ld" --specs=nosys.specs -Wl,-Map="motor6.map" -Wl,--gc-sections -static -u _scanf_float --specs=nano.specs -mfloat-abi=soft -mthumb -Wl,--start-group -lc -lm -Wl,--end-group
Finished building target: motor6.elf
 
arm-none-eabi-size  motor6.elf 
arm-none-eabi-objdump -h -S motor6.elf  > "motor6.list"
   text	   data	    bss	    dec	    hex	filename
  39740	    488	   2576	  42804	   a734	motor6.elf
Finished building: default.size.stdout
 
Finished building: motor6.list
 
21:40:09 **** Incremental Build of configuration Debug for project motor6 ****
make -j12 all 
arm-none-eabi-size  motor6.elf 
   text	   data	    bss	    dec	    hex	filename
  39740	    488	   2576	  42804	   a734	motor6.elf
Finished building: default.size.stdout
 
