13:31:57 **** Incremental Build of configuration Debug for project motor6 ****
make -j12 all 
arm-none-eabi-gcc "../Core/Src/main.c" -mcpu=cortex-m3 -std=gnu11 -g3 -DDEBUG -DUSE_HAL_DRIVER -DSTM32F103xB -c -I../Core/Inc -I../Drivers/STM32F1xx_HAL_Driver/Inc -I../Drivers/STM32F1xx_HAL_Driver/Inc/Legacy -I../Drivers/CMSIS/Device/ST/STM32F1xx/Include -I../Drivers/CMSIS/Include -O0 -ffunction-sections -fdata-sections -Wall -fstack-usage -fcyclomatic-complexity -MMD -MP -MF"Core/Src/main.d" -MT"Core/Src/main.o" --specs=nano.specs -mfloat-abi=soft -mthumb -o "Core/Src/main.o"
../Core/Src/main.c: In function 'HAL_UART_RxCpltCallback':
../Core/Src/main.c:381:17: warning: implicit declaration of function 'sscanf' [-Wimplicit-function-declaration]
  381 |                 sscanf(fe_data, "%f", &dis);
      |                 ^~~~~~
../Core/Src/main.c:24:1: note: include '<stdio.h>' or provide a declaration of 'sscanf'
   23 | #include "gpio.h"
  +++ |+#include <stdio.h>
   24 | 
../Core/Src/main.c:381:17: warning: incompatible implicit declaration of built-in function 'sscanf' [-Wbuiltin-declaration-mismatch]
  381 |                 sscanf(fe_data, "%f", &dis);
      |                 ^~~~~~
../Core/Src/main.c:381:17: note: include '<stdio.h>' or provide a declaration of 'sscanf'
../Core/Src/main.c:383:23: warning: implicit declaration of function 'roundf' [-Wimplicit-function-declaration]
  383 |                 dis = roundf(dis * 100) / 100;
      |                       ^~~~~~
../Core/Src/main.c:24:1: note: include '<math.h>' or provide a declaration of 'roundf'
   23 | #include "gpio.h"
  +++ |+#include <math.h>
   24 | 
../Core/Src/main.c:383:23: warning: incompatible implicit declaration of built-in function 'roundf' [-Wbuiltin-declaration-mismatch]
  383 |                 dis = roundf(dis * 100) / 100;
      |                       ^~~~~~
../Core/Src/main.c:383:23: note: include '<math.h>' or provide a declaration of 'roundf'
../Core/Src/main.c:385:46: warning: passing argument 2 of 'HAL_UART_Receive_IT' from incompatible pointer type [-Wincompatible-pointer-types]
  385 |                 HAL_UART_Receive_IT(&huart1, &uwb_buf, 4);
      |                                              ^~~~~~~~
      |                                              |
      |                                              char (*)[4]
In file included from ../Core/Inc/stm32f1xx_hal_conf.h:338,
                 from ../Drivers/STM32F1xx_HAL_Driver/Inc/stm32f1xx_hal.h:29,
                 from ../Core/Inc/main.h:30,
                 from ../Core/Src/main.c:20:
../Drivers/STM32F1xx_HAL_Driver/Inc/stm32f1xx_hal_uart.h:752:75: note: expected 'uint8_t *' {aka 'unsigned char *'} but argument is of type 'char (*)[4]'
  752 | HAL_StatusTypeDef HAL_UART_Receive_IT(UART_HandleTypeDef *huart, uint8_t *pData, uint16_t Size);
      |                                                                  ~~~~~~~~~^~~~~
../Core/Src/main.c: In function 'main':
../Core/Src/main.c:497:32: warning: passing argument 2 of 'HAL_UART_Receive_IT' from incompatible pointer type [-Wincompatible-pointer-types]
  497 |   HAL_UART_Receive_IT(&huart1, &uwb_buf, 4);
      |                                ^~~~~~~~
      |                                |
      |                                char (*)[4]
../Drivers/STM32F1xx_HAL_Driver/Inc/stm32f1xx_hal_uart.h:752:75: note: expected 'uint8_t *' {aka 'unsigned char *'} but argument is of type 'char (*)[4]'
  752 | HAL_StatusTypeDef HAL_UART_Receive_IT(UART_HandleTypeDef *huart, uint8_t *pData, uint16_t Size);
      |                                                                  ~~~~~~~~~^~~~~
../Core/Src/main.c:544:15: warning: incompatible implicit declaration of built-in function 'sscanf' [-Wbuiltin-declaration-mismatch]
  544 |               sscanf(rx_buf, "%d/", &rx_theta);
      |               ^~~~~~
../Core/Src/main.c:544:15: note: include '<stdio.h>' or provide a declaration of 'sscanf'
arm-none-eabi-gcc -o "motor6.elf" @"objects.list"   -mcpu=cortex-m3 -T"D:\STM32\motor1\motor6\STM32F103RBTX_FLASH.ld" --specs=nosys.specs -Wl,-Map="motor6.map" -Wl,--gc-sections -static -u _scanf_float --specs=nano.specs -mfloat-abi=soft -mthumb -Wl,--start-group -lc -lm -Wl,--end-group
Finished building target: motor6.elf
 
arm-none-eabi-size  motor6.elf 
arm-none-eabi-objdump -h -S motor6.elf  > "motor6.list"
   text	   data	    bss	    dec	    hex	filename
  39780	    488	   2576	  42844	   a75c	motor6.elf
Finished building: default.size.stdout
 
Finished building: motor6.list
 
14:24:31 **** Incremental Build of configuration Debug for project motor6 ****
make -j12 all 
arm-none-eabi-gcc "../Core/Src/main.c" -mcpu=cortex-m3 -std=gnu11 -g3 -DDEBUG -DUSE_HAL_DRIVER -DSTM32F103xB -c -I../Core/Inc -I../Drivers/STM32F1xx_HAL_Driver/Inc -I../Drivers/STM32F1xx_HAL_Driver/Inc/Legacy -I../Drivers/CMSIS/Device/ST/STM32F1xx/Include -I../Drivers/CMSIS/Include -O0 -ffunction-sections -fdata-sections -Wall -fstack-usage -fcyclomatic-complexity -MMD -MP -MF"Core/Src/main.d" -MT"Core/Src/main.o" --specs=nano.specs -mfloat-abi=soft -mthumb -o "Core/Src/main.o"
../Core/Src/main.c: In function 'HAL_UART_RxCpltCallback':
../Core/Src/main.c:381:17: warning: implicit declaration of function 'sscanf' [-Wimplicit-function-declaration]
  381 |                 sscanf(fe_data, "%f", &dis);
      |                 ^~~~~~
../Core/Src/main.c:24:1: note: include '<stdio.h>' or provide a declaration of 'sscanf'
   23 | #include "gpio.h"
  +++ |+#include <stdio.h>
   24 | 
../Core/Src/main.c:381:17: warning: incompatible implicit declaration of built-in function 'sscanf' [-Wbuiltin-declaration-mismatch]
  381 |                 sscanf(fe_data, "%f", &dis);
      |                 ^~~~~~
../Core/Src/main.c:381:17: note: include '<stdio.h>' or provide a declaration of 'sscanf'
../Core/Src/main.c:383:23: warning: implicit declaration of function 'roundf' [-Wimplicit-function-declaration]
  383 |                 dis = roundf(dis * 100) / 100;
      |                       ^~~~~~
../Core/Src/main.c:24:1: note: include '<math.h>' or provide a declaration of 'roundf'
   23 | #include "gpio.h"
  +++ |+#include <math.h>
   24 | 
../Core/Src/main.c:383:23: warning: incompatible implicit declaration of built-in function 'roundf' [-Wbuiltin-declaration-mismatch]
  383 |                 dis = roundf(dis * 100) / 100;
      |                       ^~~~~~
../Core/Src/main.c:383:23: note: include '<math.h>' or provide a declaration of 'roundf'
../Core/Src/main.c:385:46: warning: passing argument 2 of 'HAL_UART_Receive_IT' from incompatible pointer type [-Wincompatible-pointer-types]
  385 |                 HAL_UART_Receive_IT(&huart1, &uwb_buf, 4);
      |                                              ^~~~~~~~
      |                                              |
      |                                              char (*)[4]
In file included from ../Core/Inc/stm32f1xx_hal_conf.h:338,
                 from ../Drivers/STM32F1xx_HAL_Driver/Inc/stm32f1xx_hal.h:29,
                 from ../Core/Inc/main.h:30,
                 from ../Core/Src/main.c:20:
../Drivers/STM32F1xx_HAL_Driver/Inc/stm32f1xx_hal_uart.h:752:75: note: expected 'uint8_t *' {aka 'unsigned char *'} but argument is of type 'char (*)[4]'
  752 | HAL_StatusTypeDef HAL_UART_Receive_IT(UART_HandleTypeDef *huart, uint8_t *pData, uint16_t Size);
      |                                                                  ~~~~~~~~~^~~~~
../Core/Src/main.c: In function 'main':
../Core/Src/main.c:497:32: warning: passing argument 2 of 'HAL_UART_Receive_IT' from incompatible pointer type [-Wincompatible-pointer-types]
  497 |   HAL_UART_Receive_IT(&huart1, &uwb_buf, 4);
      |                                ^~~~~~~~
      |                                |
      |                                char (*)[4]
../Drivers/STM32F1xx_HAL_Driver/Inc/stm32f1xx_hal_uart.h:752:75: note: expected 'uint8_t *' {aka 'unsigned char *'} but argument is of type 'char (*)[4]'
  752 | HAL_StatusTypeDef HAL_UART_Receive_IT(UART_HandleTypeDef *huart, uint8_t *pData, uint16_t Size);
      |                                                                  ~~~~~~~~~^~~~~
../Core/Src/main.c:544:15: warning: incompatible implicit declaration of built-in function 'sscanf' [-Wbuiltin-declaration-mismatch]
  544 |               sscanf(rx_buf, "%d/", &rx_theta);
      |               ^~~~~~
../Core/Src/main.c:544:15: note: include '<stdio.h>' or provide a declaration of 'sscanf'
arm-none-eabi-gcc -o "motor6.elf" @"objects.list"   -mcpu=cortex-m3 -T"D:\STM32\motor1\motor6\STM32F103RBTX_FLASH.ld" --specs=nosys.specs -Wl,-Map="motor6.map" -Wl,--gc-sections -static -u _scanf_float --specs=nano.specs -mfloat-abi=soft -mthumb -Wl,--start-group -lc -lm -Wl,--end-group
Finished building target: motor6.elf
 
arm-none-eabi-size  motor6.elf 
arm-none-eabi-objdump -h -S motor6.elf  > "motor6.list"
   text	   data	    bss	    dec	    hex	filename
  39908	    488	   2600	  42996	   a7f4	motor6.elf
Finished building: default.size.stdout
 
Finished building: motor6.list
 
14:58:53 **** Incremental Build of configuration Debug for project motor6 ****
make -j12 all 
arm-none-eabi-gcc "../Core/Src/main.c" -mcpu=cortex-m3 -std=gnu11 -g3 -DDEBUG -DUSE_HAL_DRIVER -DSTM32F103xB -c -I../Core/Inc -I../Drivers/STM32F1xx_HAL_Driver/Inc -I../Drivers/STM32F1xx_HAL_Driver/Inc/Legacy -I../Drivers/CMSIS/Device/ST/STM32F1xx/Include -I../Drivers/CMSIS/Include -O0 -ffunction-sections -fdata-sections -Wall -fstack-usage -fcyclomatic-complexity -MMD -MP -MF"Core/Src/main.d" -MT"Core/Src/main.o" --specs=nano.specs -mfloat-abi=soft -mthumb -o "Core/Src/main.o"
../Core/Src/main.c: In function 'HAL_UART_RxCpltCallback':
../Core/Src/main.c:381:17: warning: implicit declaration of function 'sscanf' [-Wimplicit-function-declaration]
  381 |                 sscanf(fe_data, "%f", &dis);
      |                 ^~~~~~
../Core/Src/main.c:24:1: note: include '<stdio.h>' or provide a declaration of 'sscanf'
   23 | #include "gpio.h"
  +++ |+#include <stdio.h>
   24 | 
../Core/Src/main.c:381:17: warning: incompatible implicit declaration of built-in function 'sscanf' [-Wbuiltin-declaration-mismatch]
  381 |                 sscanf(fe_data, "%f", &dis);
      |                 ^~~~~~
../Core/Src/main.c:381:17: note: include '<stdio.h>' or provide a declaration of 'sscanf'
../Core/Src/main.c:383:23: warning: implicit declaration of function 'roundf' [-Wimplicit-function-declaration]
  383 |                 dis = roundf(dis * 100) / 100;
      |                       ^~~~~~
../Core/Src/main.c:24:1: note: include '<math.h>' or provide a declaration of 'roundf'
   23 | #include "gpio.h"
  +++ |+#include <math.h>
   24 | 
../Core/Src/main.c:383:23: warning: incompatible implicit declaration of built-in function 'roundf' [-Wbuiltin-declaration-mismatch]
  383 |                 dis = roundf(dis * 100) / 100;
      |                       ^~~~~~
../Core/Src/main.c:383:23: note: include '<math.h>' or provide a declaration of 'roundf'
../Core/Src/main.c:385:46: warning: passing argument 2 of 'HAL_UART_Receive_IT' from incompatible pointer type [-Wincompatible-pointer-types]
  385 |                 HAL_UART_Receive_IT(&huart1, &uwb_buf, 4);
      |                                              ^~~~~~~~
      |                                              |
      |                                              char (*)[4]
In file included from ../Core/Inc/stm32f1xx_hal_conf.h:338,
                 from ../Drivers/STM32F1xx_HAL_Driver/Inc/stm32f1xx_hal.h:29,
                 from ../Core/Inc/main.h:30,
                 from ../Core/Src/main.c:20:
../Drivers/STM32F1xx_HAL_Driver/Inc/stm32f1xx_hal_uart.h:752:75: note: expected 'uint8_t *' {aka 'unsigned char *'} but argument is of type 'char (*)[4]'
  752 | HAL_StatusTypeDef HAL_UART_Receive_IT(UART_HandleTypeDef *huart, uint8_t *pData, uint16_t Size);
      |                                                                  ~~~~~~~~~^~~~~
../Core/Src/main.c: In function 'main':
../Core/Src/main.c:497:32: warning: passing argument 2 of 'HAL_UART_Receive_IT' from incompatible pointer type [-Wincompatible-pointer-types]
  497 |   HAL_UART_Receive_IT(&huart1, &uwb_buf, 4);
      |                                ^~~~~~~~
      |                                |
      |                                char (*)[4]
../Drivers/STM32F1xx_HAL_Driver/Inc/stm32f1xx_hal_uart.h:752:75: note: expected 'uint8_t *' {aka 'unsigned char *'} but argument is of type 'char (*)[4]'
  752 | HAL_StatusTypeDef HAL_UART_Receive_IT(UART_HandleTypeDef *huart, uint8_t *pData, uint16_t Size);
      |                                                                  ~~~~~~~~~^~~~~
../Core/Src/main.c:544:15: warning: incompatible implicit declaration of built-in function 'sscanf' [-Wbuiltin-declaration-mismatch]
  544 |               sscanf(rx_buf, "%d/", &rx_theta);
      |               ^~~~~~
../Core/Src/main.c:544:15: note: include '<stdio.h>' or provide a declaration of 'sscanf'
arm-none-eabi-gcc -o "motor6.elf" @"objects.list"   -mcpu=cortex-m3 -T"D:\STM32\motor1\motor6\STM32F103RBTX_FLASH.ld" --specs=nosys.specs -Wl,-Map="motor6.map" -Wl,--gc-sections -static -u _scanf_float --specs=nano.specs -mfloat-abi=soft -mthumb -Wl,--start-group -lc -lm -Wl,--end-group
Finished building target: motor6.elf
 
arm-none-eabi-size  motor6.elf 
arm-none-eabi-objdump -h -S motor6.elf  > "motor6.list"
   text	   data	    bss	    dec	    hex	filename
  39908	    488	   2600	  42996	   a7f4	motor6.elf
Finished building: default.size.stdout
 
Finished building: motor6.list
 
15:12:28 **** Incremental Build of configuration Debug for project motor6 ****
make -j12 all 
arm-none-eabi-gcc "../Core/Src/main.c" -mcpu=cortex-m3 -std=gnu11 -g3 -DDEBUG -DUSE_HAL_DRIVER -DSTM32F103xB -c -I../Core/Inc -I../Drivers/STM32F1xx_HAL_Driver/Inc -I../Drivers/STM32F1xx_HAL_Driver/Inc/Legacy -I../Drivers/CMSIS/Device/ST/STM32F1xx/Include -I../Drivers/CMSIS/Include -O0 -ffunction-sections -fdata-sections -Wall -fstack-usage -fcyclomatic-complexity -MMD -MP -MF"Core/Src/main.d" -MT"Core/Src/main.o" --specs=nano.specs -mfloat-abi=soft -mthumb -o "Core/Src/main.o"
../Core/Src/main.c: In function 'HAL_UART_RxCpltCallback':
../Core/Src/main.c:381:17: warning: implicit declaration of function 'sscanf' [-Wimplicit-function-declaration]
  381 |                 sscanf(fe_data, "%f", &dis);
      |                 ^~~~~~
../Core/Src/main.c:24:1: note: include '<stdio.h>' or provide a declaration of 'sscanf'
   23 | #include "gpio.h"
  +++ |+#include <stdio.h>
   24 | 
../Core/Src/main.c:381:17: warning: incompatible implicit declaration of built-in function 'sscanf' [-Wbuiltin-declaration-mismatch]
  381 |                 sscanf(fe_data, "%f", &dis);
      |                 ^~~~~~
../Core/Src/main.c:381:17: note: include '<stdio.h>' or provide a declaration of 'sscanf'
../Core/Src/main.c:383:23: warning: implicit declaration of function 'roundf' [-Wimplicit-function-declaration]
  383 |                 dis = roundf(dis * 100) / 100;
      |                       ^~~~~~
../Core/Src/main.c:24:1: note: include '<math.h>' or provide a declaration of 'roundf'
   23 | #include "gpio.h"
  +++ |+#include <math.h>
   24 | 
../Core/Src/main.c:383:23: warning: incompatible implicit declaration of built-in function 'roundf' [-Wbuiltin-declaration-mismatch]
  383 |                 dis = roundf(dis * 100) / 100;
      |                       ^~~~~~
../Core/Src/main.c:383:23: note: include '<math.h>' or provide a declaration of 'roundf'
../Core/Src/main.c:385:46: warning: passing argument 2 of 'HAL_UART_Receive_IT' from incompatible pointer type [-Wincompatible-pointer-types]
  385 |                 HAL_UART_Receive_IT(&huart1, &uwb_buf, 4);
      |                                              ^~~~~~~~
      |                                              |
      |                                              char (*)[4]
In file included from ../Core/Inc/stm32f1xx_hal_conf.h:338,
                 from ../Drivers/STM32F1xx_HAL_Driver/Inc/stm32f1xx_hal.h:29,
                 from ../Core/Inc/main.h:30,
                 from ../Core/Src/main.c:20:
../Drivers/STM32F1xx_HAL_Driver/Inc/stm32f1xx_hal_uart.h:752:75: note: expected 'uint8_t *' {aka 'unsigned char *'} but argument is of type 'char (*)[4]'
  752 | HAL_StatusTypeDef HAL_UART_Receive_IT(UART_HandleTypeDef *huart, uint8_t *pData, uint16_t Size);
      |                                                                  ~~~~~~~~~^~~~~
../Core/Src/main.c: In function 'main':
../Core/Src/main.c:497:32: warning: passing argument 2 of 'HAL_UART_Receive_IT' from incompatible pointer type [-Wincompatible-pointer-types]
  497 |   HAL_UART_Receive_IT(&huart1, &uwb_buf, 4);
      |                                ^~~~~~~~
      |                                |
      |                                char (*)[4]
../Drivers/STM32F1xx_HAL_Driver/Inc/stm32f1xx_hal_uart.h:752:75: note: expected 'uint8_t *' {aka 'unsigned char *'} but argument is of type 'char (*)[4]'
  752 | HAL_StatusTypeDef HAL_UART_Receive_IT(UART_HandleTypeDef *huart, uint8_t *pData, uint16_t Size);
      |                                                                  ~~~~~~~~~^~~~~
../Core/Src/main.c:544:15: warning: incompatible implicit declaration of built-in function 'sscanf' [-Wbuiltin-declaration-mismatch]
  544 |               sscanf(rx_buf, "%d/", &rx_theta);
      |               ^~~~~~
../Core/Src/main.c:544:15: note: include '<stdio.h>' or provide a declaration of 'sscanf'
arm-none-eabi-gcc -o "motor6.elf" @"objects.list"   -mcpu=cortex-m3 -T"D:\STM32\motor1\motor6\STM32F103RBTX_FLASH.ld" --specs=nosys.specs -Wl,-Map="motor6.map" -Wl,--gc-sections -static -u _scanf_float --specs=nano.specs -mfloat-abi=soft -mthumb -Wl,--start-group -lc -lm -Wl,--end-group
Finished building target: motor6.elf
 
arm-none-eabi-size  motor6.elf 
arm-none-eabi-objdump -h -S motor6.elf  > "motor6.list"
   text	   data	    bss	    dec	    hex	filename
  39948	    488	   2608	  43044	   a824	motor6.elf
Finished building: default.size.stdout
 
Finished building: motor6.list
 
15:29:01 **** Incremental Build of configuration Debug for project motor6 ****
make -j12 all 
arm-none-eabi-gcc "../Core/Src/main.c" -mcpu=cortex-m3 -std=gnu11 -g3 -DDEBUG -DUSE_HAL_DRIVER -DSTM32F103xB -c -I../Core/Inc -I../Drivers/STM32F1xx_HAL_Driver/Inc -I../Drivers/STM32F1xx_HAL_Driver/Inc/Legacy -I../Drivers/CMSIS/Device/ST/STM32F1xx/Include -I../Drivers/CMSIS/Include -O0 -ffunction-sections -fdata-sections -Wall -fstack-usage -fcyclomatic-complexity -MMD -MP -MF"Core/Src/main.d" -MT"Core/Src/main.o" --specs=nano.specs -mfloat-abi=soft -mthumb -o "Core/Src/main.o"
../Core/Src/main.c: In function 'HAL_UART_RxCpltCallback':
../Core/Src/main.c:381:17: warning: implicit declaration of function 'sscanf' [-Wimplicit-function-declaration]
  381 |                 sscanf(fe_data, "%f", &dis);
      |                 ^~~~~~
../Core/Src/main.c:24:1: note: include '<stdio.h>' or provide a declaration of 'sscanf'
   23 | #include "gpio.h"
  +++ |+#include <stdio.h>
   24 | 
../Core/Src/main.c:381:17: warning: incompatible implicit declaration of built-in function 'sscanf' [-Wbuiltin-declaration-mismatch]
  381 |                 sscanf(fe_data, "%f", &dis);
      |                 ^~~~~~
../Core/Src/main.c:381:17: note: include '<stdio.h>' or provide a declaration of 'sscanf'
../Core/Src/main.c:383:23: warning: implicit declaration of function 'roundf' [-Wimplicit-function-declaration]
  383 |                 dis = roundf(dis * 100) / 100;
      |                       ^~~~~~
../Core/Src/main.c:24:1: note: include '<math.h>' or provide a declaration of 'roundf'
   23 | #include "gpio.h"
  +++ |+#include <math.h>
   24 | 
../Core/Src/main.c:383:23: warning: incompatible implicit declaration of built-in function 'roundf' [-Wbuiltin-declaration-mismatch]
  383 |                 dis = roundf(dis * 100) / 100;
      |                       ^~~~~~
../Core/Src/main.c:383:23: note: include '<math.h>' or provide a declaration of 'roundf'
../Core/Src/main.c:385:46: warning: passing argument 2 of 'HAL_UART_Receive_IT' from incompatible pointer type [-Wincompatible-pointer-types]
  385 |                 HAL_UART_Receive_IT(&huart1, &uwb_buf, 4);
      |                                              ^~~~~~~~
      |                                              |
      |                                              char (*)[4]
In file included from ../Core/Inc/stm32f1xx_hal_conf.h:338,
                 from ../Drivers/STM32F1xx_HAL_Driver/Inc/stm32f1xx_hal.h:29,
                 from ../Core/Inc/main.h:30,
                 from ../Core/Src/main.c:20:
../Drivers/STM32F1xx_HAL_Driver/Inc/stm32f1xx_hal_uart.h:752:75: note: expected 'uint8_t *' {aka 'unsigned char *'} but argument is of type 'char (*)[4]'
  752 | HAL_StatusTypeDef HAL_UART_Receive_IT(UART_HandleTypeDef *huart, uint8_t *pData, uint16_t Size);
      |                                                                  ~~~~~~~~~^~~~~
../Core/Src/main.c: In function 'main':
../Core/Src/main.c:497:32: warning: passing argument 2 of 'HAL_UART_Receive_IT' from incompatible pointer type [-Wincompatible-pointer-types]
  497 |   HAL_UART_Receive_IT(&huart1, &uwb_buf, 4);
      |                                ^~~~~~~~
      |                                |
      |                                char (*)[4]
../Drivers/STM32F1xx_HAL_Driver/Inc/stm32f1xx_hal_uart.h:752:75: note: expected 'uint8_t *' {aka 'unsigned char *'} but argument is of type 'char (*)[4]'
  752 | HAL_StatusTypeDef HAL_UART_Receive_IT(UART_HandleTypeDef *huart, uint8_t *pData, uint16_t Size);
      |                                                                  ~~~~~~~~~^~~~~
../Core/Src/main.c:544:15: warning: incompatible implicit declaration of built-in function 'sscanf' [-Wbuiltin-declaration-mismatch]
  544 |               sscanf(rx_buf, "%d/", &rx_theta);
      |               ^~~~~~
../Core/Src/main.c:544:15: note: include '<stdio.h>' or provide a declaration of 'sscanf'
arm-none-eabi-gcc -o "motor6.elf" @"objects.list"   -mcpu=cortex-m3 -T"D:\STM32\motor1\motor6\STM32F103RBTX_FLASH.ld" --specs=nosys.specs -Wl,-Map="motor6.map" -Wl,--gc-sections -static -u _scanf_float --specs=nano.specs -mfloat-abi=soft -mthumb -Wl,--start-group -lc -lm -Wl,--end-group
Finished building target: motor6.elf
 
arm-none-eabi-size  motor6.elf 
arm-none-eabi-objdump -h -S motor6.elf  > "motor6.list"
   text	   data	    bss	    dec	    hex	filename
  39964	    488	   2608	  43060	   a834	motor6.elf
Finished building: default.size.stdout
 
Finished building: motor6.list
 
15:30:39 **** Incremental Build of configuration Debug for project motor6 ****
make -j12 all 
arm-none-eabi-gcc "../Core/Src/main.c" -mcpu=cortex-m3 -std=gnu11 -g3 -DDEBUG -DUSE_HAL_DRIVER -DSTM32F103xB -c -I../Core/Inc -I../Drivers/STM32F1xx_HAL_Driver/Inc -I../Drivers/STM32F1xx_HAL_Driver/Inc/Legacy -I../Drivers/CMSIS/Device/ST/STM32F1xx/Include -I../Drivers/CMSIS/Include -O0 -ffunction-sections -fdata-sections -Wall -fstack-usage -fcyclomatic-complexity -MMD -MP -MF"Core/Src/main.d" -MT"Core/Src/main.o" --specs=nano.specs -mfloat-abi=soft -mthumb -o "Core/Src/main.o"
../Core/Src/main.c: In function 'HAL_UART_RxCpltCallback':
../Core/Src/main.c:381:17: warning: implicit declaration of function 'sscanf' [-Wimplicit-function-declaration]
  381 |                 sscanf(fe_data, "%f", &dis);
      |                 ^~~~~~
../Core/Src/main.c:24:1: note: include '<stdio.h>' or provide a declaration of 'sscanf'
   23 | #include "gpio.h"
  +++ |+#include <stdio.h>
   24 | 
../Core/Src/main.c:381:17: warning: incompatible implicit declaration of built-in function 'sscanf' [-Wbuiltin-declaration-mismatch]
  381 |                 sscanf(fe_data, "%f", &dis);
      |                 ^~~~~~
../Core/Src/main.c:381:17: note: include '<stdio.h>' or provide a declaration of 'sscanf'
../Core/Src/main.c:383:23: warning: implicit declaration of function 'roundf' [-Wimplicit-function-declaration]
  383 |                 dis = roundf(dis * 100) / 100;
      |                       ^~~~~~
../Core/Src/main.c:24:1: note: include '<math.h>' or provide a declaration of 'roundf'
   23 | #include "gpio.h"
  +++ |+#include <math.h>
   24 | 
../Core/Src/main.c:383:23: warning: incompatible implicit declaration of built-in function 'roundf' [-Wbuiltin-declaration-mismatch]
  383 |                 dis = roundf(dis * 100) / 100;
      |                       ^~~~~~
../Core/Src/main.c:383:23: note: include '<math.h>' or provide a declaration of 'roundf'
../Core/Src/main.c:385:46: warning: passing argument 2 of 'HAL_UART_Receive_IT' from incompatible pointer type [-Wincompatible-pointer-types]
  385 |                 HAL_UART_Receive_IT(&huart1, &uwb_buf, 4);
      |                                              ^~~~~~~~
      |                                              |
      |                                              char (*)[4]
In file included from ../Core/Inc/stm32f1xx_hal_conf.h:338,
                 from ../Drivers/STM32F1xx_HAL_Driver/Inc/stm32f1xx_hal.h:29,
                 from ../Core/Inc/main.h:30,
                 from ../Core/Src/main.c:20:
../Drivers/STM32F1xx_HAL_Driver/Inc/stm32f1xx_hal_uart.h:752:75: note: expected 'uint8_t *' {aka 'unsigned char *'} but argument is of type 'char (*)[4]'
  752 | HAL_StatusTypeDef HAL_UART_Receive_IT(UART_HandleTypeDef *huart, uint8_t *pData, uint16_t Size);
      |                                                                  ~~~~~~~~~^~~~~
../Core/Src/main.c: In function 'main':
../Core/Src/main.c:497:32: warning: passing argument 2 of 'HAL_UART_Receive_IT' from incompatible pointer type [-Wincompatible-pointer-types]
  497 |   HAL_UART_Receive_IT(&huart1, &uwb_buf, 4);
      |                                ^~~~~~~~
      |                                |
      |                                char (*)[4]
../Drivers/STM32F1xx_HAL_Driver/Inc/stm32f1xx_hal_uart.h:752:75: note: expected 'uint8_t *' {aka 'unsigned char *'} but argument is of type 'char (*)[4]'
  752 | HAL_StatusTypeDef HAL_UART_Receive_IT(UART_HandleTypeDef *huart, uint8_t *pData, uint16_t Size);
      |                                                                  ~~~~~~~~~^~~~~
../Core/Src/main.c:544:15: warning: incompatible implicit declaration of built-in function 'sscanf' [-Wbuiltin-declaration-mismatch]
  544 |               sscanf(rx_buf, "%d/", &rx_theta);
      |               ^~~~~~
../Core/Src/main.c:544:15: note: include '<stdio.h>' or provide a declaration of 'sscanf'
arm-none-eabi-gcc -o "motor6.elf" @"objects.list"   -mcpu=cortex-m3 -T"D:\STM32\motor1\motor6\STM32F103RBTX_FLASH.ld" --specs=nosys.specs -Wl,-Map="motor6.map" -Wl,--gc-sections -static -u _scanf_float --specs=nano.specs -mfloat-abi=soft -mthumb -Wl,--start-group -lc -lm -Wl,--end-group
Finished building target: motor6.elf
 
arm-none-eabi-size  motor6.elf 
arm-none-eabi-objdump -h -S motor6.elf  > "motor6.list"
   text	   data	    bss	    dec	    hex	filename
  39964	    488	   2608	  43060	   a834	motor6.elf
Finished building: default.size.stdout
 
Finished building: motor6.list
 
15:31:40 **** Incremental Build of configuration Debug for project motor6 ****
make -j12 all 
arm-none-eabi-gcc "../Core/Src/main.c" -mcpu=cortex-m3 -std=gnu11 -g3 -DDEBUG -DUSE_HAL_DRIVER -DSTM32F103xB -c -I../Core/Inc -I../Drivers/STM32F1xx_HAL_Driver/Inc -I../Drivers/STM32F1xx_HAL_Driver/Inc/Legacy -I../Drivers/CMSIS/Device/ST/STM32F1xx/Include -I../Drivers/CMSIS/Include -O0 -ffunction-sections -fdata-sections -Wall -fstack-usage -fcyclomatic-complexity -MMD -MP -MF"Core/Src/main.d" -MT"Core/Src/main.o" --specs=nano.specs -mfloat-abi=soft -mthumb -o "Core/Src/main.o"
../Core/Src/main.c: In function 'HAL_UART_RxCpltCallback':
../Core/Src/main.c:381:17: warning: implicit declaration of function 'sscanf' [-Wimplicit-function-declaration]
  381 |                 sscanf(fe_data, "%f", &dis);
      |                 ^~~~~~
../Core/Src/main.c:24:1: note: include '<stdio.h>' or provide a declaration of 'sscanf'
   23 | #include "gpio.h"
  +++ |+#include <stdio.h>
   24 | 
../Core/Src/main.c:381:17: warning: incompatible implicit declaration of built-in function 'sscanf' [-Wbuiltin-declaration-mismatch]
  381 |                 sscanf(fe_data, "%f", &dis);
      |                 ^~~~~~
../Core/Src/main.c:381:17: note: include '<stdio.h>' or provide a declaration of 'sscanf'
../Core/Src/main.c:383:23: warning: implicit declaration of function 'roundf' [-Wimplicit-function-declaration]
  383 |                 dis = roundf(dis * 100) / 100;
      |                       ^~~~~~
../Core/Src/main.c:24:1: note: include '<math.h>' or provide a declaration of 'roundf'
   23 | #include "gpio.h"
  +++ |+#include <math.h>
   24 | 
../Core/Src/main.c:383:23: warning: incompatible implicit declaration of built-in function 'roundf' [-Wbuiltin-declaration-mismatch]
  383 |                 dis = roundf(dis * 100) / 100;
      |                       ^~~~~~
../Core/Src/main.c:383:23: note: include '<math.h>' or provide a declaration of 'roundf'
../Core/Src/main.c:385:46: warning: passing argument 2 of 'HAL_UART_Receive_IT' from incompatible pointer type [-Wincompatible-pointer-types]
  385 |                 HAL_UART_Receive_IT(&huart1, &uwb_buf, 4);
      |                                              ^~~~~~~~
      |                                              |
      |                                              char (*)[4]
In file included from ../Core/Inc/stm32f1xx_hal_conf.h:338,
                 from ../Drivers/STM32F1xx_HAL_Driver/Inc/stm32f1xx_hal.h:29,
                 from ../Core/Inc/main.h:30,
                 from ../Core/Src/main.c:20:
../Drivers/STM32F1xx_HAL_Driver/Inc/stm32f1xx_hal_uart.h:752:75: note: expected 'uint8_t *' {aka 'unsigned char *'} but argument is of type 'char (*)[4]'
  752 | HAL_StatusTypeDef HAL_UART_Receive_IT(UART_HandleTypeDef *huart, uint8_t *pData, uint16_t Size);
      |                                                                  ~~~~~~~~~^~~~~
../Core/Src/main.c: In function 'main':
../Core/Src/main.c:497:32: warning: passing argument 2 of 'HAL_UART_Receive_IT' from incompatible pointer type [-Wincompatible-pointer-types]
  497 |   HAL_UART_Receive_IT(&huart1, &uwb_buf, 4);
      |                                ^~~~~~~~
      |                                |
      |                                char (*)[4]
../Drivers/STM32F1xx_HAL_Driver/Inc/stm32f1xx_hal_uart.h:752:75: note: expected 'uint8_t *' {aka 'unsigned char *'} but argument is of type 'char (*)[4]'
  752 | HAL_StatusTypeDef HAL_UART_Receive_IT(UART_HandleTypeDef *huart, uint8_t *pData, uint16_t Size);
      |                                                                  ~~~~~~~~~^~~~~
../Core/Src/main.c:544:15: warning: incompatible implicit declaration of built-in function 'sscanf' [-Wbuiltin-declaration-mismatch]
  544 |               sscanf(rx_buf, "%d/", &rx_theta);
      |               ^~~~~~
../Core/Src/main.c:544:15: note: include '<stdio.h>' or provide a declaration of 'sscanf'
arm-none-eabi-gcc -o "motor6.elf" @"objects.list"   -mcpu=cortex-m3 -T"D:\STM32\motor1\motor6\STM32F103RBTX_FLASH.ld" --specs=nosys.specs -Wl,-Map="motor6.map" -Wl,--gc-sections -static -u _scanf_float --specs=nano.specs -mfloat-abi=soft -mthumb -Wl,--start-group -lc -lm -Wl,--end-group
Finished building target: motor6.elf
 
arm-none-eabi-size  motor6.elf 
arm-none-eabi-objdump -h -S motor6.elf  > "motor6.list"
   text	   data	    bss	    dec	    hex	filename
  39964	    488	   2608	  43060	   a834	motor6.elf
Finished building: default.size.stdout
 
Finished building: motor6.list
 
15:32:28 **** Incremental Build of configuration Debug for project motor6 ****
make -j12 all 
arm-none-eabi-gcc "../Core/Src/main.c" -mcpu=cortex-m3 -std=gnu11 -g3 -DDEBUG -DUSE_HAL_DRIVER -DSTM32F103xB -c -I../Core/Inc -I../Drivers/STM32F1xx_HAL_Driver/Inc -I../Drivers/STM32F1xx_HAL_Driver/Inc/Legacy -I../Drivers/CMSIS/Device/ST/STM32F1xx/Include -I../Drivers/CMSIS/Include -O0 -ffunction-sections -fdata-sections -Wall -fstack-usage -fcyclomatic-complexity -MMD -MP -MF"Core/Src/main.d" -MT"Core/Src/main.o" --specs=nano.specs -mfloat-abi=soft -mthumb -o "Core/Src/main.o"
../Core/Src/main.c: In function 'HAL_UART_RxCpltCallback':
../Core/Src/main.c:381:17: warning: implicit declaration of function 'sscanf' [-Wimplicit-function-declaration]
  381 |                 sscanf(fe_data, "%f", &dis);
      |                 ^~~~~~
../Core/Src/main.c:24:1: note: include '<stdio.h>' or provide a declaration of 'sscanf'
   23 | #include "gpio.h"
  +++ |+#include <stdio.h>
   24 | 
../Core/Src/main.c:381:17: warning: incompatible implicit declaration of built-in function 'sscanf' [-Wbuiltin-declaration-mismatch]
  381 |                 sscanf(fe_data, "%f", &dis);
      |                 ^~~~~~
../Core/Src/main.c:381:17: note: include '<stdio.h>' or provide a declaration of 'sscanf'
../Core/Src/main.c:383:23: warning: implicit declaration of function 'roundf' [-Wimplicit-function-declaration]
  383 |                 dis = roundf(dis * 100) / 100;
      |                       ^~~~~~
../Core/Src/main.c:24:1: note: include '<math.h>' or provide a declaration of 'roundf'
   23 | #include "gpio.h"
  +++ |+#include <math.h>
   24 | 
../Core/Src/main.c:383:23: warning: incompatible implicit declaration of built-in function 'roundf' [-Wbuiltin-declaration-mismatch]
  383 |                 dis = roundf(dis * 100) / 100;
      |                       ^~~~~~
../Core/Src/main.c:383:23: note: include '<math.h>' or provide a declaration of 'roundf'
../Core/Src/main.c:385:46: warning: passing argument 2 of 'HAL_UART_Receive_IT' from incompatible pointer type [-Wincompatible-pointer-types]
  385 |                 HAL_UART_Receive_IT(&huart1, &uwb_buf, 4);
      |                                              ^~~~~~~~
      |                                              |
      |                                              char (*)[4]
In file included from ../Core/Inc/stm32f1xx_hal_conf.h:338,
                 from ../Drivers/STM32F1xx_HAL_Driver/Inc/stm32f1xx_hal.h:29,
                 from ../Core/Inc/main.h:30,
                 from ../Core/Src/main.c:20:
../Drivers/STM32F1xx_HAL_Driver/Inc/stm32f1xx_hal_uart.h:752:75: note: expected 'uint8_t *' {aka 'unsigned char *'} but argument is of type 'char (*)[4]'
  752 | HAL_StatusTypeDef HAL_UART_Receive_IT(UART_HandleTypeDef *huart, uint8_t *pData, uint16_t Size);
      |                                                                  ~~~~~~~~~^~~~~
../Core/Src/main.c: In function 'main':
../Core/Src/main.c:497:32: warning: passing argument 2 of 'HAL_UART_Receive_IT' from incompatible pointer type [-Wincompatible-pointer-types]
  497 |   HAL_UART_Receive_IT(&huart1, &uwb_buf, 4);
      |                                ^~~~~~~~
      |                                |
      |                                char (*)[4]
../Drivers/STM32F1xx_HAL_Driver/Inc/stm32f1xx_hal_uart.h:752:75: note: expected 'uint8_t *' {aka 'unsigned char *'} but argument is of type 'char (*)[4]'
  752 | HAL_StatusTypeDef HAL_UART_Receive_IT(UART_HandleTypeDef *huart, uint8_t *pData, uint16_t Size);
      |                                                                  ~~~~~~~~~^~~~~
../Core/Src/main.c:544:15: warning: incompatible implicit declaration of built-in function 'sscanf' [-Wbuiltin-declaration-mismatch]
  544 |               sscanf(rx_buf, "%d/", &rx_theta);
      |               ^~~~~~
../Core/Src/main.c:544:15: note: include '<stdio.h>' or provide a declaration of 'sscanf'
arm-none-eabi-gcc -o "motor6.elf" @"objects.list"   -mcpu=cortex-m3 -T"D:\STM32\motor1\motor6\STM32F103RBTX_FLASH.ld" --specs=nosys.specs -Wl,-Map="motor6.map" -Wl,--gc-sections -static -u _scanf_float --specs=nano.specs -mfloat-abi=soft -mthumb -Wl,--start-group -lc -lm -Wl,--end-group
Finished building target: motor6.elf
 
arm-none-eabi-size  motor6.elf 
arm-none-eabi-objdump -h -S motor6.elf  > "motor6.list"
   text	   data	    bss	    dec	    hex	filename
  39964	    488	   2608	  43060	   a834	motor6.elf
Finished building: default.size.stdout
 
Finished building: motor6.list
 
15:33:15 **** Incremental Build of configuration Debug for project motor6 ****
make -j12 all 
arm-none-eabi-gcc "../Core/Src/main.c" -mcpu=cortex-m3 -std=gnu11 -g3 -DDEBUG -DUSE_HAL_DRIVER -DSTM32F103xB -c -I../Core/Inc -I../Drivers/STM32F1xx_HAL_Driver/Inc -I../Drivers/STM32F1xx_HAL_Driver/Inc/Legacy -I../Drivers/CMSIS/Device/ST/STM32F1xx/Include -I../Drivers/CMSIS/Include -O0 -ffunction-sections -fdata-sections -Wall -fstack-usage -fcyclomatic-complexity -MMD -MP -MF"Core/Src/main.d" -MT"Core/Src/main.o" --specs=nano.specs -mfloat-abi=soft -mthumb -o "Core/Src/main.o"
../Core/Src/main.c: In function 'HAL_UART_RxCpltCallback':
../Core/Src/main.c:381:17: warning: implicit declaration of function 'sscanf' [-Wimplicit-function-declaration]
  381 |                 sscanf(fe_data, "%f", &dis);
      |                 ^~~~~~
../Core/Src/main.c:24:1: note: include '<stdio.h>' or provide a declaration of 'sscanf'
   23 | #include "gpio.h"
  +++ |+#include <stdio.h>
   24 | 
../Core/Src/main.c:381:17: warning: incompatible implicit declaration of built-in function 'sscanf' [-Wbuiltin-declaration-mismatch]
  381 |                 sscanf(fe_data, "%f", &dis);
      |                 ^~~~~~
../Core/Src/main.c:381:17: note: include '<stdio.h>' or provide a declaration of 'sscanf'
../Core/Src/main.c:383:23: warning: implicit declaration of function 'roundf' [-Wimplicit-function-declaration]
  383 |                 dis = roundf(dis * 100) / 100;
      |                       ^~~~~~
../Core/Src/main.c:24:1: note: include '<math.h>' or provide a declaration of 'roundf'
   23 | #include "gpio.h"
  +++ |+#include <math.h>
   24 | 
../Core/Src/main.c:383:23: warning: incompatible implicit declaration of built-in function 'roundf' [-Wbuiltin-declaration-mismatch]
  383 |                 dis = roundf(dis * 100) / 100;
      |                       ^~~~~~
../Core/Src/main.c:383:23: note: include '<math.h>' or provide a declaration of 'roundf'
../Core/Src/main.c:385:46: warning: passing argument 2 of 'HAL_UART_Receive_IT' from incompatible pointer type [-Wincompatible-pointer-types]
  385 |                 HAL_UART_Receive_IT(&huart1, &uwb_buf, 4);
      |                                              ^~~~~~~~
      |                                              |
      |                                              char (*)[4]
In file included from ../Core/Inc/stm32f1xx_hal_conf.h:338,
                 from ../Drivers/STM32F1xx_HAL_Driver/Inc/stm32f1xx_hal.h:29,
                 from ../Core/Inc/main.h:30,
                 from ../Core/Src/main.c:20:
../Drivers/STM32F1xx_HAL_Driver/Inc/stm32f1xx_hal_uart.h:752:75: note: expected 'uint8_t *' {aka 'unsigned char *'} but argument is of type 'char (*)[4]'
  752 | HAL_StatusTypeDef HAL_UART_Receive_IT(UART_HandleTypeDef *huart, uint8_t *pData, uint16_t Size);
      |                                                                  ~~~~~~~~~^~~~~
../Core/Src/main.c: In function 'main':
../Core/Src/main.c:497:32: warning: passing argument 2 of 'HAL_UART_Receive_IT' from incompatible pointer type [-Wincompatible-pointer-types]
  497 |   HAL_UART_Receive_IT(&huart1, &uwb_buf, 4);
      |                                ^~~~~~~~
      |                                |
      |                                char (*)[4]
../Drivers/STM32F1xx_HAL_Driver/Inc/stm32f1xx_hal_uart.h:752:75: note: expected 'uint8_t *' {aka 'unsigned char *'} but argument is of type 'char (*)[4]'
  752 | HAL_StatusTypeDef HAL_UART_Receive_IT(UART_HandleTypeDef *huart, uint8_t *pData, uint16_t Size);
      |                                                                  ~~~~~~~~~^~~~~
../Core/Src/main.c:544:15: warning: incompatible implicit declaration of built-in function 'sscanf' [-Wbuiltin-declaration-mismatch]
  544 |               sscanf(rx_buf, "%d/", &rx_theta);
      |               ^~~~~~
../Core/Src/main.c:544:15: note: include '<stdio.h>' or provide a declaration of 'sscanf'
arm-none-eabi-gcc -o "motor6.elf" @"objects.list"   -mcpu=cortex-m3 -T"D:\STM32\motor1\motor6\STM32F103RBTX_FLASH.ld" --specs=nosys.specs -Wl,-Map="motor6.map" -Wl,--gc-sections -static -u _scanf_float --specs=nano.specs -mfloat-abi=soft -mthumb -Wl,--start-group -lc -lm -Wl,--end-group
Finished building target: motor6.elf
 
arm-none-eabi-size  motor6.elf 
arm-none-eabi-objdump -h -S motor6.elf  > "motor6.list"
   text	   data	    bss	    dec	    hex	filename
  39964	    488	   2608	  43060	   a834	motor6.elf
Finished building: default.size.stdout
 
Finished building: motor6.list
 
15:34:21 **** Incremental Build of configuration Debug for project motor6 ****
make -j12 all 
arm-none-eabi-gcc "../Core/Src/main.c" -mcpu=cortex-m3 -std=gnu11 -g3 -DDEBUG -DUSE_HAL_DRIVER -DSTM32F103xB -c -I../Core/Inc -I../Drivers/STM32F1xx_HAL_Driver/Inc -I../Drivers/STM32F1xx_HAL_Driver/Inc/Legacy -I../Drivers/CMSIS/Device/ST/STM32F1xx/Include -I../Drivers/CMSIS/Include -O0 -ffunction-sections -fdata-sections -Wall -fstack-usage -fcyclomatic-complexity -MMD -MP -MF"Core/Src/main.d" -MT"Core/Src/main.o" --specs=nano.specs -mfloat-abi=soft -mthumb -o "Core/Src/main.o"
../Core/Src/main.c: In function 'HAL_UART_RxCpltCallback':
../Core/Src/main.c:381:17: warning: implicit declaration of function 'sscanf' [-Wimplicit-function-declaration]
  381 |                 sscanf(fe_data, "%f", &dis);
      |                 ^~~~~~
../Core/Src/main.c:24:1: note: include '<stdio.h>' or provide a declaration of 'sscanf'
   23 | #include "gpio.h"
  +++ |+#include <stdio.h>
   24 | 
../Core/Src/main.c:381:17: warning: incompatible implicit declaration of built-in function 'sscanf' [-Wbuiltin-declaration-mismatch]
  381 |                 sscanf(fe_data, "%f", &dis);
      |                 ^~~~~~
../Core/Src/main.c:381:17: note: include '<stdio.h>' or provide a declaration of 'sscanf'
../Core/Src/main.c:383:23: warning: implicit declaration of function 'roundf' [-Wimplicit-function-declaration]
  383 |                 dis = roundf(dis * 100) / 100;
      |                       ^~~~~~
../Core/Src/main.c:24:1: note: include '<math.h>' or provide a declaration of 'roundf'
   23 | #include "gpio.h"
  +++ |+#include <math.h>
   24 | 
../Core/Src/main.c:383:23: warning: incompatible implicit declaration of built-in function 'roundf' [-Wbuiltin-declaration-mismatch]
  383 |                 dis = roundf(dis * 100) / 100;
      |                       ^~~~~~
../Core/Src/main.c:383:23: note: include '<math.h>' or provide a declaration of 'roundf'
../Core/Src/main.c:385:46: warning: passing argument 2 of 'HAL_UART_Receive_IT' from incompatible pointer type [-Wincompatible-pointer-types]
  385 |                 HAL_UART_Receive_IT(&huart1, &uwb_buf, 4);
      |                                              ^~~~~~~~
      |                                              |
      |                                              char (*)[4]
In file included from ../Core/Inc/stm32f1xx_hal_conf.h:338,
                 from ../Drivers/STM32F1xx_HAL_Driver/Inc/stm32f1xx_hal.h:29,
                 from ../Core/Inc/main.h:30,
                 from ../Core/Src/main.c:20:
../Drivers/STM32F1xx_HAL_Driver/Inc/stm32f1xx_hal_uart.h:752:75: note: expected 'uint8_t *' {aka 'unsigned char *'} but argument is of type 'char (*)[4]'
  752 | HAL_StatusTypeDef HAL_UART_Receive_IT(UART_HandleTypeDef *huart, uint8_t *pData, uint16_t Size);
      |                                                                  ~~~~~~~~~^~~~~
../Core/Src/main.c: In function 'main':
../Core/Src/main.c:497:32: warning: passing argument 2 of 'HAL_UART_Receive_IT' from incompatible pointer type [-Wincompatible-pointer-types]
  497 |   HAL_UART_Receive_IT(&huart1, &uwb_buf, 4);
      |                                ^~~~~~~~
      |                                |
      |                                char (*)[4]
../Drivers/STM32F1xx_HAL_Driver/Inc/stm32f1xx_hal_uart.h:752:75: note: expected 'uint8_t *' {aka 'unsigned char *'} but argument is of type 'char (*)[4]'
  752 | HAL_StatusTypeDef HAL_UART_Receive_IT(UART_HandleTypeDef *huart, uint8_t *pData, uint16_t Size);
      |                                                                  ~~~~~~~~~^~~~~
../Core/Src/main.c:544:15: warning: incompatible implicit declaration of built-in function 'sscanf' [-Wbuiltin-declaration-mismatch]
  544 |               sscanf(rx_buf, "%d/", &rx_theta);
      |               ^~~~~~
../Core/Src/main.c:544:15: note: include '<stdio.h>' or provide a declaration of 'sscanf'
arm-none-eabi-gcc -o "motor6.elf" @"objects.list"   -mcpu=cortex-m3 -T"D:\STM32\motor1\motor6\STM32F103RBTX_FLASH.ld" --specs=nosys.specs -Wl,-Map="motor6.map" -Wl,--gc-sections -static -u _scanf_float --specs=nano.specs -mfloat-abi=soft -mthumb -Wl,--start-group -lc -lm -Wl,--end-group
Finished building target: motor6.elf
 
arm-none-eabi-size  motor6.elf 
arm-none-eabi-objdump -h -S motor6.elf  > "motor6.list"
   text	   data	    bss	    dec	    hex	filename
  39964	    488	   2608	  43060	   a834	motor6.elf
Finished building: default.size.stdout
 
Finished building: motor6.list
 
15:35:21 **** Incremental Build of configuration Debug for project motor6 ****
make -j12 all 
arm-none-eabi-gcc "../Core/Src/main.c" -mcpu=cortex-m3 -std=gnu11 -g3 -DDEBUG -DUSE_HAL_DRIVER -DSTM32F103xB -c -I../Core/Inc -I../Drivers/STM32F1xx_HAL_Driver/Inc -I../Drivers/STM32F1xx_HAL_Driver/Inc/Legacy -I../Drivers/CMSIS/Device/ST/STM32F1xx/Include -I../Drivers/CMSIS/Include -O0 -ffunction-sections -fdata-sections -Wall -fstack-usage -fcyclomatic-complexity -MMD -MP -MF"Core/Src/main.d" -MT"Core/Src/main.o" --specs=nano.specs -mfloat-abi=soft -mthumb -o "Core/Src/main.o"
../Core/Src/main.c: In function 'HAL_UART_RxCpltCallback':
../Core/Src/main.c:381:17: warning: implicit declaration of function 'sscanf' [-Wimplicit-function-declaration]
  381 |                 sscanf(fe_data, "%f", &dis);
      |                 ^~~~~~
../Core/Src/main.c:24:1: note: include '<stdio.h>' or provide a declaration of 'sscanf'
   23 | #include "gpio.h"
  +++ |+#include <stdio.h>
   24 | 
../Core/Src/main.c:381:17: warning: incompatible implicit declaration of built-in function 'sscanf' [-Wbuiltin-declaration-mismatch]
  381 |                 sscanf(fe_data, "%f", &dis);
      |                 ^~~~~~
../Core/Src/main.c:381:17: note: include '<stdio.h>' or provide a declaration of 'sscanf'
../Core/Src/main.c:383:23: warning: implicit declaration of function 'roundf' [-Wimplicit-function-declaration]
  383 |                 dis = roundf(dis * 100) / 100;
      |                       ^~~~~~
../Core/Src/main.c:24:1: note: include '<math.h>' or provide a declaration of 'roundf'
   23 | #include "gpio.h"
  +++ |+#include <math.h>
   24 | 
../Core/Src/main.c:383:23: warning: incompatible implicit declaration of built-in function 'roundf' [-Wbuiltin-declaration-mismatch]
  383 |                 dis = roundf(dis * 100) / 100;
      |                       ^~~~~~
../Core/Src/main.c:383:23: note: include '<math.h>' or provide a declaration of 'roundf'
../Core/Src/main.c:385:46: warning: passing argument 2 of 'HAL_UART_Receive_IT' from incompatible pointer type [-Wincompatible-pointer-types]
  385 |                 HAL_UART_Receive_IT(&huart1, &uwb_buf, 4);
      |                                              ^~~~~~~~
      |                                              |
      |                                              char (*)[4]
In file included from ../Core/Inc/stm32f1xx_hal_conf.h:338,
                 from ../Drivers/STM32F1xx_HAL_Driver/Inc/stm32f1xx_hal.h:29,
                 from ../Core/Inc/main.h:30,
                 from ../Core/Src/main.c:20:
../Drivers/STM32F1xx_HAL_Driver/Inc/stm32f1xx_hal_uart.h:752:75: note: expected 'uint8_t *' {aka 'unsigned char *'} but argument is of type 'char (*)[4]'
  752 | HAL_StatusTypeDef HAL_UART_Receive_IT(UART_HandleTypeDef *huart, uint8_t *pData, uint16_t Size);
      |                                                                  ~~~~~~~~~^~~~~
../Core/Src/main.c: In function 'main':
../Core/Src/main.c:497:32: warning: passing argument 2 of 'HAL_UART_Receive_IT' from incompatible pointer type [-Wincompatible-pointer-types]
  497 |   HAL_UART_Receive_IT(&huart1, &uwb_buf, 4);
      |                                ^~~~~~~~
      |                                |
      |                                char (*)[4]
../Drivers/STM32F1xx_HAL_Driver/Inc/stm32f1xx_hal_uart.h:752:75: note: expected 'uint8_t *' {aka 'unsigned char *'} but argument is of type 'char (*)[4]'
  752 | HAL_StatusTypeDef HAL_UART_Receive_IT(UART_HandleTypeDef *huart, uint8_t *pData, uint16_t Size);
      |                                                                  ~~~~~~~~~^~~~~
../Core/Src/main.c:544:15: warning: incompatible implicit declaration of built-in function 'sscanf' [-Wbuiltin-declaration-mismatch]
  544 |               sscanf(rx_buf, "%d/", &rx_theta);
      |               ^~~~~~
../Core/Src/main.c:544:15: note: include '<stdio.h>' or provide a declaration of 'sscanf'
arm-none-eabi-gcc -o "motor6.elf" @"objects.list"   -mcpu=cortex-m3 -T"D:\STM32\motor1\motor6\STM32F103RBTX_FLASH.ld" --specs=nosys.specs -Wl,-Map="motor6.map" -Wl,--gc-sections -static -u _scanf_float --specs=nano.specs -mfloat-abi=soft -mthumb -Wl,--start-group -lc -lm -Wl,--end-group
Finished building target: motor6.elf
 
arm-none-eabi-size  motor6.elf 
arm-none-eabi-objdump -h -S motor6.elf  > "motor6.list"
   text	   data	    bss	    dec	    hex	filename
  39964	    488	   2608	  43060	   a834	motor6.elf
Finished building: default.size.stdout
 
Finished building: motor6.list
 
15:37:51 **** Incremental Build of configuration Debug for project motor6 ****
make -j12 all 
arm-none-eabi-gcc "../Core/Src/main.c" -mcpu=cortex-m3 -std=gnu11 -g3 -DDEBUG -DUSE_HAL_DRIVER -DSTM32F103xB -c -I../Core/Inc -I../Drivers/STM32F1xx_HAL_Driver/Inc -I../Drivers/STM32F1xx_HAL_Driver/Inc/Legacy -I../Drivers/CMSIS/Device/ST/STM32F1xx/Include -I../Drivers/CMSIS/Include -O0 -ffunction-sections -fdata-sections -Wall -fstack-usage -fcyclomatic-complexity -MMD -MP -MF"Core/Src/main.d" -MT"Core/Src/main.o" --specs=nano.specs -mfloat-abi=soft -mthumb -o "Core/Src/main.o"
../Core/Src/main.c: In function 'HAL_UART_RxCpltCallback':
../Core/Src/main.c:381:17: warning: implicit declaration of function 'sscanf' [-Wimplicit-function-declaration]
  381 |                 sscanf(fe_data, "%f", &dis);
      |                 ^~~~~~
../Core/Src/main.c:24:1: note: include '<stdio.h>' or provide a declaration of 'sscanf'
   23 | #include "gpio.h"
  +++ |+#include <stdio.h>
   24 | 
../Core/Src/main.c:381:17: warning: incompatible implicit declaration of built-in function 'sscanf' [-Wbuiltin-declaration-mismatch]
  381 |                 sscanf(fe_data, "%f", &dis);
      |                 ^~~~~~
../Core/Src/main.c:381:17: note: include '<stdio.h>' or provide a declaration of 'sscanf'
../Core/Src/main.c:383:23: warning: implicit declaration of function 'roundf' [-Wimplicit-function-declaration]
  383 |                 dis = roundf(dis * 100) / 100;
      |                       ^~~~~~
../Core/Src/main.c:24:1: note: include '<math.h>' or provide a declaration of 'roundf'
   23 | #include "gpio.h"
  +++ |+#include <math.h>
   24 | 
../Core/Src/main.c:383:23: warning: incompatible implicit declaration of built-in function 'roundf' [-Wbuiltin-declaration-mismatch]
  383 |                 dis = roundf(dis * 100) / 100;
      |                       ^~~~~~
../Core/Src/main.c:383:23: note: include '<math.h>' or provide a declaration of 'roundf'
../Core/Src/main.c:385:46: warning: passing argument 2 of 'HAL_UART_Receive_IT' from incompatible pointer type [-Wincompatible-pointer-types]
  385 |                 HAL_UART_Receive_IT(&huart1, &uwb_buf, 4);
      |                                              ^~~~~~~~
      |                                              |
      |                                              char (*)[4]
In file included from ../Core/Inc/stm32f1xx_hal_conf.h:338,
                 from ../Drivers/STM32F1xx_HAL_Driver/Inc/stm32f1xx_hal.h:29,
                 from ../Core/Inc/main.h:30,
                 from ../Core/Src/main.c:20:
../Drivers/STM32F1xx_HAL_Driver/Inc/stm32f1xx_hal_uart.h:752:75: note: expected 'uint8_t *' {aka 'unsigned char *'} but argument is of type 'char (*)[4]'
  752 | HAL_StatusTypeDef HAL_UART_Receive_IT(UART_HandleTypeDef *huart, uint8_t *pData, uint16_t Size);
      |                                                                  ~~~~~~~~~^~~~~
../Core/Src/main.c: In function 'main':
../Core/Src/main.c:497:32: warning: passing argument 2 of 'HAL_UART_Receive_IT' from incompatible pointer type [-Wincompatible-pointer-types]
  497 |   HAL_UART_Receive_IT(&huart1, &uwb_buf, 4);
      |                                ^~~~~~~~
      |                                |
      |                                char (*)[4]
../Drivers/STM32F1xx_HAL_Driver/Inc/stm32f1xx_hal_uart.h:752:75: note: expected 'uint8_t *' {aka 'unsigned char *'} but argument is of type 'char (*)[4]'
  752 | HAL_StatusTypeDef HAL_UART_Receive_IT(UART_HandleTypeDef *huart, uint8_t *pData, uint16_t Size);
      |                                                                  ~~~~~~~~~^~~~~
../Core/Src/main.c:544:15: warning: incompatible implicit declaration of built-in function 'sscanf' [-Wbuiltin-declaration-mismatch]
  544 |               sscanf(rx_buf, "%d/", &rx_theta);
      |               ^~~~~~
../Core/Src/main.c:544:15: note: include '<stdio.h>' or provide a declaration of 'sscanf'
arm-none-eabi-gcc -o "motor6.elf" @"objects.list"   -mcpu=cortex-m3 -T"D:\STM32\motor1\motor6\STM32F103RBTX_FLASH.ld" --specs=nosys.specs -Wl,-Map="motor6.map" -Wl,--gc-sections -static -u _scanf_float --specs=nano.specs -mfloat-abi=soft -mthumb -Wl,--start-group -lc -lm -Wl,--end-group
Finished building target: motor6.elf
 
arm-none-eabi-size  motor6.elf 
arm-none-eabi-objdump -h -S motor6.elf  > "motor6.list"
   text	   data	    bss	    dec	    hex	filename
  39964	    488	   2608	  43060	   a834	motor6.elf
Finished building: default.size.stdout
 
Finished building: motor6.list
 
16:42:53 **** Incremental Build of configuration Debug for project motor6 ****
make -j12 all 
arm-none-eabi-gcc "../Core/Src/main.c" -mcpu=cortex-m3 -std=gnu11 -g3 -DDEBUG -DUSE_HAL_DRIVER -DSTM32F103xB -c -I../Core/Inc -I../Drivers/STM32F1xx_HAL_Driver/Inc -I../Drivers/STM32F1xx_HAL_Driver/Inc/Legacy -I../Drivers/CMSIS/Device/ST/STM32F1xx/Include -I../Drivers/CMSIS/Include -O0 -ffunction-sections -fdata-sections -Wall -fstack-usage -fcyclomatic-complexity -MMD -MP -MF"Core/Src/main.d" -MT"Core/Src/main.o" --specs=nano.specs -mfloat-abi=soft -mthumb -o "Core/Src/main.o"
../Core/Src/main.c: In function 'HAL_UART_RxCpltCallback':
../Core/Src/main.c:381:17: warning: implicit declaration of function 'sscanf' [-Wimplicit-function-declaration]
  381 |                 sscanf(fe_data, "%f", &dis);
      |                 ^~~~~~
../Core/Src/main.c:24:1: note: include '<stdio.h>' or provide a declaration of 'sscanf'
   23 | #include "gpio.h"
  +++ |+#include <stdio.h>
   24 | 
../Core/Src/main.c:381:17: warning: incompatible implicit declaration of built-in function 'sscanf' [-Wbuiltin-declaration-mismatch]
  381 |                 sscanf(fe_data, "%f", &dis);
      |                 ^~~~~~
../Core/Src/main.c:381:17: note: include '<stdio.h>' or provide a declaration of 'sscanf'
../Core/Src/main.c:383:23: warning: implicit declaration of function 'roundf' [-Wimplicit-function-declaration]
  383 |                 dis = roundf(dis * 100) / 100;
      |                       ^~~~~~
../Core/Src/main.c:24:1: note: include '<math.h>' or provide a declaration of 'roundf'
   23 | #include "gpio.h"
  +++ |+#include <math.h>
   24 | 
../Core/Src/main.c:383:23: warning: incompatible implicit declaration of built-in function 'roundf' [-Wbuiltin-declaration-mismatch]
  383 |                 dis = roundf(dis * 100) / 100;
      |                       ^~~~~~
../Core/Src/main.c:383:23: note: include '<math.h>' or provide a declaration of 'roundf'
../Core/Src/main.c:385:46: warning: passing argument 2 of 'HAL_UART_Receive_IT' from incompatible pointer type [-Wincompatible-pointer-types]
  385 |                 HAL_UART_Receive_IT(&huart1, &uwb_buf, 4);
      |                                              ^~~~~~~~
      |                                              |
      |                                              char (*)[4]
In file included from ../Core/Inc/stm32f1xx_hal_conf.h:338,
                 from ../Drivers/STM32F1xx_HAL_Driver/Inc/stm32f1xx_hal.h:29,
                 from ../Core/Inc/main.h:30,
                 from ../Core/Src/main.c:20:
../Drivers/STM32F1xx_HAL_Driver/Inc/stm32f1xx_hal_uart.h:752:75: note: expected 'uint8_t *' {aka 'unsigned char *'} but argument is of type 'char (*)[4]'
  752 | HAL_StatusTypeDef HAL_UART_Receive_IT(UART_HandleTypeDef *huart, uint8_t *pData, uint16_t Size);
      |                                                                  ~~~~~~~~~^~~~~
../Core/Src/main.c: In function 'main':
../Core/Src/main.c:497:32: warning: passing argument 2 of 'HAL_UART_Receive_IT' from incompatible pointer type [-Wincompatible-pointer-types]
  497 |   HAL_UART_Receive_IT(&huart1, &uwb_buf, 4);
      |                                ^~~~~~~~
      |                                |
      |                                char (*)[4]
../Drivers/STM32F1xx_HAL_Driver/Inc/stm32f1xx_hal_uart.h:752:75: note: expected 'uint8_t *' {aka 'unsigned char *'} but argument is of type 'char (*)[4]'
  752 | HAL_StatusTypeDef HAL_UART_Receive_IT(UART_HandleTypeDef *huart, uint8_t *pData, uint16_t Size);
      |                                                                  ~~~~~~~~~^~~~~
../Core/Src/main.c:544:15: warning: incompatible implicit declaration of built-in function 'sscanf' [-Wbuiltin-declaration-mismatch]
  544 |               sscanf(rx_buf, "%d/", &rx_theta);
      |               ^~~~~~
../Core/Src/main.c:544:15: note: include '<stdio.h>' or provide a declaration of 'sscanf'
arm-none-eabi-gcc -o "motor6.elf" @"objects.list"   -mcpu=cortex-m3 -T"D:\STM32\motor1\motor6\STM32F103RBTX_FLASH.ld" --specs=nosys.specs -Wl,-Map="motor6.map" -Wl,--gc-sections -static -u _scanf_float --specs=nano.specs -mfloat-abi=soft -mthumb -Wl,--start-group -lc -lm -Wl,--end-group
Finished building target: motor6.elf
 
arm-none-eabi-size  motor6.elf 
arm-none-eabi-objdump -h -S motor6.elf  > "motor6.list"
   text	   data	    bss	    dec	    hex	filename
  39972	    488	   2608	  43068	   a83c	motor6.elf
Finished building: default.size.stdout
 
Finished building: motor6.list
 
16:52:18 **** Incremental Build of configuration Debug for project motor6 ****
make -j12 all 
arm-none-eabi-size  motor6.elf 
   text	   data	    bss	    dec	    hex	filename
  39972	    488	   2608	  43068	   a83c	motor6.elf
Finished building: default.size.stdout
 
17:03:34 **** Incremental Build of configuration Debug for project motor6 ****
make -j12 all 
arm-none-eabi-gcc "../Core/Src/main.c" -mcpu=cortex-m3 -std=gnu11 -g3 -DDEBUG -DUSE_HAL_DRIVER -DSTM32F103xB -c -I../Core/Inc -I../Drivers/STM32F1xx_HAL_Driver/Inc -I../Drivers/STM32F1xx_HAL_Driver/Inc/Legacy -I../Drivers/CMSIS/Device/ST/STM32F1xx/Include -I../Drivers/CMSIS/Include -O0 -ffunction-sections -fdata-sections -Wall -fstack-usage -fcyclomatic-complexity -MMD -MP -MF"Core/Src/main.d" -MT"Core/Src/main.o" --specs=nano.specs -mfloat-abi=soft -mthumb -o "Core/Src/main.o"
../Core/Src/main.c: In function 'HAL_UART_RxCpltCallback':
../Core/Src/main.c:381:17: warning: implicit declaration of function 'sscanf' [-Wimplicit-function-declaration]
  381 |                 sscanf(fe_data, "%f", &dis);
      |                 ^~~~~~
../Core/Src/main.c:24:1: note: include '<stdio.h>' or provide a declaration of 'sscanf'
   23 | #include "gpio.h"
  +++ |+#include <stdio.h>
   24 | 
../Core/Src/main.c:381:17: warning: incompatible implicit declaration of built-in function 'sscanf' [-Wbuiltin-declaration-mismatch]
  381 |                 sscanf(fe_data, "%f", &dis);
      |                 ^~~~~~
../Core/Src/main.c:381:17: note: include '<stdio.h>' or provide a declaration of 'sscanf'
../Core/Src/main.c:383:23: warning: implicit declaration of function 'roundf' [-Wimplicit-function-declaration]
  383 |                 dis = roundf(dis * 100) / 100;
      |                       ^~~~~~
../Core/Src/main.c:24:1: note: include '<math.h>' or provide a declaration of 'roundf'
   23 | #include "gpio.h"
  +++ |+#include <math.h>
   24 | 
../Core/Src/main.c:383:23: warning: incompatible implicit declaration of built-in function 'roundf' [-Wbuiltin-declaration-mismatch]
  383 |                 dis = roundf(dis * 100) / 100;
      |                       ^~~~~~
../Core/Src/main.c:383:23: note: include '<math.h>' or provide a declaration of 'roundf'
../Core/Src/main.c:385:46: warning: passing argument 2 of 'HAL_UART_Receive_IT' from incompatible pointer type [-Wincompatible-pointer-types]
  385 |                 HAL_UART_Receive_IT(&huart1, &uwb_buf, 4);
      |                                              ^~~~~~~~
      |                                              |
      |                                              char (*)[4]
In file included from ../Core/Inc/stm32f1xx_hal_conf.h:338,
                 from ../Drivers/STM32F1xx_HAL_Driver/Inc/stm32f1xx_hal.h:29,
                 from ../Core/Inc/main.h:30,
                 from ../Core/Src/main.c:20:
../Drivers/STM32F1xx_HAL_Driver/Inc/stm32f1xx_hal_uart.h:752:75: note: expected 'uint8_t *' {aka 'unsigned char *'} but argument is of type 'char (*)[4]'
  752 | HAL_StatusTypeDef HAL_UART_Receive_IT(UART_HandleTypeDef *huart, uint8_t *pData, uint16_t Size);
      |                                                                  ~~~~~~~~~^~~~~
../Core/Src/main.c: In function 'main':
../Core/Src/main.c:497:32: warning: passing argument 2 of 'HAL_UART_Receive_IT' from incompatible pointer type [-Wincompatible-pointer-types]
  497 |   HAL_UART_Receive_IT(&huart1, &uwb_buf, 4);
      |                                ^~~~~~~~
      |                                |
      |                                char (*)[4]
../Drivers/STM32F1xx_HAL_Driver/Inc/stm32f1xx_hal_uart.h:752:75: note: expected 'uint8_t *' {aka 'unsigned char *'} but argument is of type 'char (*)[4]'
  752 | HAL_StatusTypeDef HAL_UART_Receive_IT(UART_HandleTypeDef *huart, uint8_t *pData, uint16_t Size);
      |                                                                  ~~~~~~~~~^~~~~
../Core/Src/main.c:544:15: warning: incompatible implicit declaration of built-in function 'sscanf' [-Wbuiltin-declaration-mismatch]
  544 |               sscanf(rx_buf, "%d/", &rx_theta);
      |               ^~~~~~
../Core/Src/main.c:544:15: note: include '<stdio.h>' or provide a declaration of 'sscanf'
arm-none-eabi-gcc -o "motor6.elf" @"objects.list"   -mcpu=cortex-m3 -T"D:\STM32\motor1\motor6\STM32F103RBTX_FLASH.ld" --specs=nosys.specs -Wl,-Map="motor6.map" -Wl,--gc-sections -static -u _scanf_float --specs=nano.specs -mfloat-abi=soft -mthumb -Wl,--start-group -lc -lm -Wl,--end-group
Finished building target: motor6.elf
 
arm-none-eabi-size  motor6.elf 
arm-none-eabi-objdump -h -S motor6.elf  > "motor6.list"
   text	   data	    bss	    dec	    hex	filename
  39948	    488	   2608	  43044	   a824	motor6.elf
Finished building: default.size.stdout
 
Finished building: motor6.list
 
17:33:15 **** Incremental Build of configuration Debug for project motor6 ****
make -j12 all 
arm-none-eabi-gcc "../Core/Src/main.c" -mcpu=cortex-m3 -std=gnu11 -g3 -DDEBUG -DUSE_HAL_DRIVER -DSTM32F103xB -c -I../Core/Inc -I../Drivers/STM32F1xx_HAL_Driver/Inc -I../Drivers/STM32F1xx_HAL_Driver/Inc/Legacy -I../Drivers/CMSIS/Device/ST/STM32F1xx/Include -I../Drivers/CMSIS/Include -O0 -ffunction-sections -fdata-sections -Wall -fstack-usage -fcyclomatic-complexity -MMD -MP -MF"Core/Src/main.d" -MT"Core/Src/main.o" --specs=nano.specs -mfloat-abi=soft -mthumb -o "Core/Src/main.o"
../Core/Src/main.c: In function 'HAL_UART_RxCpltCallback':
../Core/Src/main.c:381:17: warning: implicit declaration of function 'sscanf' [-Wimplicit-function-declaration]
  381 |                 sscanf(fe_data, "%f", &dis);
      |                 ^~~~~~
../Core/Src/main.c:24:1: note: include '<stdio.h>' or provide a declaration of 'sscanf'
   23 | #include "gpio.h"
  +++ |+#include <stdio.h>
   24 | 
../Core/Src/main.c:381:17: warning: incompatible implicit declaration of built-in function 'sscanf' [-Wbuiltin-declaration-mismatch]
  381 |                 sscanf(fe_data, "%f", &dis);
      |                 ^~~~~~
../Core/Src/main.c:381:17: note: include '<stdio.h>' or provide a declaration of 'sscanf'
../Core/Src/main.c:383:23: warning: implicit declaration of function 'roundf' [-Wimplicit-function-declaration]
  383 |                 dis = roundf(dis * 100) / 100;
      |                       ^~~~~~
../Core/Src/main.c:24:1: note: include '<math.h>' or provide a declaration of 'roundf'
   23 | #include "gpio.h"
  +++ |+#include <math.h>
   24 | 
../Core/Src/main.c:383:23: warning: incompatible implicit declaration of built-in function 'roundf' [-Wbuiltin-declaration-mismatch]
  383 |                 dis = roundf(dis * 100) / 100;
      |                       ^~~~~~
../Core/Src/main.c:383:23: note: include '<math.h>' or provide a declaration of 'roundf'
../Core/Src/main.c:385:46: warning: passing argument 2 of 'HAL_UART_Receive_IT' from incompatible pointer type [-Wincompatible-pointer-types]
  385 |                 HAL_UART_Receive_IT(&huart1, &uwb_buf, 4);
      |                                              ^~~~~~~~
      |                                              |
      |                                              char (*)[4]
In file included from ../Core/Inc/stm32f1xx_hal_conf.h:338,
                 from ../Drivers/STM32F1xx_HAL_Driver/Inc/stm32f1xx_hal.h:29,
                 from ../Core/Inc/main.h:30,
                 from ../Core/Src/main.c:20:
../Drivers/STM32F1xx_HAL_Driver/Inc/stm32f1xx_hal_uart.h:752:75: note: expected 'uint8_t *' {aka 'unsigned char *'} but argument is of type 'char (*)[4]'
  752 | HAL_StatusTypeDef HAL_UART_Receive_IT(UART_HandleTypeDef *huart, uint8_t *pData, uint16_t Size);
      |                                                                  ~~~~~~~~~^~~~~
../Core/Src/main.c: In function 'main':
../Core/Src/main.c:497:32: warning: passing argument 2 of 'HAL_UART_Receive_IT' from incompatible pointer type [-Wincompatible-pointer-types]
  497 |   HAL_UART_Receive_IT(&huart1, &uwb_buf, 4);
      |                                ^~~~~~~~
      |                                |
      |                                char (*)[4]
../Drivers/STM32F1xx_HAL_Driver/Inc/stm32f1xx_hal_uart.h:752:75: note: expected 'uint8_t *' {aka 'unsigned char *'} but argument is of type 'char (*)[4]'
  752 | HAL_StatusTypeDef HAL_UART_Receive_IT(UART_HandleTypeDef *huart, uint8_t *pData, uint16_t Size);
      |                                                                  ~~~~~~~~~^~~~~
../Core/Src/main.c:544:15: warning: incompatible implicit declaration of built-in function 'sscanf' [-Wbuiltin-declaration-mismatch]
  544 |               sscanf(rx_buf, "%d/", &rx_theta);
      |               ^~~~~~
../Core/Src/main.c:544:15: note: include '<stdio.h>' or provide a declaration of 'sscanf'
arm-none-eabi-gcc -o "motor6.elf" @"objects.list"   -mcpu=cortex-m3 -T"D:\STM32\motor1\motor6\STM32F103RBTX_FLASH.ld" --specs=nosys.specs -Wl,-Map="motor6.map" -Wl,--gc-sections -static -u _scanf_float --specs=nano.specs -mfloat-abi=soft -mthumb -Wl,--start-group -lc -lm -Wl,--end-group
Finished building target: motor6.elf
 
arm-none-eabi-size  motor6.elf 
arm-none-eabi-objdump -h -S motor6.elf  > "motor6.list"
   text	   data	    bss	    dec	    hex	filename
  39932	    488	   2608	  43028	   a814	motor6.elf
Finished building: default.size.stdout
 
Finished building: motor6.list
 
18:28:47 **** Incremental Build of configuration Debug for project motor6 ****
make -j12 all 
arm-none-eabi-size  motor6.elf 
   text	   data	    bss	    dec	    hex	filename
  39932	    488	   2608	  43028	   a814	motor6.elf
Finished building: default.size.stdout
 
