13:45:39 **** Build of configuration Debug for project motor2 ****
make -j12 all 
arm-none-eabi-gcc "../Core/Src/main.c" -mcpu=cortex-m3 -std=gnu11 -g3 -DDEBUG -DUSE_HAL_DRIVER -DSTM32F103xB -c -I../Core/Inc -I../Drivers/STM32F1xx_HAL_Driver/Inc -I../Drivers/STM32F1xx_HAL_Driver/Inc/Legacy -I../Drivers/CMSIS/Device/ST/STM32F1xx/Include -I../Drivers/CMSIS/Include -O0 -ffunction-sections -fdata-sections -Wall -fstack-usage -fcyclomatic-complexity -MMD -MP -MF"Core/Src/main.d" -MT"Core/Src/main.o" --specs=nano.specs -mfloat-abi=soft -mthumb -o "Core/Src/main.o"
../Core/Src/main.c: In function 'HAL_UART_RxCpltCallback':
../Core/Src/main.c:102:17: warning: implicit declaration of function 'sscanf' [-Wimplicit-function-declaration]
  102 |                 sscanf(fe_data, "%f", &dis);
      |                 ^~~~~~
../Core/Src/main.c:25:1: note: include '<stdio.h>' or provide a declaration of 'sscanf'
   24 | #include "string.h"
  +++ |+#include <stdio.h>
   25 | 
../Core/Src/main.c:102:17: warning: incompatible implicit declaration of built-in function 'sscanf' [-Wbuiltin-declaration-mismatch]
  102 |                 sscanf(fe_data, "%f", &dis);
      |                 ^~~~~~
../Core/Src/main.c:102:17: note: include '<stdio.h>' or provide a declaration of 'sscanf'
../Core/Src/main.c:159:46: warning: passing argument 2 of 'HAL_UART_Receive_IT' from incompatible pointer type [-Wincompatible-pointer-types]
  159 |                 HAL_UART_Receive_IT(&huart1, &uwb_buf, 4);
      |                                              ^~~~~~~~
      |                                              |
      |                                              char (*)[4]
In file included from ../Core/Inc/stm32f1xx_hal_conf.h:338,
                 from ../Drivers/STM32F1xx_HAL_Driver/Inc/stm32f1xx_hal.h:29,
                 from ../Core/Inc/main.h:30,
                 from ../Core/Src/main.c:20:
../Drivers/STM32F1xx_HAL_Driver/Inc/stm32f1xx_hal_uart.h:752:75: note: expected 'uint8_t *' {aka 'unsigned char *'} but argument is of type 'char (*)[4]'
  752 | HAL_StatusTypeDef HAL_UART_Receive_IT(UART_HandleTypeDef *huart, uint8_t *pData, uint16_t Size);
      |                                                                  ~~~~~~~~~^~~~~
../Core/Src/main.c: In function 'main':
../Core/Src/main.c:203:32: warning: passing argument 2 of 'HAL_UART_Receive_IT' from incompatible pointer type [-Wincompatible-pointer-types]
  203 |   HAL_UART_Receive_IT(&huart1, &uwb_buf, 4);
      |                                ^~~~~~~~
      |                                |
      |                                char (*)[4]
../Drivers/STM32F1xx_HAL_Driver/Inc/stm32f1xx_hal_uart.h:752:75: note: expected 'uint8_t *' {aka 'unsigned char *'} but argument is of type 'char (*)[4]'
  752 | HAL_StatusTypeDef HAL_UART_Receive_IT(UART_HandleTypeDef *huart, uint8_t *pData, uint16_t Size);
      |                                                                  ~~~~~~~~~^~~~~
arm-none-eabi-gcc -o "motor2.elf" @"objects.list"   -mcpu=cortex-m3 -T"D:\STM32\motor1\motor2\STM32F103RBTX_FLASH.ld" --specs=nosys.specs -Wl,-Map="motor2.map" -Wl,--gc-sections -static -u _scanf_float --specs=nano.specs -mfloat-abi=soft -mthumb -Wl,--start-group -lc -lm -Wl,--end-group
Finished building target: motor2.elf
 
arm-none-eabi-size  motor2.elf 
arm-none-eabi-objdump -h -S motor2.elf  > "motor2.list"
   text	   data	    bss	    dec	    hex	filename
  33860	    468	   2212	  36540	   8ebc	motor2.elf
Finished building: default.size.stdout
 
Finished building: motor2.list
 

13:45:42 Build Finished. 0 errors, 4 warnings. (took 2s.393ms)

