../Core/Src/main.c:123:6:HAL_TIM_PeriodElapsedCallback	16	static
../Core/Src/main.c:198:6:HAL_TIM_IC_CaptureCallback	16	static
../Core/Src/main.c:369:6:HAL_UART_RxCpltCallback	24	static
../Core/Src/main.c:405:6:HCSR04_Read1	8	static
../Core/Src/main.c:412:6:HCSR04_Read2	8	static
../Core/Src/main.c:419:6:HCSR04_Read3	8	static
../Core/Src/main.c:425:6:HCSR04_Read4	8	static
../Core/Src/main.c:431:6:HCSR04_Read5	8	static
../Core/Src/main.c:438:7:d_w	16	static
../Core/Src/main.c:452:5:main	16	static
../Core/Src/main.c:630:6:SystemClock_Config	72	static
../Core/Src/main.c:673:6:Error_Handler	4	static,ignoring_inline_asm
