../Core/Src/main.c:125:6:HAL_TIM_PeriodElapsedCallback	16	static
../Core/Src/main.c:200:6:HAL_TIM_IC_CaptureCallback	16	static
../Core/Src/main.c:371:6:HAL_UART_RxCpltCallback	24	static
../Core/Src/main.c:407:6:HCSR04_Read1	8	static
../Core/Src/main.c:414:6:HCSR04_Read2	8	static
../Core/Src/main.c:421:6:HCSR04_Read3	8	static
../Core/Src/main.c:427:6:HCSR04_Read4	8	static
../Core/Src/main.c:433:6:HCSR04_Read5	8	static
../Core/Src/main.c:440:7:d_w	16	static
../Core/Src/main.c:454:5:main	16	static
../Core/Src/main.c:624:6:SystemClock_Config	72	static
../Core/Src/main.c:667:6:Error_Handler	4	static,ignoring_inline_asm
