21:40:53 **** Incremental Build of configuration Debug for project test3 ****
make -j12 all 
arm-none-eabi-gcc "../Core/Src/main.c" -mcpu=cortex-m3 -std=gnu11 -g3 -DDEBUG -DUSE_HAL_DRIVER -DSTM32F103xB -c -I../Core/Inc -I../Drivers/STM32F1xx_HAL_Driver/Inc -I../Drivers/STM32F1xx_HAL_Driver/Inc/Legacy -I../Drivers/CMSIS/Device/ST/STM32F1xx/Include -I../Drivers/CMSIS/Include -O0 -ffunction-sections -fdata-sections -Wall -fstack-usage -fcyclomatic-complexity -MMD -MP -MF"Core/Src/main.d" -MT"Core/Src/main.o" --specs=nano.specs -mfloat-abi=soft -mthumb -o "Core/Src/main.o"
arm-none-eabi-gcc -o "test3.elf" @"objects.list"   -mcpu=cortex-m3 -T"C:\STM32\test3\test3\STM32F103RBTX_FLASH.ld" --specs=nosys.specs -Wl,-Map="test3.map" -Wl,--gc-sections -static --specs=nano.specs -mfloat-abi=soft -mthumb -Wl,--start-group -lc -lm -Wl,--end-group
Finished building target: test3.elf
 
arm-none-eabi-size  test3.elf 
arm-none-eabi-objdump -h -S test3.elf  > "test3.list"
   text	   data	    bss	    dec	    hex	filename
  13552	     12	   1836	  15400	   3c28	test3.elf
Finished building: default.size.stdout
 
Finished building: test3.list
 

21:40:53 Build Finished. 0 errors, 0 warnings. (took 778ms)

